Archive member included to satisfy reference by file (symbol)

C:\Users\Saurav\Desktop\Eclipse 2019\Workspace\rodos\Debug_STM32F4\librodos.a(debug.o)
                              ./DockingEPSTestings.o (RODOS::PRINTF(char const*, ...))
C:\Users\Saurav\Desktop\Eclipse 2019\Workspace\rodos\Debug_STM32F4\librodos.a(printfverbosity.o)
                              C:\Users\Saurav\Desktop\Eclipse 2019\Workspace\rodos\Debug_STM32F4\librodos.a(debug.o) (printfVerbosity)
C:\Users\Saurav\Desktop\Eclipse 2019\Workspace\rodos\Debug_STM32F4\librodos.a(string_pico.o)
                              ./DockingEPSTestings.o (operator delete(void*, unsigned int))
C:\Users\Saurav\Desktop\Eclipse 2019\Workspace\rodos\Debug_STM32F4\librodos.a(yprintf.o)
                              C:\Users\Saurav\Desktop\Eclipse 2019\Workspace\rodos\Debug_STM32F4\librodos.a(debug.o) (RODOS::Yprintf::vaprintf(char const*))
C:\Users\Saurav\Desktop\Eclipse 2019\Workspace\rodos\Debug_STM32F4\librodos.a(call_constructors.o)
                              ./DockingEPSTestings.o (__dso_handle)
C:\Users\Saurav\Desktop\Eclipse 2019\Workspace\rodos\Debug_STM32F4\librodos.a(startup_stm32f4xx.o)
                              (Reset_Handler)
C:\Users\Saurav\Desktop\Eclipse 2019\Workspace\rodos\Debug_STM32F4\librodos.a(hal_gpio.o)
                              ./DockingEPSTestings.o (RODOS::HAL_GPIO::HAL_GPIO(RODOS::GPIO_PIN))
C:\Users\Saurav\Desktop\Eclipse 2019\Workspace\rodos\Debug_STM32F4\librodos.a(hal_pwm.o)
                              ./DockingEPSTestings.o (RODOS::HAL_PWM::HAL_PWM(RODOS::PWM_IDX))
C:\Users\Saurav\Desktop\Eclipse 2019\Workspace\rodos\Debug_STM32F4\librodos.a(stm32f4xx_gpio.o)
                              C:\Users\Saurav\Desktop\Eclipse 2019\Workspace\rodos\Debug_STM32F4\librodos.a(hal_gpio.o) (GPIO_Init)
C:\Users\Saurav\Desktop\Eclipse 2019\Workspace\rodos\Debug_STM32F4\librodos.a(stm32f4xx_rcc.o)
                              C:\Users\Saurav\Desktop\Eclipse 2019\Workspace\rodos\Debug_STM32F4\librodos.a(hal_pwm.o) (RCC_GetClocksFreq)
C:\Users\Saurav\Desktop\Eclipse 2019\Workspace\rodos\Debug_STM32F4\librodos.a(stm32f4xx_syscfg.o)
                              C:\Users\Saurav\Desktop\Eclipse 2019\Workspace\rodos\Debug_STM32F4\librodos.a(hal_gpio.o) (SYSCFG_EXTILineConfig)
C:\Users\Saurav\Desktop\Eclipse 2019\Workspace\rodos\Debug_STM32F4\librodos.a(stm32f4xx_tim.o)
                              C:\Users\Saurav\Desktop\Eclipse 2019\Workspace\rodos\Debug_STM32F4\librodos.a(hal_pwm.o) (TIM_DeInit)
C:\Users\Saurav\Desktop\Eclipse 2019\Workspace\rodos\Debug_STM32F4\librodos.a(stm32xxx_it.o)
                              C:\Users\Saurav\Desktop\Eclipse 2019\Workspace\rodos\Debug_STM32F4\librodos.a(startup_stm32f4xx.o) (WWDG_IRQHandlerFunc)
C:\Users\Saurav\Desktop\Eclipse 2019\Workspace\rodos\Debug_STM32F4\librodos.a(syscalls.o)
                              C:\Users\Saurav\Desktop\Eclipse 2019\Workspace\rodos\Debug_STM32F4\librodos.a(debug.o) (putchar)
C:\Users\Saurav\Desktop\Eclipse 2019\Workspace\rodos\Debug_STM32F4\librodos.a(system_stm32f4xx.o)
                              C:\Users\Saurav\Desktop\Eclipse 2019\Workspace\rodos\Debug_STM32F4\librodos.a(startup_stm32f4xx.o) (SystemInit)
C:\Users\Saurav\Desktop\Eclipse 2019\Workspace\rodos\Debug_STM32F4\librodos.a(scheduler.o)
                              C:\Users\Saurav\Desktop\Eclipse 2019\Workspace\rodos\Debug_STM32F4\librodos.a(debug.o) (RODOS::Scheduler::isSchedulerRunning())
C:\Users\Saurav\Desktop\Eclipse 2019\Workspace\rodos\Debug_STM32F4\librodos.a(semaphore.o)
                              C:\Users\Saurav\Desktop\Eclipse 2019\Workspace\rodos\Debug_STM32F4\librodos.a(debug.o) (RODOS::Semaphore::Semaphore())
C:\Users\Saurav\Desktop\Eclipse 2019\Workspace\rodos\Debug_STM32F4\librodos.a(thread_on_hw.o)
                              ./DockingEPSTestings.o (RODOS::Thread::Thread(char const*, long, long))
C:\Users\Saurav\Desktop\Eclipse 2019\Workspace\rodos\Debug_STM32F4\librodos.a(00globalobjects.o)
                              C:\Users\Saurav\Desktop\Eclipse 2019\Workspace\rodos\Debug_STM32F4\librodos.a(scheduler.o) (RODOS::Thread::currentThread)
C:\Users\Saurav\Desktop\Eclipse 2019\Workspace\rodos\Debug_STM32F4\librodos.a(genericIO.o)
                              C:\Users\Saurav\Desktop\Eclipse 2019\Workspace\rodos\Debug_STM32F4\librodos.a(hal_gpio.o) (RODOS::GenericIOInterface::GenericIOInterface())
C:\Users\Saurav\Desktop\Eclipse 2019\Workspace\rodos\Debug_STM32F4\librodos.a(globaldata.o)
                              C:\Users\Saurav\Desktop\Eclipse 2019\Workspace\rodos\Debug_STM32F4\librodos.a(thread_on_hw.o) (RODOS::idleCnt)
C:\Users\Saurav\Desktop\Eclipse 2019\Workspace\rodos\Debug_STM32F4\librodos.a(listelement.o)
                              C:\Users\Saurav\Desktop\Eclipse 2019\Workspace\rodos\Debug_STM32F4\librodos.a(thread_on_hw.o) (RODOS::ListElement::ListElement(RODOS::ListElement*&, char const*, void*))
[...]
Memory Configuration

Name             Origin             Length             Attributes
FLASH            0x08000000         0x00100000         xr
RAM              0x20000000         0x00020000         xrw
CCMRAM           0x10000000         0x00010000         xrw
MEMORY_B1        0x60000000         0x00000000         xr
*default*        0x00000000         0xffffffff

Linker script and memory map

LOAD ./DockingEPSTestings.o
LOAD ./HelloWorld_Templeate.o
LOAD C:\Users\Saurav\Desktop\Eclipse 2019\Workspace\rodos\Debug_STM32F4\librodos.a
LOAD C:\Users\Saurav\Desktop\Eclipse 2019\Workspace\support_libs\Debug_STM32F4\libsupport.a
LOAD c:/users/saurav/desktop/eclipse 2019/gnu tools arm embedded/bin/../lib/gcc/arm-none-eabi/8.3.1/../../../../arm-none-eabi/lib/thumb/v7e-m+fp/softfp\libm.a
                0x20020000                _estack = 0x20020000
                0x00001000                _Min_Heap_Size = 0x1000
                0x00000400                _Min_Stack_Size = 0x400

.isr_vector     0x08000000      0x18c
                0x08000000                . = ALIGN (0x4)
                0x08000000                _image_address = .
 *(.isr_vector)
 .isr_vector    0x08000000      0x18c C:\Users\Saurav\Desktop\Eclipse 2019\Workspace\rodos\Debug_STM32F4\librodos.a(startup_stm32f4xx.o)
                0x08000000                g_pfnVectors
                0x0800018c                . = ALIGN (0x4)

.text           0x08000190     0x9444
                0x08000190                . = ALIGN (0x4)
 *(.text)
 .text          0x08000190      0x378 c:/users/saurav/desktop/eclipse 2019/gnu tools arm embedded/bin/../lib/gcc/arm-none-eabi/8.3.1/thumb/v7e-m+fp/softfp\libgcc.a(_arm_addsubdf3.o)
                0x08000190                __aeabi_drsub
                0x08000198                __aeabi_dsub
                0x08000198                __subdf3
                0x0800019c                __aeabi_dadd
                0x0800019c                __adddf3
                0x08000414                __floatunsidf
                0x08000414                __aeabi_ui2d
                0x08000434                __floatsidf
                0x08000434                __aeabi_i2d
                0x08000458                __aeabi_f2d
                0x08000458                __extendsfdf2
                0x0800049c                __floatundidf
                0x0800049c                __aeabi_ul2d
                0x080004ac                __floatdidf
                0x080004ac                __aeabi_l2d
 .text          0x08000508      0x424 c:/users/saurav/desktop/eclipse 2019/gnu tools arm embedded/bin/../lib/gcc/arm-none-eabi/8.3.1/thumb/v7e-m+fp/softfp\libgcc.a(_arm_muldivdf3.o)
                0x08000508                __aeabi_dmul
                0x08000508                __muldf3
                0x0800075c                __divdf3
                0x0800075c                __aeabi_ddiv
 .text          0x0800092c      0x110 c:/users/saurav/desktop/eclipse 2019/gnu tools arm embedded/bin/../lib/gcc/arm-none-eabi/8.3.1/thumb/v7e-m+fp/softfp\libgcc.a(_arm_cmpdf2.o)
                0x0800092c                __gtdf2
                0x0800092c                __gedf2
                0x08000934                __ltdf2
                0x08000934                __ledf2
                0x0800093c                __nedf2
                0x0800093c                __eqdf2
                0x0800093c                __cmpdf2
                0x080009b8                __aeabi_cdrcmple
                0x080009c8                __aeabi_cdcmpeq
                0x080009c8                __aeabi_cdcmple
                0x080009d8                __aeabi_dcmpeq
                0x080009ec                __aeabi_dcmplt
                0x08000a00                __aeabi_dcmple
                0x08000a14                __aeabi_dcmpge
                0x08000a28                __aeabi_dcmpgt
 .text          0x08000a3c       0x40 c:/users/saurav/desktop/eclipse 2019/gnu tools arm embedded/bin/../lib/gcc/arm-none-eabi/8.3.1/thumb/v7e-m+fp/softfp\libgcc.a(_arm_fixunsdfsi.o)
                0x08000a3c                __aeabi_d2uiz
                0x08000a3c                __fixunsdfsi
 .text          0x08000a7c       0xa0 c:/users/saurav/desktop/eclipse 2019/gnu tools arm embedded/bin/../lib/gcc/arm-none-eabi/8.3.1/thumb/v7e-m+fp/softfp\libgcc.a(_aeabi_ldivmod.o)
                0x08000a7c                __aeabi_ldivmod
 .text          0x08000b1c       0x30 c:/users/saurav/desktop/eclipse 2019/gnu tools arm embedded/bin/../lib/gcc/arm-none-eabi/8.3.1/thumb/v7e-m+fp/softfp\libgcc.a(_aeabi_uldivmod.o)
                0x08000b1c                __aeabi_uldivmod
 .text          0x08000b4c       0x30 c:/users/saurav/desktop/eclipse 2019/gnu tools arm embedded/bin/../lib/gcc/arm-none-eabi/8.3.1/thumb/v7e-m+fp/softfp\libgcc.a(_fixdfdi.o)
                0x08000b4c                __fixdfdi
                0x08000b4c                __aeabi_d2lz
 .text          0x08000b7c       0x3c c:/users/saurav/desktop/eclipse 2019/gnu tools arm embedded/bin/../lib/gcc/arm-none-eabi/8.3.1/thumb/v7e-m+fp/softfp\libgcc.a(_fixunsdfdi.o)
                0x08000b7c                __fixunsdfdi
                0x08000b7c                __aeabi_d2ulz
 .text          0x08000bb8      0x2d0 c:/users/saurav/desktop/eclipse 2019/gnu tools arm embedded/bin/../lib/gcc/arm-none-eabi/8.3.1/thumb/v7e-m+fp/softfp\libgcc.a(_udivmoddi4.o)
                0x08000bb8                __udivmoddi4
 .text          0x08000e88        0x4 c:/users/saurav/desktop/eclipse 2019/gnu tools arm embedded/bin/../lib/gcc/arm-none-eabi/8.3.1/thumb/v7e-m+fp/softfp\libgcc.a(_dvmd_tls.o)
                0x08000e88                __aeabi_idiv0
                0x08000e88                __aeabi_ldiv0
 *(.text*)
 .text._ZN10DockingEPS4initEv
                0x08000e8c       0xf8 ./DockingEPSTestings.o
                0x08000e8c                DockingEPS::init()
 .text._ZN10DockingEPS3runEv
                0x08000f84       0x14 ./DockingEPSTestings.o
                0x08000f84                DockingEPS::run()
 .text._ZN10DockingEPSC2Ev
                0x08000f98       0x30 ./DockingEPSTestings.o
                0x08000f98                DockingEPS::DockingEPS()
                0x08000f98                DockingEPS::DockingEPS()
 .text._ZN10DockingEPSD2Ev
                0x08000fc8       0x24 ./DockingEPSTestings.o
                0x08000fc8                DockingEPS::~DockingEPS()
                0x08000fc8                DockingEPS::~DockingEPS()
 .text._ZN10DockingEPSD0Ev
                0x08000fec       0x20 ./DockingEPSTestings.o
                0x08000fec                DockingEPS::~DockingEPS()
 .text._Z41__static_initialization_and_destruction_0ii
                0x0800100c       0xc4 ./DockingEPSTestings.o
 .text._GLOBAL__sub_I_EPS1_EN
                0x080010d0       0x10 ./DockingEPSTestings.o
 .text._ZN5RODOS6Thread4initEv
                0x080010e0       0x14 ./HelloWorld_Templeate.o
                0x080010e0                RODOS::Thread::init()
 .text._ZN10HelloWorld3runEv
                0x080010f4       0x1c ./HelloWorld_Templeate.o
                0x080010f4                HelloWorld::run()
 .text._ZN10HelloWorldC2Ev
                0x08001110       0x30 ./HelloWorld_Templeate.o
                0x08001110                HelloWorld::HelloWorld()
                0x08001110                HelloWorld::HelloWorld()
 .text._ZN10HelloWorldD2Ev
                0x08001140       0x24 ./HelloWorld_Templeate.o
                0x08001140                HelloWorld::~HelloWorld()
                0x08001140                HelloWorld::~HelloWorld()
 .text._ZN10HelloWorldD0Ev
                0x08001164       0x20 ./HelloWorld_Templeate.o
                0x08001164                HelloWorld::~HelloWorld()
 .text._Z41__static_initialization_and_destruction_0ii
                0x08001184       0x40 ./HelloWorld_Templeate.o
 .text._GLOBAL__sub_I_HelloWorld_obj
                0x080011c4       0x10 ./HelloWorld_Templeate.o
 .text._ZN5RODOS7YprintfD2Ev
                0x080011d4       0x20 C:\Users\Saurav\Desktop\Eclipse 2019\Workspace\rodos\Debug_STM32F4\librodos.a(debug.o)
                0x080011d4                RODOS::Yprintf::~Yprintf()
                0x080011d4                RODOS::Yprintf::~Yprintf()
 .text._ZN5RODOS7YprintfD0Ev
                0x080011f4       0x20 C:\Users\Saurav\Desktop\Eclipse 2019\Workspace\rodos\Debug_STM32F4\librodos.a(debug.o)
                0x080011f4                RODOS::Yprintf::~Yprintf()
 .text._ZN5RODOS7Yprintf5yputcEc
                0x08001214       0x1e C:\Users\Saurav\Desktop\Eclipse 2019\Workspace\rodos\Debug_STM32F4\librodos.a(debug.o)
                0x08001214                RODOS::Yprintf::yputc(char)
 *fill*         0x08001232        0x2 
 .text._ZN5RODOS7YprintfC2Ev
                0x08001234       0x20 C:\Users\Saurav\Desktop\Eclipse 2019\Workspace\rodos\Debug_STM32F4\librodos.a(debug.o)
                0x08001234                RODOS::Yprintf::Yprintf()
                0x08001234                RODOS::Yprintf::Yprintf()
 .text._ZN5RODOS6PRINTFEPKcz
                0x08001254       0x90 C:\Users\Saurav\Desktop\Eclipse 2019\Workspace\rodos\Debug_STM32F4\librodos.a(debug.o)
                0x08001254                RODOS::PRINTF(char const*, ...)
 .text._ZN5RODOS5ERROREPKc
                0x080012e4       0x34 C:\Users\Saurav\Desktop\Eclipse 2019\Workspace\rodos\Debug_STM32F4\librodos.a(debug.o)
                0x080012e4                RODOS::ERROR(char const*)
 .text._Z41__static_initialization_and_destruction_0ii
                0x08001318       0x2c C:\Users\Saurav\Desktop\Eclipse 2019\Workspace\rodos\Debug_STM32F4\librodos.a(debug.o)
 .text._GLOBAL__sub_I__ZN5RODOS12errorCounterE
                0x08001344       0x10 C:\Users\Saurav\Desktop\Eclipse 2019\Workspace\rodos\Debug_STM32F4\librodos.a(debug.o)
 .text._ZN5RODOS6strlenEPKc
                0x08001354       0x3c C:\Users\Saurav\Desktop\Eclipse 2019\Workspace\rodos\Debug_STM32F4\librodos.a(string_pico.o)
                0x08001354                RODOS::strlen(char const*)
 .text._ZdlPv   0x08001390       0x14 C:\Users\Saurav\Desktop\Eclipse 2019\Workspace\rodos\Debug_STM32F4\librodos.a(string_pico.o)
                0x08001390                operator delete(void*)
 .text._ZdlPvj  0x080013a4       0x18 C:\Users\Saurav\Desktop\Eclipse 2019\Workspace\rodos\Debug_STM32F4\librodos.a(string_pico.o)
                0x080013a4                operator delete(void*, unsigned int)
 .text._ZN5RODOS7Yprintf8vaprintfEPKc
                0x080013bc      0x4fc C:\Users\Saurav\Desktop\Eclipse 2019\Workspace\rodos\Debug_STM32F4\librodos.a(yprintf.o)
                0x080013bc                RODOS::Yprintf::vaprintf(char const*)
 .text._ZN5RODOS7xprintfEPKcz
                0x080018b8       0x44 C:\Users\Saurav\Desktop\Eclipse 2019\Workspace\rodos\Debug_STM32F4\librodos.a(yprintf.o)
                0x080018b8                RODOS::xprintf(char const*, ...)
 .text.call_constructors
                0x080018fc       0x44 C:\Users\Saurav\Desktop\Eclipse 2019\Workspace\rodos\Debug_STM32F4\librodos.a(call_constructors.o)
                0x080018fc                call_constructors
 .text.__cxa_atexit
                0x08001940       0x1a C:\Users\Saurav\Desktop\Eclipse 2019\Workspace\rodos\Debug_STM32F4\librodos.a(call_constructors.o)
                0x08001940                __cxa_atexit
 .text.__cxa_pure_virtual
                0x0800195a        0x6 C:\Users\Saurav\Desktop\Eclipse 2019\Workspace\rodos\Debug_STM32F4\librodos.a(call_constructors.o)
                0x0800195a                __cxa_pure_virtual
 .text.Reset_Handler
                0x08001960       0x60 C:\Users\Saurav\Desktop\Eclipse 2019\Workspace\rodos\Debug_STM32F4\librodos.a(startup_stm32f4xx.o)
                0x08001960                Reset_Handler
 .text.Default_Handler
                0x080019c0        0x6 C:\Users\Saurav\Desktop\Eclipse 2019\Workspace\rodos\Debug_STM32F4\librodos.a(startup_stm32f4xx.o)
                0x080019c0                RTC_Alarm_IRQHandler
                0x080019c0                HASH_RNG_IRQHandler
                0x080019c0                TIM8_CC_IRQHandler
                0x080019c0                DebugMon_Handler
                0x080019c0                TIM1_CC_IRQHandler
                0x080019c0                PVD_IRQHandler
                0x080019c0                SDIO_IRQHandler
                0x080019c0                TAMP_STAMP_IRQHandler
                0x080019c0                CAN2_RX1_IRQHandler
                0x080019c0                TIM8_TRG_COM_TIM14_IRQHandler
                0x080019c0                TIM1_UP_TIM10_IRQHandler
                0x080019c0                TIM8_UP_TIM13_IRQHandler
                0x080019c0                I2C3_ER_IRQHandler
                0x080019c0                I2C2_EV_IRQHandler
                0x080019c0                DMA1_Stream2_IRQHandler
                0x080019c0                CAN1_RX0_IRQHandler
                0x080019c0                FPU_IRQHandler
                0x080019c0                OTG_HS_WKUP_IRQHandler
                0x080019c0                CAN2_SCE_IRQHandler
                0x080019c0                DMA2_Stream2_IRQHandler
                0x080019c0                SPI1_IRQHandler
                0x080019c0                TIM6_DAC_IRQHandler
                0x080019c0                TIM1_BRK_TIM9_IRQHandler
                0x080019c0                DCMI_IRQHandler
                0x080019c0                CAN2_RX0_IRQHandler
                0x080019c0                DMA2_Stream3_IRQHandler
                0x080019c0                CRYP_IRQHandler
                0x080019c0                CAN1_RX1_IRQHandler
                0x080019c0                DMA2_Stream0_IRQHandler
                0x080019c0                TIM4_IRQHandler
                0x080019c0                I2C1_EV_IRQHandler
                0x080019c0                TIM3_IRQHandler
                0x080019c0                RCC_IRQHandler
                0x080019c0                TIM8_BRK_TIM12_IRQHandler
                0x080019c0                Default_Handler
                0x080019c0                ADC_IRQHandler
                0x080019c0                DMA1_Stream7_IRQHandler
                0x080019c0                TIM7_IRQHandler
                0x080019c0                CAN2_TX_IRQHandler
                0x080019c0                I2C3_EV_IRQHandler
                0x080019c0                RTC_WKUP_IRQHandler
                0x080019c0                ETH_WKUP_IRQHandler
                0x080019c0                SPI2_IRQHandler
                0x080019c0                OTG_HS_EP1_IN_IRQHandler
                0x080019c0                DMA1_Stream0_IRQHandler
                0x080019c0                CAN1_TX_IRQHandler
                0x080019c0                FSMC_IRQHandler
                0x080019c0                ETH_IRQHandler
                0x080019c0                OTG_HS_EP1_OUT_IRQHandler
                0x080019c0                WWDG_IRQHandler
                0x080019c0                TIM2_IRQHandler
                0x080019c0                OTG_FS_WKUP_IRQHandler
                0x080019c0                OTG_HS_IRQHandler
                0x080019c0                I2C2_ER_IRQHandler
                0x080019c0                DMA2_Stream1_IRQHandler
                0x080019c0                CAN1_SCE_IRQHandler
                0x080019c0                FLASH_IRQHandler
                0x080019c0                DMA2_Stream4_IRQHandler
                0x080019c0                OTG_FS_IRQHandler
                0x080019c0                SPI3_IRQHandler
                0x080019c0                DMA1_Stream4_IRQHandler
                0x080019c0                I2C1_ER_IRQHandler
                0x080019c0                DMA2_Stream6_IRQHandler
 .text._ZnwjPv  0x080019c6       0x18 C:\Users\Saurav\Desktop\Eclipse 2019\Workspace\rodos\Debug_STM32F4\librodos.a(hal_gpio.o)
                0x080019c6                operator new(unsigned int, void*)
 .text._ZN5RODOS18GenericIOInterface4initEz
                0x080019de       0x14 C:\Users\Saurav\Desktop\Eclipse 2019\Workspace\rodos\Debug_STM32F4\librodos.a(hal_gpio.o)
                0x080019de                RODOS::GenericIOInterface::init(...)
 .text._ZN5RODOS18GenericIOInterface6configEz
                0x080019f2       0x14 C:\Users\Saurav\Desktop\Eclipse 2019\Workspace\rodos\Debug_STM32F4\librodos.a(hal_gpio.o)
                0x080019f2                RODOS::GenericIOInterface::config(...)
 .text._ZN5RODOS18GenericIOInterface6statusEz
                0x08001a06       0x14 C:\Users\Saurav\Desktop\Eclipse 2019\Workspace\rodos\Debug_STM32F4\librodos.a(hal_gpio.o)
                0x08001a06                RODOS::GenericIOInterface::status(...)
 .text._ZN5RODOS18GenericIOInterface5writeEz
                0x08001a1a       0x14 C:\Users\Saurav\Desktop\Eclipse 2019\Workspace\rodos\Debug_STM32F4\librodos.a(hal_gpio.o)
                0x08001a1a                RODOS::GenericIOInterface::write(...)
 .text._ZN5RODOS18GenericIOInterface4readEz
                0x08001a2e       0x14 C:\Users\Saurav\Desktop\Eclipse 2019\Workspace\rodos\Debug_STM32F4\librodos.a(hal_gpio.o)
                0x08001a2e                RODOS::GenericIOInterface::read(...)
 .text._ZN5RODOS18GenericIOInterface9writeReadEz
                0x08001a42       0x14 C:\Users\Saurav\Desktop\Eclipse 2019\Workspace\rodos\Debug_STM32F4\librodos.a(hal_gpio.o)
                0x08001a42                RODOS::GenericIOInterface::writeRead(...)
 .text._ZN5RODOS8HAL_GPIO15isWriteFinishedEv
                0x08001a56       0x16 C:\Users\Saurav\Desktop\Eclipse 2019\Workspace\rodos\Debug_STM32F4\librodos.a(hal_gpio.o)
                0x08001a56                RODOS::HAL_GPIO::isWriteFinished()
 .text._ZN5RODOS8HAL_GPIO14isReadFinishedEv
                0x08001a6c       0x16 C:\Users\Saurav\Desktop\Eclipse 2019\Workspace\rodos\Debug_STM32F4\librodos.a(hal_gpio.o)
                0x08001a6c                RODOS::HAL_GPIO::isReadFinished()
 *fill*         0x08001a82        0x2 
 .text.NVIC_EnableIRQ
                0x08001a84       0x34 C:\Users\Saurav\Desktop\Eclipse 2019\Workspace\rodos\Debug_STM32F4\librodos.a(hal_gpio.o)
 .text.NVIC_ClearPendingIRQ
                0x08001ab8       0x38 C:\Users\Saurav\Desktop\Eclipse 2019\Workspace\rodos\Debug_STM32F4\librodos.a(hal_gpio.o)
 .text._ZN5RODOS17initEXTInterruptsEv
                0x08001af0       0x54 C:\Users\Saurav\Desktop\Eclipse 2019\Workspace\rodos\Debug_STM32F4\librodos.a(hal_gpio.o)
                0x08001af0                RODOS::initEXTInterrupts()
 .text._ZN5RODOS11HW_HAL_GPIOC2ENS_8GPIO_PINEhb
                0x08001b44       0x78 C:\Users\Saurav\Desktop\Eclipse 2019\Workspace\rodos\Debug_STM32F4\librodos.a(hal_gpio.o)
                0x08001b44                RODOS::HW_HAL_GPIO::HW_HAL_GPIO(RODOS::GPIO_PIN, unsigned char, bool)
                0x08001b44                RODOS::HW_HAL_GPIO::HW_HAL_GPIO(RODOS::GPIO_PIN, unsigned char, bool)
 .text._ZN5RODOS11HW_HAL_GPIO10setPinMaskEv
                0x08001bbc       0x7a C:\Users\Saurav\Desktop\Eclipse 2019\Workspace\rodos\Debug_STM32F4\librodos.a(hal_gpio.o)
                0x08001bbc                RODOS::HW_HAL_GPIO::setPinMask()
 *fill*         0x08001c36        0x2 
 .text._ZN5RODOS11HW_HAL_GPIO13EXTIRQHandlerEv
                0x08001c38       0x50 C:\Users\Saurav\Desktop\Eclipse 2019\Workspace\rodos\Debug_STM32F4\librodos.a(hal_gpio.o)
                0x08001c38                RODOS::HW_HAL_GPIO::EXTIRQHandler()
 .text._ZN5RODOS11HW_HAL_GPIO17getGPIO_PinSourceEm
                0x08001c88       0x38 C:\Users\Saurav\Desktop\Eclipse 2019\Workspace\rodos\Debug_STM32F4\librodos.a(hal_gpio.o)
                0x08001c88                RODOS::HW_HAL_GPIO::getGPIO_PinSource(unsigned long)
 .text._ZN5RODOS11HW_HAL_GPIO23getRCC_APB1Periph_GPIOxEP12GPIO_TypeDef
                0x08001cc0       0xd4 C:\Users\Saurav\Desktop\Eclipse 2019\Workspace\rodos\Debug_STM32F4\librodos.a(hal_gpio.o)
                0x08001cc0                RODOS::HW_HAL_GPIO::getRCC_APB1Periph_GPIOx(GPIO_TypeDef*)
 .text._ZN5RODOS11HW_HAL_GPIO12getSTM32PortENS_8GPIO_PINE
                0x08001d94       0xa8 C:\Users\Saurav\Desktop\Eclipse 2019\Workspace\rodos\Debug_STM32F4\librodos.a(hal_gpio.o)
                0x08001d94                RODOS::HW_HAL_GPIO::getSTM32Port(RODOS::GPIO_PIN)
 .text._ZN5RODOS11HW_HAL_GPIO11getSTM32PinENS_8GPIO_PINE
                0x08001e3c       0x24 C:\Users\Saurav\Desktop\Eclipse 2019\Workspace\rodos\Debug_STM32F4\librodos.a(hal_gpio.o)
                0x08001e3c                RODOS::HW_HAL_GPIO::getSTM32Pin(RODOS::GPIO_PIN)
 .text._ZN5RODOS11HW_HAL_GPIO14configureAFPinENS_8GPIO_PINEh
                0x08001e60       0x9e C:\Users\Saurav\Desktop\Eclipse 2019\Workspace\rodos\Debug_STM32F4\librodos.a(hal_gpio.o)
                0x08001e60                RODOS::HW_HAL_GPIO::configureAFPin(RODOS::GPIO_PIN, unsigned char)
 .text._ZN5RODOS11HW_HAL_GPIO8resetPinENS_8GPIO_PINE
                0x08001efe       0x5e C:\Users\Saurav\Desktop\Eclipse 2019\Workspace\rodos\Debug_STM32F4\librodos.a(hal_gpio.o)
                0x08001efe                RODOS::HW_HAL_GPIO::resetPin(RODOS::GPIO_PIN)
 .text._ZN5RODOS8HAL_GPIOC2ENS_8GPIO_PINE
                0x08001f5c       0x5c C:\Users\Saurav\Desktop\Eclipse 2019\Workspace\rodos\Debug_STM32F4\librodos.a(hal_gpio.o)
                0x08001f5c                RODOS::HAL_GPIO::HAL_GPIO(RODOS::GPIO_PIN)
                0x08001f5c                RODOS::HAL_GPIO::HAL_GPIO(RODOS::GPIO_PIN)
 .text._ZN5RODOS8HAL_GPIO4initEbmm
                0x08001fb8       0x8e C:\Users\Saurav\Desktop\Eclipse 2019\Workspace\rodos\Debug_STM32F4\librodos.a(hal_gpio.o)
                0x08001fb8                RODOS::HAL_GPIO::init(bool, unsigned long, unsigned long)
 *fill*         0x08002046        0x2 
 .text._ZN5RODOS8HAL_GPIO6configENS_13GPIO_CFG_TYPEEm
                0x08002048      0x158 C:\Users\Saurav\Desktop\Eclipse 2019\Workspace\rodos\Debug_STM32F4\librodos.a(hal_gpio.o)
                0x08002048                RODOS::HAL_GPIO::config(RODOS::GPIO_CFG_TYPE, unsigned long)
 .text._ZN5RODOS8HAL_GPIO5resetEv
                0x080021a0       0x26 C:\Users\Saurav\Desktop\Eclipse 2019\Workspace\rodos\Debug_STM32F4\librodos.a(hal_gpio.o)
                0x080021a0                RODOS::HAL_GPIO::reset()
 .text._ZN5RODOS8HAL_GPIO7setPinsEm
                0x080021c6       0x9c C:\Users\Saurav\Desktop\Eclipse 2019\Workspace\rodos\Debug_STM32F4\librodos.a(hal_gpio.o)
                0x080021c6                RODOS::HAL_GPIO::setPins(unsigned long)
 .text._ZN5RODOS8HAL_GPIO11isDataReadyEv
                0x08002262       0x1a C:\Users\Saurav\Desktop\Eclipse 2019\Workspace\rodos\Debug_STM32F4\librodos.a(hal_gpio.o)
                0x08002262                RODOS::HAL_GPIO::isDataReady()
 .text._ZN5RODOS8HAL_GPIO15interruptEnableEb
                0x0800227c      0x17c C:\Users\Saurav\Desktop\Eclipse 2019\Workspace\rodos\Debug_STM32F4\librodos.a(hal_gpio.o)
                0x0800227c                RODOS::HAL_GPIO::interruptEnable(bool)
 .text.EXTI0_IRQHandler
                0x080023f8       0x24 C:\Users\Saurav\Desktop\Eclipse 2019\Workspace\rodos\Debug_STM32F4\librodos.a(hal_gpio.o)
                0x080023f8                EXTI0_IRQHandler
 .text.EXTI1_IRQHandler
                0x0800241c       0x24 C:\Users\Saurav\Desktop\Eclipse 2019\Workspace\rodos\Debug_STM32F4\librodos.a(hal_gpio.o)
                0x0800241c                EXTI1_IRQHandler
 .text.EXTI2_IRQHandler
                0x08002440       0x24 C:\Users\Saurav\Desktop\Eclipse 2019\Workspace\rodos\Debug_STM32F4\librodos.a(hal_gpio.o)
                0x08002440                EXTI2_IRQHandler
 .text.EXTI3_IRQHandler
                0x08002464       0x24 C:\Users\Saurav\Desktop\Eclipse 2019\Workspace\rodos\Debug_STM32F4\librodos.a(hal_gpio.o)
                0x08002464                EXTI3_IRQHandler
 .text.EXTI4_IRQHandler
                0x08002488       0x24 C:\Users\Saurav\Desktop\Eclipse 2019\Workspace\rodos\Debug_STM32F4\librodos.a(hal_gpio.o)
                0x08002488                EXTI4_IRQHandler
 .text.EXTI9_5_IRQHandler
                0x080024ac       0x60 C:\Users\Saurav\Desktop\Eclipse 2019\Workspace\rodos\Debug_STM32F4\librodos.a(hal_gpio.o)
                0x080024ac                EXTI9_5_IRQHandler
 .text.EXTI15_10_IRQHandler
                0x0800250c       0x60 C:\Users\Saurav\Desktop\Eclipse 2019\Workspace\rodos\Debug_STM32F4\librodos.a(hal_gpio.o)
                0x0800250c                EXTI15_10_IRQHandler
 .text._ZN5RODOS18GenericIOInterface14isReadFinishedEv
                0x0800256c       0x16 C:\Users\Saurav\Desktop\Eclipse 2019\Workspace\rodos\Debug_STM32F4\librodos.a(hal_pwm.o)
                0x0800256c                RODOS::GenericIOInterface::isReadFinished()
 .text._ZN5RODOS18GenericIOInterface11isDataReadyEv
                0x08002582       0x16 C:\Users\Saurav\Desktop\Eclipse 2019\Workspace\rodos\Debug_STM32F4\librodos.a(hal_pwm.o)
                0x08002582                RODOS::GenericIOInterface::isDataReady()
 .text._ZN5RODOS7HAL_PWM15isWriteFinishedEv
                0x08002598       0x16 C:\Users\Saurav\Desktop\Eclipse 2019\Workspace\rodos\Debug_STM32F4\librodos.a(hal_pwm.o)
                0x08002598                RODOS::HAL_PWM::isWriteFinished()
 *fill*         0x080025ae        0x2 
 .text._ZN5RODOS7HAL_PWMC2ENS_7PWM_IDXE
                0x080025b0       0x48 C:\Users\Saurav\Desktop\Eclipse 2019\Workspace\rodos\Debug_STM32F4\librodos.a(hal_pwm.o)
                0x080025b0                RODOS::HAL_PWM::HAL_PWM(RODOS::PWM_IDX)
                0x080025b0                RODOS::HAL_PWM::HAL_PWM(RODOS::PWM_IDX)
 .text._ZN5RODOS7HAL_PWM4initEii
                0x080025f8      0x678 C:\Users\Saurav\Desktop\Eclipse 2019\Workspace\rodos\Debug_STM32F4\librodos.a(hal_pwm.o)
                0x080025f8                RODOS::HAL_PWM::init(int, int)
 .text._ZN5RODOS7HAL_PWM5resetEv
                0x08002c70      0x250 C:\Users\Saurav\Desktop\Eclipse 2019\Workspace\rodos\Debug_STM32F4\librodos.a(hal_pwm.o)
                0x08002c70                RODOS::HAL_PWM::reset()
 .text._ZN5RODOS10HW_HAL_PWMC2ENS_7PWM_IDXE
                0x08002ec0       0xd8 C:\Users\Saurav\Desktop\Eclipse 2019\Workspace\rodos\Debug_STM32F4\librodos.a(hal_pwm.o)
                0x08002ec0                RODOS::HW_HAL_PWM::HW_HAL_PWM(RODOS::PWM_IDX)
                0x08002ec0                RODOS::HW_HAL_PWM::HW_HAL_PWM(RODOS::PWM_IDX)
 .text._ZN5RODOS10HW_HAL_PWM14updateSettingsEv
                0x08002f98      0x108 C:\Users\Saurav\Desktop\Eclipse 2019\Workspace\rodos\Debug_STM32F4\librodos.a(hal_pwm.o)
                0x08002f98                RODOS::HW_HAL_PWM::updateSettings()
 .text.GPIO_Init
                0x080030a0      0x11c C:\Users\Saurav\Desktop\Eclipse 2019\Workspace\rodos\Debug_STM32F4\librodos.a(stm32f4xx_gpio.o)
                0x080030a0                GPIO_Init
 .text.GPIO_StructInit
                0x080031bc       0x34 C:\Users\Saurav\Desktop\Eclipse 2019\Workspace\rodos\Debug_STM32F4\librodos.a(stm32f4xx_gpio.o)
                0x080031bc                GPIO_StructInit
 .text.GPIO_ReadOutputData
                0x080031f0       0x1a C:\Users\Saurav\Desktop\Eclipse 2019\Workspace\rodos\Debug_STM32F4\librodos.a(stm32f4xx_gpio.o)
                0x080031f0                GPIO_ReadOutputData
 .text.GPIO_ResetBits
                0x0800320a       0x1e C:\Users\Saurav\Desktop\Eclipse 2019\Workspace\rodos\Debug_STM32F4\librodos.a(stm32f4xx_gpio.o)
                0x0800320a                GPIO_ResetBits
 .text.GPIO_Write
                0x08003228       0x1e C:\Users\Saurav\Desktop\Eclipse 2019\Workspace\rodos\Debug_STM32F4\librodos.a(stm32f4xx_gpio.o)
                0x08003228                GPIO_Write
 .text.GPIO_PinAFConfig
                0x08003246       0x92 C:\Users\Saurav\Desktop\Eclipse 2019\Workspace\rodos\Debug_STM32F4\librodos.a(stm32f4xx_gpio.o)
                0x08003246                GPIO_PinAFConfig
 .text.RCC_LSICmd
                0x080032d8       0x20 C:\Users\Saurav\Desktop\Eclipse 2019\Workspace\rodos\Debug_STM32F4\librodos.a(stm32f4xx_rcc.o)
                0x080032d8                RCC_LSICmd
 .text.RCC_GetClocksFreq
                0x080032f8      0x154 C:\Users\Saurav\Desktop\Eclipse 2019\Workspace\rodos\Debug_STM32F4\librodos.a(stm32f4xx_rcc.o)
                0x080032f8                RCC_GetClocksFreq
 .text.RCC_AHB1PeriphClockCmd
                0x0800344c       0x40 C:\Users\Saurav\Desktop\Eclipse 2019\Workspace\rodos\Debug_STM32F4\librodos.a(stm32f4xx_rcc.o)
                0x0800344c                RCC_AHB1PeriphClockCmd
 .text.RCC_APB1PeriphClockCmd
                0x0800348c       0x40 C:\Users\Saurav\Desktop\Eclipse 2019\Workspace\rodos\Debug_STM32F4\librodos.a(stm32f4xx_rcc.o)
                0x0800348c                RCC_APB1PeriphClockCmd
 .text.RCC_APB2PeriphClockCmd
                0x080034cc       0x40 C:\Users\Saurav\Desktop\Eclipse 2019\Workspace\rodos\Debug_STM32F4\librodos.a(stm32f4xx_rcc.o)
                0x080034cc                RCC_APB2PeriphClockCmd
 .text.RCC_AHB1PeriphResetCmd
                0x0800350c       0x40 C:\Users\Saurav\Desktop\Eclipse 2019\Workspace\rodos\Debug_STM32F4\librodos.a(stm32f4xx_rcc.o)
                0x0800350c                RCC_AHB1PeriphResetCmd
 .text.RCC_APB1PeriphResetCmd
                0x0800354c       0x40 C:\Users\Saurav\Desktop\Eclipse 2019\Workspace\rodos\Debug_STM32F4\librodos.a(stm32f4xx_rcc.o)
                0x0800354c                RCC_APB1PeriphResetCmd
 .text.RCC_APB2PeriphResetCmd
                0x0800358c       0x40 C:\Users\Saurav\Desktop\Eclipse 2019\Workspace\rodos\Debug_STM32F4\librodos.a(stm32f4xx_rcc.o)
                0x0800358c                RCC_APB2PeriphResetCmd
 .text.RCC_GetFlagStatus
                0x080035cc       0x74 C:\Users\Saurav\Desktop\Eclipse 2019\Workspace\rodos\Debug_STM32F4\librodos.a(stm32f4xx_rcc.o)
                0x080035cc                RCC_GetFlagStatus
 .text.SYSCFG_EXTILineConfig
                0x08003640       0x84 C:\Users\Saurav\Desktop\Eclipse 2019\Workspace\rodos\Debug_STM32F4\librodos.a(stm32f4xx_syscfg.o)
                0x08003640                SYSCFG_EXTILineConfig
 .text.TIM_DeInit
                0x080036c4      0x1c0 C:\Users\Saurav\Desktop\Eclipse 2019\Workspace\rodos\Debug_STM32F4\librodos.a(stm32f4xx_tim.o)
                0x080036c4                TIM_DeInit
 .text.TIM_TimeBaseInit
                0x08003884       0xd8 C:\Users\Saurav\Desktop\Eclipse 2019\Workspace\rodos\Debug_STM32F4\librodos.a(stm32f4xx_tim.o)
                0x08003884                TIM_TimeBaseInit
 .text.TIM_PrescalerConfig
                0x0800395c       0x28 C:\Users\Saurav\Desktop\Eclipse 2019\Workspace\rodos\Debug_STM32F4\librodos.a(stm32f4xx_tim.o)
                0x0800395c                TIM_PrescalerConfig
 .text.TIM_GetCounter
                0x08003984       0x18 C:\Users\Saurav\Desktop\Eclipse 2019\Workspace\rodos\Debug_STM32F4\librodos.a(stm32f4xx_tim.o)
                0x08003984                TIM_GetCounter
 .text.TIM_SelectOnePulseMode
                0x0800399c       0x38 C:\Users\Saurav\Desktop\Eclipse 2019\Workspace\rodos\Debug_STM32F4\librodos.a(stm32f4xx_tim.o)
                0x0800399c                TIM_SelectOnePulseMode
 .text.TIM_Cmd  0x080039d4       0x40 C:\Users\Saurav\Desktop\Eclipse 2019\Workspace\rodos\Debug_STM32F4\librodos.a(stm32f4xx_tim.o)
                0x080039d4                TIM_Cmd
 .text.TIM_OC1Init
                0x08003a14       0xf4 C:\Users\Saurav\Desktop\Eclipse 2019\Workspace\rodos\Debug_STM32F4\librodos.a(stm32f4xx_tim.o)
                0x08003a14                TIM_OC1Init
 .text.TIM_OC2Init
                0x08003b08      0x110 C:\Users\Saurav\Desktop\Eclipse 2019\Workspace\rodos\Debug_STM32F4\librodos.a(stm32f4xx_tim.o)
                0x08003b08                TIM_OC2Init
 .text.TIM_OC3Init
                0x08003c18      0x10c C:\Users\Saurav\Desktop\Eclipse 2019\Workspace\rodos\Debug_STM32F4\librodos.a(stm32f4xx_tim.o)
                0x08003c18                TIM_OC3Init
 .text.TIM_OC4Init
                0x08003d24       0xd0 C:\Users\Saurav\Desktop\Eclipse 2019\Workspace\rodos\Debug_STM32F4\librodos.a(stm32f4xx_tim.o)
                0x08003d24                TIM_OC4Init
 .text.TIM_OCStructInit
                0x08003df4       0x44 C:\Users\Saurav\Desktop\Eclipse 2019\Workspace\rodos\Debug_STM32F4\librodos.a(stm32f4xx_tim.o)
                0x08003df4                TIM_OCStructInit
 .text.TIM_ICInit
                0x08003e38       0xa8 C:\Users\Saurav\Desktop\Eclipse 2019\Workspace\rodos\Debug_STM32F4\librodos.a(stm32f4xx_tim.o)
                0x08003e38                TIM_ICInit
 .text.TIM_GetCapture4
                0x08003ee0       0x18 C:\Users\Saurav\Desktop\Eclipse 2019\Workspace\rodos\Debug_STM32F4\librodos.a(stm32f4xx_tim.o)
                0x08003ee0                TIM_GetCapture4
 .text.TIM_SetIC1Prescaler
                0x08003ef8       0x38 C:\Users\Saurav\Desktop\Eclipse 2019\Workspace\rodos\Debug_STM32F4\librodos.a(stm32f4xx_tim.o)
                0x08003ef8                TIM_SetIC1Prescaler
 .text.TIM_SetIC2Prescaler
                0x08003f30       0x3c C:\Users\Saurav\Desktop\Eclipse 2019\Workspace\rodos\Debug_STM32F4\librodos.a(stm32f4xx_tim.o)
                0x08003f30                TIM_SetIC2Prescaler
 .text.TIM_SetIC3Prescaler
                0x08003f6c       0x38 C:\Users\Saurav\Desktop\Eclipse 2019\Workspace\rodos\Debug_STM32F4\librodos.a(stm32f4xx_tim.o)
                0x08003f6c                TIM_SetIC3Prescaler
 .text.TIM_SetIC4Prescaler
                0x08003fa4       0x3c C:\Users\Saurav\Desktop\Eclipse 2019\Workspace\rodos\Debug_STM32F4\librodos.a(stm32f4xx_tim.o)
                0x08003fa4                TIM_SetIC4Prescaler
 .text.TIM_CtrlPWMOutputs
                0x08003fe0       0x4c C:\Users\Saurav\Desktop\Eclipse 2019\Workspace\rodos\Debug_STM32F4\librodos.a(stm32f4xx_tim.o)
                0x08003fe0                TIM_CtrlPWMOutputs
 .text.TIM_ITConfig
                0x0800402c       0x48 C:\Users\Saurav\Desktop\Eclipse 2019\Workspace\rodos\Debug_STM32F4\librodos.a(stm32f4xx_tim.o)
                0x0800402c                TIM_ITConfig
 .text.TIM_GetITStatus
                0x08004074       0x54 C:\Users\Saurav\Desktop\Eclipse 2019\Workspace\rodos\Debug_STM32F4\librodos.a(stm32f4xx_tim.o)
                0x08004074                TIM_GetITStatus
 .text.TIM_ClearITPendingBit
                0x080040c8       0x22 C:\Users\Saurav\Desktop\Eclipse 2019\Workspace\rodos\Debug_STM32F4\librodos.a(stm32f4xx_tim.o)
                0x080040c8                TIM_ClearITPendingBit
 .text.TIM_InternalClockConfig
                0x080040ea       0x24 C:\Users\Saurav\Desktop\Eclipse 2019\Workspace\rodos\Debug_STM32F4\librodos.a(stm32f4xx_tim.o)
                0x080040ea                TIM_InternalClockConfig
 .text.TIM_RemapConfig
                0x0800410e       0x20 C:\Users\Saurav\Desktop\Eclipse 2019\Workspace\rodos\Debug_STM32F4\librodos.a(stm32f4xx_tim.o)
                0x0800410e                TIM_RemapConfig
 .text.TI1_Config
                0x0800412e       0x86 C:\Users\Saurav\Desktop\Eclipse 2019\Workspace\rodos\Debug_STM32F4\librodos.a(stm32f4xx_tim.o)
 .text.TI2_Config
                0x080041b4       0x9a C:\Users\Saurav\Desktop\Eclipse 2019\Workspace\rodos\Debug_STM32F4\librodos.a(stm32f4xx_tim.o)
 .text.TI3_Config
                0x0800424e       0x90 C:\Users\Saurav\Desktop\Eclipse 2019\Workspace\rodos\Debug_STM32F4\librodos.a(stm32f4xx_tim.o)
 .text.TI4_Config
                0x080042de       0x9e C:\Users\Saurav\Desktop\Eclipse 2019\Workspace\rodos\Debug_STM32F4\librodos.a(stm32f4xx_tim.o)
 .text.NMI_Handler
                0x0800437c        0x6 C:\Users\Saurav\Desktop\Eclipse 2019\Workspace\rodos\Debug_STM32F4\librodos.a(stm32xxx_it.o)
                0x0800437c                NMI_Handler
 .text.HardFault_Handler
                0x08004382       0x1e C:\Users\Saurav\Desktop\Eclipse 2019\Workspace\rodos\Debug_STM32F4\librodos.a(stm32xxx_it.o)
                0x08004382                HardFault_Handler
 .text.MemManage_Handler
                0x080043a0        0x6 C:\Users\Saurav\Desktop\Eclipse 2019\Workspace\rodos\Debug_STM32F4\librodos.a(stm32xxx_it.o)
                0x080043a0                MemManage_Handler
 .text.BusFault_Handler
                0x080043a6        0x6 C:\Users\Saurav\Desktop\Eclipse 2019\Workspace\rodos\Debug_STM32F4\librodos.a(stm32xxx_it.o)
                0x080043a6                BusFault_Handler
 .text.UsageFault_Handler
                0x080043ac        0x6 C:\Users\Saurav\Desktop\Eclipse 2019\Workspace\rodos\Debug_STM32F4\librodos.a(stm32xxx_it.o)
                0x080043ac                UsageFault_Handler
 .text.WWDG_IRQHandlerFunc
                0x080043b2        0x6 C:\Users\Saurav\Desktop\Eclipse 2019\Workspace\rodos\Debug_STM32F4\librodos.a(stm32xxx_it.o)
                0x080043b2                WWDG_IRQHandlerFunc
 .text.putchar  0x080043b8       0x78 C:\Users\Saurav\Desktop\Eclipse 2019\Workspace\rodos\Debug_STM32F4\librodos.a(syscalls.o)
                0x080043b8                putchar
 .text._ZN5RODOS18sp_partition_yieldEv
                0x08004430        0xe C:\Users\Saurav\Desktop\Eclipse 2019\Workspace\rodos\Debug_STM32F4\librodos.a(syscalls.o)
                0x08004430                RODOS::sp_partition_yield()
 .text._ZN5RODOS6FFLUSHEv
                0x0800443e        0xe C:\Users\Saurav\Desktop\Eclipse 2019\Workspace\rodos\Debug_STM32F4\librodos.a(syscalls.o)
                0x0800443e                RODOS::FFLUSH()
 .text.SystemInit
                0x0800444c       0x7c C:\Users\Saurav\Desktop\Eclipse 2019\Workspace\rodos\Debug_STM32F4\librodos.a(system_stm32f4xx.o)
                0x0800444c                SystemInit
 .text.SystemCoreClockUpdate
                0x080044c8       0xfc C:\Users\Saurav\Desktop\Eclipse 2019\Workspace\rodos\Debug_STM32F4\librodos.a(system_stm32f4xx.o)
                0x080044c8                SystemCoreClockUpdate
 .text.SetSysClock
                0x080045c4      0x1c8 C:\Users\Saurav\Desktop\Eclipse 2019\Workspace\rodos\Debug_STM32F4\librodos.a(system_stm32f4xx.o)
 .text.schedulerWrapper
                0x0800478c       0x20 C:\Users\Saurav\Desktop\Eclipse 2019\Workspace\rodos\Debug_STM32F4\librodos.a(scheduler.o)
                0x0800478c                schedulerWrapper
 .text._ZN5RODOS9Scheduler4idleEv
                0x080047ac       0x40 C:\Users\Saurav\Desktop\Eclipse 2019\Workspace\rodos\Debug_STM32F4\librodos.a(scheduler.o)
                0x080047ac                RODOS::Scheduler::idle()
 .text._ZN5RODOS9Scheduler8scheduleEv
                0x080047ec       0x84 C:\Users\Saurav\Desktop\Eclipse 2019\Workspace\rodos\Debug_STM32F4\librodos.a(scheduler.o)
                0x080047ec                RODOS::Scheduler::schedule()
 .text._ZN5RODOS9Scheduler18isSchedulerRunningEv
                0x08004870       0x20 C:\Users\Saurav\Desktop\Eclipse 2019\Workspace\rodos\Debug_STM32F4\librodos.a(scheduler.o)
                0x08004870                RODOS::Scheduler::isSchedulerRunning()
 .text._Z41__static_initialization_and_destruction_0ii
                0x08004890       0x38 C:\Users\Saurav\Desktop\Eclipse 2019\Workspace\rodos\Debug_STM32F4\librodos.a(scheduler.o)
 .text._GLOBAL__sub_I___schedulerStack__
                0x080048c8       0x10 C:\Users\Saurav\Desktop\Eclipse 2019\Workspace\rodos\Debug_STM32F4\librodos.a(scheduler.o)
 .text._ZN5RODOS9SemaphoreC2Ev
                0x080048d8       0x2e C:\Users\Saurav\Desktop\Eclipse 2019\Workspace\rodos\Debug_STM32F4\librodos.a(semaphore.o)
                0x080048d8                RODOS::Semaphore::Semaphore()
                0x080048d8                RODOS::Semaphore::Semaphore()
 .text._ZN5RODOS9Semaphore5enterEv
                0x08004906       0xbe C:\Users\Saurav\Desktop\Eclipse 2019\Workspace\rodos\Debug_STM32F4\librodos.a(semaphore.o)
                0x08004906                RODOS::Semaphore::enter()
 .text._ZN5RODOS9Semaphore5leaveEv
                0x080049c4       0xa0 C:\Users\Saurav\Desktop\Eclipse 2019\Workspace\rodos\Debug_STM32F4\librodos.a(semaphore.o)
                0x080049c4                RODOS::Semaphore::leave()
 .text._ZNK5RODOS11ListElement7getNextEv
                0x08004a64       0x18 C:\Users\Saurav\Desktop\Eclipse 2019\Workspace\rodos\Debug_STM32F4\librodos.a(thread_on_hw.o)
                0x08004a64                RODOS::ListElement::getNext() const
 .text._ZNK5RODOS11ListElement7getNameEv
                0x08004a7c       0x18 C:\Users\Saurav\Desktop\Eclipse 2019\Workspace\rodos\Debug_STM32F4\librodos.a(thread_on_hw.o)
                0x08004a7c                RODOS::ListElement::getName() const
 .text._ZN5RODOS6ThreadC2EPKcll
                0x08004a94       0xdc C:\Users\Saurav\Desktop\Eclipse 2019\Workspace\rodos\Debug_STM32F4\librodos.a(thread_on_hw.o)
                0x08004a94                RODOS::Thread::Thread(char const*, long, long)
                0x08004a94                RODOS::Thread::Thread(char const*, long, long)
 .text._ZN5RODOS6ThreadD2Ev
                0x08004b70       0x48 C:\Users\Saurav\Desktop\Eclipse 2019\Workspace\rodos\Debug_STM32F4\librodos.a(thread_on_hw.o)
                0x08004b70                RODOS::Thread::~Thread()
                0x08004b70                RODOS::Thread::~Thread()
 .text._ZN5RODOS6Thread6createEv
                0x08004bb8       0x14 C:\Users\Saurav\Desktop\Eclipse 2019\Workspace\rodos\Debug_STM32F4\librodos.a(thread_on_hw.o)
                0x08004bb8                RODOS::Thread::create()
 .text._ZN5RODOS6Thread5yieldEv
                0x08004bcc       0x70 C:\Users\Saurav\Desktop\Eclipse 2019\Workspace\rodos\Debug_STM32F4\librodos.a(thread_on_hw.o)
                0x08004bcc                RODOS::Thread::yield()
 .text._ZN5RODOS6Thread8activateEv
                0x08004c3c       0x50 C:\Users\Saurav\Desktop\Eclipse 2019\Workspace\rodos\Debug_STM32F4\librodos.a(thread_on_hw.o)
                0x08004c3c                RODOS::Thread::activate()
 .text._ZNK5RODOS6Thread11getPriorityEv
                0x08004c8c       0x18 C:\Users\Saurav\Desktop\Eclipse 2019\Workspace\rodos\Debug_STM32F4\librodos.a(thread_on_hw.o)
                0x08004c8c                RODOS::Thread::getPriority() const
 .text._ZN5RODOS6Thread11setPriorityEl
                0x08004ca4       0x1c C:\Users\Saurav\Desktop\Eclipse 2019\Workspace\rodos\Debug_STM32F4\librodos.a(thread_on_hw.o)
                0x08004ca4                RODOS::Thread::setPriority(long)
 .text._ZN5RODOS6Thread16getCurrentThreadEv
                0x08004cc0       0x18 C:\Users\Saurav\Desktop\Eclipse 2019\Workspace\rodos\Debug_STM32F4\librodos.a(thread_on_hw.o)
                0x08004cc0                RODOS::Thread::getCurrentThread()
 .text._ZN5RODOS6Thread6resumeEv
                0x08004cd8       0x38 C:\Users\Saurav\Desktop\Eclipse 2019\Workspace\rodos\Debug_STM32F4\librodos.a(thread_on_hw.o)
                0x08004cd8                RODOS::Thread::resume()
 .text._ZN5RODOS6Thread18suspendCallerUntilExPv
                0x08004d10       0x74 C:\Users\Saurav\Desktop\Eclipse 2019\Workspace\rodos\Debug_STM32F4\librodos.a(thread_on_hw.o)
                0x08004d10                RODOS::Thread::suspendCallerUntil(long long, void*)
 .text._ZN5RODOS6Thread17initializeThreadsEv
                0x08004d84       0xd0 C:\Users\Saurav\Desktop\Eclipse 2019\Workspace\rodos\Debug_STM32F4\librodos.a(thread_on_hw.o)
                0x08004d84                RODOS::Thread::initializeThreads()
 .text._ZN5RODOS20threadStartupWrapperEPNS_6ThreadE
                0x08004e54       0x40 C:\Users\Saurav\Desktop\Eclipse 2019\Workspace\rodos\Debug_STM32F4\librodos.a(thread_on_hw.o)
                0x08004e54                RODOS::threadStartupWrapper(RODOS::Thread*)
 .text._ZN5RODOS10IdleThreadC2Ev
                0x08004e94       0x30 C:\Users\Saurav\Desktop\Eclipse 2019\Workspace\rodos\Debug_STM32F4\librodos.a(thread_on_hw.o)
                0x08004e94                RODOS::IdleThread::IdleThread()
                0x08004e94                RODOS::IdleThread::IdleThread()
 .text._ZN5RODOS10IdleThread3runEv
                0x08004ec4       0x34 C:\Users\Saurav\Desktop\Eclipse 2019\Workspace\rodos\Debug_STM32F4\librodos.a(thread_on_hw.o)
                0x08004ec4                RODOS::IdleThread::run()
 .text._ZN5RODOS10IdleThread4initEv
                0x08004ef8       0x1c C:\Users\Saurav\Desktop\Eclipse 2019\Workspace\rodos\Debug_STM32F4\librodos.a(thread_on_hw.o)
                0x08004ef8                RODOS::IdleThread::init()
 *fill*         0x08004f14        0x4 
 .text._ZN5RODOS6Thread13findNextToRunEx
                0x08004f18      0x1b0 C:\Users\Saurav\Desktop\Eclipse 2019\Workspace\rodos\Debug_STM32F4\librodos.a(thread_on_hw.o)
                0x08004f18                RODOS::Thread::findNextToRun(long long)
 .text._ZN5RODOS6Thread18findNextWaitingForEPv
                0x080050c8       0xcc C:\Users\Saurav\Desktop\Eclipse 2019\Workspace\rodos\Debug_STM32F4\librodos.a(thread_on_hw.o)
                0x080050c8                RODOS::Thread::findNextWaitingFor(void*)
 .text._ZN5RODOS10IdleThreadD2Ev
                0x08005194       0x24 C:\Users\Saurav\Desktop\Eclipse 2019\Workspace\rodos\Debug_STM32F4\librodos.a(thread_on_hw.o)
                0x08005194                RODOS::IdleThread::~IdleThread()
                0x08005194                RODOS::IdleThread::~IdleThread()
 .text._ZN5RODOS10IdleThreadD0Ev
                0x080051b8       0x20 C:\Users\Saurav\Desktop\Eclipse 2019\Workspace\rodos\Debug_STM32F4\librodos.a(thread_on_hw.o)
                0x080051b8                RODOS::IdleThread::~IdleThread()
 .text._Z41__static_initialization_and_destruction_0ii
                0x080051d8       0x40 C:\Users\Saurav\Desktop\Eclipse 2019\Workspace\rodos\Debug_STM32F4\librodos.a(thread_on_hw.o)
 .text._GLOBAL__sub_I__ZN5RODOS6ThreadC2EPKcll
                0x08005218       0x10 C:\Users\Saurav\Desktop\Eclipse 2019\Workspace\rodos\Debug_STM32F4\librodos.a(thread_on_hw.o)
 .text._ZN5RODOS18GenericIOInterface5resetEv
                0x08005228       0x14 C:\Users\Saurav\Desktop\Eclipse 2019\Workspace\rodos\Debug_STM32F4\librodos.a(genericIO.o)
                0x08005228                RODOS::GenericIOInterface::reset()
 .text._ZN5RODOS18GenericIOInterfaceC2Ev
                0x0800523c       0x38 C:\Users\Saurav\Desktop\Eclipse 2019\Workspace\rodos\Debug_STM32F4\librodos.a(genericIO.o)
                0x0800523c                RODOS::GenericIOInterface::GenericIOInterface()
                0x0800523c                RODOS::GenericIOInterface::GenericIOInterface()
 .text._ZN5RODOS18GenericIOInterface25suspendUntilWriteFinishedEx
                0x08005274       0x4c C:\Users\Saurav\Desktop\Eclipse 2019\Workspace\rodos\Debug_STM32F4\librodos.a(genericIO.o)
                0x08005274                RODOS::GenericIOInterface::suspendUntilWriteFinished(long long)
 .text._ZN5RODOS18GenericIOInterface19upCallWriteFinishedEv
                0x080052c0       0x40 C:\Users\Saurav\Desktop\Eclipse 2019\Workspace\rodos\Debug_STM32F4\librodos.a(genericIO.o)
                0x080052c0                RODOS::GenericIOInterface::upCallWriteFinished()
 .text._ZN5RODOS18GenericIOInterface18upCallReadFinishedEv
                0x08005300       0x42 C:\Users\Saurav\Desktop\Eclipse 2019\Workspace\rodos\Debug_STM32F4\librodos.a(genericIO.o)
                0x08005300                RODOS::GenericIOInterface::upCallReadFinished()
 .text._ZN5RODOS18GenericIOInterface15upCallDataReadyEv
                0x08005342       0x42 C:\Users\Saurav\Desktop\Eclipse 2019\Workspace\rodos\Debug_STM32F4\librodos.a(genericIO.o)
                0x08005342                RODOS::GenericIOInterface::upCallDataReady()
 .text._ZN5RODOS13getNodeNumberEv
                0x08005384       0x18 C:\Users\Saurav\Desktop\Eclipse 2019\Workspace\rodos\Debug_STM32F4\librodos.a(globaldata.o)
                0x08005384                RODOS::getNodeNumber()
 .text._ZN5RODOS11ListElementC2ERPS0_PKcPv
                0x0800539c       0x40 C:\Users\Saurav\Desktop\Eclipse 2019\Workspace\rodos\Debug_STM32F4\librodos.a(listelement.o)
                0x0800539c                RODOS::ListElement::ListElement(RODOS::ListElement*&, char const*, void*)
                0x0800539c                RODOS::ListElement::ListElement(RODOS::ListElement*&, char const*, void*)
 .text._ZN5RODOS11ListElement6appendERPS0_
                0x080053dc       0x50 C:\Users\Saurav\Desktop\Eclipse 2019\Workspace\rodos\Debug_STM32F4\librodos.a(listelement.o)
                0x080053dc                RODOS::ListElement::append(RODOS::ListElement*&)
 .text._ZN5RODOS11ListElementD2Ev
                0x0800542c       0x1c C:\Users\Saurav\Desktop\Eclipse 2019\Workspace\rodos\Debug_STM32F4\librodos.a(listelement.o)
                0x0800542c                RODOS::ListElement::~ListElement()
                0x0800542c                RODOS::ListElement::~ListElement()
 .text._ZN5RODOS10initSystemEv
                0x08005448      0x208 C:\Users\Saurav\Desktop\Eclipse 2019\Workspace\rodos\Debug_STM32F4\librodos.a(main.o)
                0x08005448                RODOS::initSystem()
 .text.main     0x08005650       0xc8 C:\Users\Saurav\Desktop\Eclipse 2019\Workspace\rodos\Debug_STM32F4\librodos.a(main.o)
                0x08005650                main
 .text._Z4MAINv
                0x08005718       0x14 C:\Users\Saurav\Desktop\Eclipse 2019\Workspace\rodos\Debug_STM32F4\librodos.a(main_usermain.o)
                0x08005718                MAIN()
 .text._ZN5RODOS7xmallocEl
                0x0800572c       0x94 C:\Users\Saurav\Desktop\Eclipse 2019\Workspace\rodos\Debug_STM32F4\librodos.a(miscs.o)
                0x0800572c                RODOS::xmalloc(long)
 .text._ZN5RODOS6Thread15setPeriodicBeatExx
                0x080057c0       0x2a C:\Users\Saurav\Desktop\Eclipse 2019\Workspace\rodos\Debug_STM32F4\librodos.a(thread.o)
                0x080057c0                RODOS::Thread::setPeriodicBeat(long long, long long)
 .text._ZN5RODOS6Thread20suspendUntilNextBeatEv
                0x080057ea       0x68 C:\Users\Saurav\Desktop\Eclipse 2019\Workspace\rodos\Debug_STM32F4\librodos.a(thread.o)
                0x080057ea                RODOS::Thread::suspendUntilNextBeat()
 .text._ZN5RODOS6Thread20setPrioCurrentRunnerEl
                0x08005852       0x28 C:\Users\Saurav\Desktop\Eclipse 2019\Workspace\rodos\Debug_STM32F4\librodos.a(thread.o)
                0x08005852                RODOS::Thread::setPrioCurrentRunner(long)
 *fill*         0x0800587a        0x2 
 .text._ZN5RODOS9TimeEvent9propagateEx
                0x0800587c       0xe4 C:\Users\Saurav\Desktop\Eclipse 2019\Workspace\rodos\Debug_STM32F4\librodos.a(timeevent.o)
                0x0800587c                RODOS::TimeEvent::propagate(long long)
 .text._ZN5RODOS9TimeEvent15initAllElementsEv
                0x08005960       0x60 C:\Users\Saurav\Desktop\Eclipse 2019\Workspace\rodos\Debug_STM32F4\librodos.a(timeevent.o)
                0x08005960                RODOS::TimeEvent::initAllElements()
 .text._ZN5RODOS9TimeModelC2Ev
                0x080059c0       0x44 C:\Users\Saurav\Desktop\Eclipse 2019\Workspace\rodos\Debug_STM32F4\librodos.a(timemodel.o)
                0x080059c0                RODOS::TimeModel::TimeModel()
                0x080059c0                RODOS::TimeModel::TimeModel()
 .text._ZN5RODOS9TimeModel14getNanosecondsEv
                0x08005a04       0x12 C:\Users\Saurav\Desktop\Eclipse 2019\Workspace\rodos\Debug_STM32F4\librodos.a(timemodel.o)
                0x08005a04                RODOS::TimeModel::getNanoseconds()
 .text._ZN5RODOS9TimeModel15computeNextBeatExxx
                0x08005a16       0x92 C:\Users\Saurav\Desktop\Eclipse 2019\Workspace\rodos\Debug_STM32F4\librodos.a(timemodel.o)
                0x08005a16                RODOS::TimeModel::computeNextBeat(long long, long long, long long)
 .text._Z41__static_initialization_and_destruction_0ii
                0x08005aa8       0x2c C:\Users\Saurav\Desktop\Eclipse 2019\Workspace\rodos\Debug_STM32F4\librodos.a(timemodel.o)
 .text._GLOBAL__sub_I__ZN5RODOS7sysTimeE
                0x08005ad4       0x10 C:\Users\Saurav\Desktop\Eclipse 2019\Workspace\rodos\Debug_STM32F4\librodos.a(timemodel.o)
 .text._ZN5RODOS14TopicInterfaceD2Ev
                0x08005ae4       0x30 C:\Users\Saurav\Desktop\Eclipse 2019\Workspace\rodos\Debug_STM32F4\librodos.a(topic.o)
                0x08005ae4                RODOS::TopicInterface::~TopicInterface()
                0x08005ae4                RODOS::TopicInterface::~TopicInterface()
 .text._ZN5RODOS14TopicInterfaceD0Ev
                0x08005b14       0x20 C:\Users\Saurav\Desktop\Eclipse 2019\Workspace\rodos\Debug_STM32F4\librodos.a(topic.o)
                0x08005b14                RODOS::TopicInterface::~TopicInterface()
 .text._ZN5RODOS14TopicInterfaceC2EllPKc
                0x08005b34       0xdc C:\Users\Saurav\Desktop\Eclipse 2019\Workspace\rodos\Debug_STM32F4\librodos.a(topic.o)
                0x08005b34                RODOS::TopicInterface::TopicInterface(long, long, char const*)
                0x08005b34                RODOS::TopicInterface::TopicInterface(long, long, char const*)
 .text._ZN5RODOS5TopicINS_13GenericMsgRefEED2Ev
                0x08005c10       0x30 C:\Users\Saurav\Desktop\Eclipse 2019\Workspace\rodos\Debug_STM32F4\librodos.a(topic.o)
                0x08005c10                RODOS::Topic<RODOS::GenericMsgRef>::~Topic()
                0x08005c10                RODOS::Topic<RODOS::GenericMsgRef>::~Topic()
 .text._ZN5RODOS5TopicINS_13GenericMsgRefEED0Ev
                0x08005c40       0x20 C:\Users\Saurav\Desktop\Eclipse 2019\Workspace\rodos\Debug_STM32F4\librodos.a(topic.o)
                0x08005c40                RODOS::Topic<RODOS::GenericMsgRef>::~Topic()
 .text._ZN5RODOS5TopicINS_13GenericMsgRefEEC2ElPKc
                0x08005c60       0x2c C:\Users\Saurav\Desktop\Eclipse 2019\Workspace\rodos\Debug_STM32F4\librodos.a(topic.o)
                0x08005c60                RODOS::Topic<RODOS::GenericMsgRef>::Topic(long, char const*)
                0x08005c60                RODOS::Topic<RODOS::GenericMsgRef>::Topic(long, char const*)
 .text._ZN5RODOS5TopicINS_14NetworkMessageEEC2ElPKc
                0x08005c8c       0x30 C:\Users\Saurav\Desktop\Eclipse 2019\Workspace\rodos\Debug_STM32F4\librodos.a(topic.o)
                0x08005c8c                RODOS::Topic<RODOS::NetworkMessage>::Topic(long, char const*)
                0x08005c8c                RODOS::Topic<RODOS::NetworkMessage>::Topic(long, char const*)
 .text._ZN5RODOS5TopicIPvEC2ElPKc
                0x08005cbc       0x2c C:\Users\Saurav\Desktop\Eclipse 2019\Workspace\rodos\Debug_STM32F4\librodos.a(topic.o)
                0x08005cbc                RODOS::Topic<void*>::Topic(long, char const*)
                0x08005cbc                RODOS::Topic<void*>::Topic(long, char const*)
 .text._Z41__static_initialization_and_destruction_0ii
                0x08005ce8      0x104 C:\Users\Saurav\Desktop\Eclipse 2019\Workspace\rodos\Debug_STM32F4\librodos.a(topic.o)
 .text._ZN5RODOS5TopicIPvED2Ev
                0x08005dec       0x30 C:\Users\Saurav\Desktop\Eclipse 2019\Workspace\rodos\Debug_STM32F4\librodos.a(topic.o)
                0x08005dec                RODOS::Topic<void*>::~Topic()
                0x08005dec                RODOS::Topic<void*>::~Topic()
 .text._ZN5RODOS5TopicIPvED0Ev
                0x08005e1c       0x20 C:\Users\Saurav\Desktop\Eclipse 2019\Workspace\rodos\Debug_STM32F4\librodos.a(topic.o)
                0x08005e1c                RODOS::Topic<void*>::~Topic()
 .text._ZN5RODOS5TopicINS_14NetworkMessageEED2Ev
                0x08005e3c       0x30 C:\Users\Saurav\Desktop\Eclipse 2019\Workspace\rodos\Debug_STM32F4\librodos.a(topic.o)
                0x08005e3c                RODOS::Topic<RODOS::NetworkMessage>::~Topic()
                0x08005e3c                RODOS::Topic<RODOS::NetworkMessage>::~Topic()
 .text._ZN5RODOS5TopicINS_14NetworkMessageEED0Ev
                0x08005e6c       0x20 C:\Users\Saurav\Desktop\Eclipse 2019\Workspace\rodos\Debug_STM32F4\librodos.a(topic.o)
                0x08005e6c                RODOS::Topic<RODOS::NetworkMessage>::~Topic()
 .text._GLOBAL__sub_I__ZN5RODOS14TopicInterfaceC2EllPKc
                0x08005e8c       0x10 C:\Users\Saurav\Desktop\Eclipse 2019\Workspace\rodos\Debug_STM32F4\librodos.a(topic.o)
 .text._ZN5RODOS6PutterD2Ev
                0x08005e9c       0x20 C:\Users\Saurav\Desktop\Eclipse 2019\Workspace\rodos\Debug_STM32F4\librodos.a(hal_uart.o)
                0x08005e9c                RODOS::Putter::~Putter()
                0x08005e9c                RODOS::Putter::~Putter()
 .text._ZN5RODOS6PutterD0Ev
                0x08005ebc       0x20 C:\Users\Saurav\Desktop\Eclipse 2019\Workspace\rodos\Debug_STM32F4\librodos.a(hal_uart.o)
                0x08005ebc                RODOS::Putter::~Putter()
 .text._ZN5RODOS6Putter10putGenericEljPKvRKNS_10NetMsgInfoE
                0x08005edc       0x24 C:\Users\Saurav\Desktop\Eclipse 2019\Workspace\rodos\Debug_STM32F4\librodos.a(hal_uart.o)
                0x08005edc                RODOS::Putter::putGeneric(long, unsigned int, void const*, RODOS::NetMsgInfo const&)
 .text.NVIC_EnableIRQ
                0x08005f00       0x34 C:\Users\Saurav\Desktop\Eclipse 2019\Workspace\rodos\Debug_STM32F4\librodos.a(hal_uart.o)
 .text.NVIC_DisableIRQ
                0x08005f34       0x38 C:\Users\Saurav\Desktop\Eclipse 2019\Workspace\rodos\Debug_STM32F4\librodos.a(hal_uart.o)
 .text.NVIC_ClearPendingIRQ
                0x08005f6c       0x38 C:\Users\Saurav\Desktop\Eclipse 2019\Workspace\rodos\Debug_STM32F4\librodos.a(hal_uart.o)
 .text._ZN5RODOS14ReceiveTriggerC2Ev
                0x08005fa4       0x30 C:\Users\Saurav\Desktop\Eclipse 2019\Workspace\rodos\Debug_STM32F4\librodos.a(hal_uart.o)
                0x08005fa4                RODOS::ReceiveTrigger::ReceiveTrigger()
                0x08005fa4                RODOS::ReceiveTrigger::ReceiveTrigger()
 .text._ZN5RODOS11HW_HAL_UARTC2Ev
                0x08005fd4       0x28 C:\Users\Saurav\Desktop\Eclipse 2019\Workspace\rodos\Debug_STM32F4\librodos.a(hal_uart.o)
                0x08005fd4                RODOS::HW_HAL_UART::HW_HAL_UART()
                0x08005fd4                RODOS::HW_HAL_UART::HW_HAL_UART()
 *fill*         0x08005ffc        0x4 
 .text._ZN5RODOS14ReceiveTrigger3runEv
                0x08006000       0xbc C:\Users\Saurav\Desktop\Eclipse 2019\Workspace\rodos\Debug_STM32F4\librodos.a(hal_uart.o)
                0x08006000                RODOS::ReceiveTrigger::run()
 .text._ZN5RODOS8HAL_UARTC2ENS_8UART_IDXENS_8GPIO_PINES2_S2_S2_
                0x080060bc       0x8c C:\Users\Saurav\Desktop\Eclipse 2019\Workspace\rodos\Debug_STM32F4\librodos.a(hal_uart.o)
                0x080060bc                RODOS::HAL_UART::HAL_UART(RODOS::UART_IDX, RODOS::GPIO_PIN, RODOS::GPIO_PIN, RODOS::GPIO_PIN, RODOS::GPIO_PIN)
                0x080060bc                RODOS::HAL_UART::HAL_UART(RODOS::UART_IDX, RODOS::GPIO_PIN, RODOS::GPIO_PIN, RODOS::GPIO_PIN, RODOS::GPIO_PIN)
 .text.USART1_IRQHandler
                0x08006148       0x18 C:\Users\Saurav\Desktop\Eclipse 2019\Workspace\rodos\Debug_STM32F4\librodos.a(hal_uart.o)
                0x08006148                USART1_IRQHandler
 .text.USART2_IRQHandler
                0x08006160       0x18 C:\Users\Saurav\Desktop\Eclipse 2019\Workspace\rodos\Debug_STM32F4\librodos.a(hal_uart.o)
                0x08006160                USART2_IRQHandler
 .text.USART3_IRQHandler
                0x08006178       0x18 C:\Users\Saurav\Desktop\Eclipse 2019\Workspace\rodos\Debug_STM32F4\librodos.a(hal_uart.o)
                0x08006178                USART3_IRQHandler
 .text.UART4_IRQHandler
                0x08006190       0x18 C:\Users\Saurav\Desktop\Eclipse 2019\Workspace\rodos\Debug_STM32F4\librodos.a(hal_uart.o)
                0x08006190                UART4_IRQHandler
 .text.UART5_IRQHandler
                0x080061a8       0x18 C:\Users\Saurav\Desktop\Eclipse 2019\Workspace\rodos\Debug_STM32F4\librodos.a(hal_uart.o)
                0x080061a8                UART5_IRQHandler
 .text.USART6_IRQHandler
                0x080061c0       0x18 C:\Users\Saurav\Desktop\Eclipse 2019\Workspace\rodos\Debug_STM32F4\librodos.a(hal_uart.o)
                0x080061c0                USART6_IRQHandler
 .text.DMA2_Stream7_IRQHandler
                0x080061d8       0x48 C:\Users\Saurav\Desktop\Eclipse 2019\Workspace\rodos\Debug_STM32F4\librodos.a(hal_uart.o)
                0x080061d8                DMA2_Stream7_IRQHandler
 .text.DMA1_Stream6_IRQHandler
                0x08006220       0x48 C:\Users\Saurav\Desktop\Eclipse 2019\Workspace\rodos\Debug_STM32F4\librodos.a(hal_uart.o)
                0x08006220                DMA1_Stream6_IRQHandler
 .text.DMA1_Stream3_IRQHandler
                0x08006268       0x48 C:\Users\Saurav\Desktop\Eclipse 2019\Workspace\rodos\Debug_STM32F4\librodos.a(hal_uart.o)
                0x08006268                DMA1_Stream3_IRQHandler
 .text.DMA2_Stream5_IRQHandler
                0x080062b0       0x48 C:\Users\Saurav\Desktop\Eclipse 2019\Workspace\rodos\Debug_STM32F4\librodos.a(hal_uart.o)
                0x080062b0                DMA2_Stream5_IRQHandler
 .text.DMA1_Stream5_IRQHandler
                0x080062f8       0x48 C:\Users\Saurav\Desktop\Eclipse 2019\Workspace\rodos\Debug_STM32F4\librodos.a(hal_uart.o)
                0x080062f8                DMA1_Stream5_IRQHandler
 .text.DMA1_Stream1_IRQHandler
                0x08006340       0x48 C:\Users\Saurav\Desktop\Eclipse 2019\Workspace\rodos\Debug_STM32F4\librodos.a(hal_uart.o)
                0x08006340                DMA1_Stream1_IRQHandler
 .text._ZN5RODOS8HAL_UART4initEj
                0x08006388       0x3c C:\Users\Saurav\Desktop\Eclipse 2019\Workspace\rodos\Debug_STM32F4\librodos.a(hal_uart.o)
                0x08006388                RODOS::HAL_UART::init(unsigned int)
 .text._ZN5RODOS8HAL_UART6configENS_19UART_PARAMETER_TYPEEi
                0x080063c4      0x1d4 C:\Users\Saurav\Desktop\Eclipse 2019\Workspace\rodos\Debug_STM32F4\librodos.a(hal_uart.o)
                0x080063c4                RODOS::HAL_UART::config(RODOS::UART_PARAMETER_TYPE, int)
 .text._ZN5RODOS8HAL_UART5resetEv
                0x08006598       0xca C:\Users\Saurav\Desktop\Eclipse 2019\Workspace\rodos\Debug_STM32F4\librodos.a(hal_uart.o)
                0x08006598                RODOS::HAL_UART::reset()
 .text._ZN5RODOS8HAL_UART4readEPci
                0x08006662       0xd6 C:\Users\Saurav\Desktop\Eclipse 2019\Workspace\rodos\Debug_STM32F4\librodos.a(hal_uart.o)
                0x08006662                RODOS::HAL_UART::read(char*, int)
 .text._ZN5RODOS8HAL_UART5writeEPKci
                0x08006738       0xf2 C:\Users\Saurav\Desktop\Eclipse 2019\Workspace\rodos\Debug_STM32F4\librodos.a(hal_uart.o)
                0x08006738                RODOS::HAL_UART::write(char const*, int)
 .text._ZN5RODOS8HAL_UART13getcharNoWaitEv
                0x0800682a       0x86 C:\Users\Saurav\Desktop\Eclipse 2019\Workspace\rodos\Debug_STM32F4\librodos.a(hal_uart.o)
                0x0800682a                RODOS::HAL_UART::getcharNoWait()
 .text._ZN5RODOS8HAL_UART13putcharNoWaitEc
                0x080068b0       0xa8 C:\Users\Saurav\Desktop\Eclipse 2019\Workspace\rodos\Debug_STM32F4\librodos.a(hal_uart.o)
                0x080068b0                RODOS::HAL_UART::putcharNoWait(char)
 .text._ZN5RODOS8HAL_UART6statusENS_16UART_STATUS_TYPEE
                0x08006958       0x62 C:\Users\Saurav\Desktop\Eclipse 2019\Workspace\rodos\Debug_STM32F4\librodos.a(hal_uart.o)
                0x08006958                RODOS::HAL_UART::status(RODOS::UART_STATUS_TYPE)
 .text._ZN5RODOS8HAL_UART15isWriteFinishedEv
                0x080069ba       0x58 C:\Users\Saurav\Desktop\Eclipse 2019\Workspace\rodos\Debug_STM32F4\librodos.a(hal_uart.o)
                0x080069ba                RODOS::HAL_UART::isWriteFinished()
 .text._ZN5RODOS8HAL_UART11isDataReadyEv
                0x08006a12       0x3c C:\Users\Saurav\Desktop\Eclipse 2019\Workspace\rodos\Debug_STM32F4\librodos.a(hal_uart.o)
                0x08006a12                RODOS::HAL_UART::isDataReady()
 .text._ZN5RODOS11HW_HAL_UART11initMembersEPNS_8HAL_UARTENS_8UART_IDXENS_8GPIO_PINES4_S4_S4_
                0x08006a4e       0x74 C:\Users\Saurav\Desktop\Eclipse 2019\Workspace\rodos\Debug_STM32F4\librodos.a(hal_uart.o)
                0x08006a4e                RODOS::HW_HAL_UART::initMembers(RODOS::HAL_UART*, RODOS::UART_IDX, RODOS::GPIO_PIN, RODOS::GPIO_PIN, RODOS::GPIO_PIN, RODOS::GPIO_PIN)
 *fill*         0x08006ac2        0x2 
 .text._ZN5RODOS11HW_HAL_UART12DMAConfigureEv
                0x08006ac4      0x190 C:\Users\Saurav\Desktop\Eclipse 2019\Workspace\rodos\Debug_STM32F4\librodos.a(hal_uart.o)
                0x08006ac4                RODOS::HW_HAL_UART::DMAConfigure()
 .text._ZN5RODOS11HW_HAL_UART16DMAStartTransferEPvi
                0x08006c54       0x54 C:\Users\Saurav\Desktop\Eclipse 2019\Workspace\rodos\Debug_STM32F4\librodos.a(hal_uart.o)
                0x08006c54                RODOS::HW_HAL_UART::DMAStartTransfer(void*, int)
 .text._ZN5RODOS11HW_HAL_UART15DMAStartReceiveEPvi
                0x08006ca8       0x6c C:\Users\Saurav\Desktop\Eclipse 2019\Workspace\rodos\Debug_STM32F4\librodos.a(hal_uart.o)
                0x08006ca8                RODOS::HW_HAL_UART::DMAStartReceive(void*, int)
 .text._ZN5RODOS11HW_HAL_UART26DMATransmitFinishedHandlerEv
                0x08006d14       0x88 C:\Users\Saurav\Desktop\Eclipse 2019\Workspace\rodos\Debug_STM32F4\librodos.a(hal_uart.o)
                0x08006d14                RODOS::HW_HAL_UART::DMATransmitFinishedHandler()
 .text._ZN5RODOS11HW_HAL_UART25DMAReceiveFinishedHandlerEv
                0x08006d9c       0x70 C:\Users\Saurav\Desktop\Eclipse 2019\Workspace\rodos\Debug_STM32F4\librodos.a(hal_uart.o)
                0x08006d9c                RODOS::HW_HAL_UART::DMAReceiveFinishedHandler()
 .text._ZN5RODOS11HW_HAL_UART16SendTxBufWithDMAEv
                0x08006e0c       0x44 C:\Users\Saurav\Desktop\Eclipse 2019\Workspace\rodos\Debug_STM32F4\librodos.a(hal_uart.o)
                0x08006e0c                RODOS::HW_HAL_UART::SendTxBufWithDMA()
 .text._ZN5RODOS11HW_HAL_UART22RceiveIntoRxBufWithDMAEv
                0x08006e50       0x66 C:\Users\Saurav\Desktop\Eclipse 2019\Workspace\rodos\Debug_STM32F4\librodos.a(hal_uart.o)
                0x08006e50                RODOS::HW_HAL_UART::RceiveIntoRxBufWithDMA()
 *fill*         0x08006eb6        0x2 
 .text._ZN5RODOS14EnableDMAClockEv
                0x08006eb8       0x34 C:\Users\Saurav\Desktop\Eclipse 2019\Workspace\rodos\Debug_STM32F4\librodos.a(hal_uart.o)
                0x08006eb8                RODOS::EnableDMAClock()
 .text._ZN5RODOS11HW_HAL_UART14UARTIRQHandlerEv
                0x08006eec      0x198 C:\Users\Saurav\Desktop\Eclipse 2019\Workspace\rodos\Debug_STM32F4\librodos.a(hal_uart.o)
                0x08006eec                RODOS::HW_HAL_UART::UARTIRQHandler()
 .text._ZN5RODOS11HW_HAL_UART23getRCC_APBxPeriph_UARTxEv
                0x08007084       0x74 C:\Users\Saurav\Desktop\Eclipse 2019\Workspace\rodos\Debug_STM32F4\librodos.a(hal_uart.o)
                0x08007084                RODOS::HW_HAL_UART::getRCC_APBxPeriph_UARTx()
 .text._ZN5RODOS11HW_HAL_UART16getGPIO_AF_UARTxEv
                0x080070f8       0x68 C:\Users\Saurav\Desktop\Eclipse 2019\Workspace\rodos\Debug_STM32F4\librodos.a(hal_uart.o)
                0x080070f8                RODOS::HW_HAL_UART::getGPIO_AF_UARTx()
 .text._ZN5RODOS11HW_HAL_UART13getUARTx_IRQnEv
                0x08007160       0x58 C:\Users\Saurav\Desktop\Eclipse 2019\Workspace\rodos\Debug_STM32F4\librodos.a(hal_uart.o)
                0x08007160                RODOS::HW_HAL_UART::getUARTx_IRQn()
 .text._ZN5RODOS11HW_HAL_UART8getUARTxEv
                0x080071b8       0x88 C:\Users\Saurav\Desktop\Eclipse 2019\Workspace\rodos\Debug_STM32F4\librodos.a(hal_uart.o)
                0x080071b8                RODOS::HW_HAL_UART::getUARTx()
 .text._ZN5RODOS11HW_HAL_UART4initEj
                0x08007240       0xf0 C:\Users\Saurav\Desktop\Eclipse 2019\Workspace\rodos\Debug_STM32F4\librodos.a(hal_uart.o)
                0x08007240                RODOS::HW_HAL_UART::init(unsigned int)
 .text._ZN5RODOS4FifoIhLi256EED2Ev
                0x08007330       0x24 C:\Users\Saurav\Desktop\Eclipse 2019\Workspace\rodos\Debug_STM32F4\librodos.a(hal_uart.o)
                0x08007330                RODOS::Fifo<unsigned char, 256>::~Fifo()
                0x08007330                RODOS::Fifo<unsigned char, 256>::~Fifo()
 .text._ZN5RODOS4FifoIhLi256EED0Ev
                0x08007354       0x22 C:\Users\Saurav\Desktop\Eclipse 2019\Workspace\rodos\Debug_STM32F4\librodos.a(hal_uart.o)
                0x08007354                RODOS::Fifo<unsigned char, 256>::~Fifo()
 *fill*         0x08007376        0x2 
 .text._ZN5RODOS9BlockFifoIhLi256EEC2Ev
                0x08007378       0x24 C:\Users\Saurav\Desktop\Eclipse 2019\Workspace\rodos\Debug_STM32F4\librodos.a(hal_uart.o)
                0x08007378                RODOS::BlockFifo<unsigned char, 256>::BlockFifo()
                0x08007378                RODOS::BlockFifo<unsigned char, 256>::BlockFifo()
 .text._ZN5RODOS9BlockFifoIhLi256EE15getBufferToReadERi
                0x0800739c       0x5e C:\Users\Saurav\Desktop\Eclipse 2019\Workspace\rodos\Debug_STM32F4\librodos.a(hal_uart.o)
                0x0800739c                RODOS::BlockFifo<unsigned char, 256>::getBufferToRead(int&)
 .text._ZN5RODOS9BlockFifoIhLi256EE13readConcludedEi
                0x080073fa       0x2a C:\Users\Saurav\Desktop\Eclipse 2019\Workspace\rodos\Debug_STM32F4\librodos.a(hal_uart.o)
                0x080073fa                RODOS::BlockFifo<unsigned char, 256>::readConcluded(int)
 .text._ZN5RODOS9BlockFifoIhLi256EE16getBufferToWriteERi
                0x08007424       0x80 C:\Users\Saurav\Desktop\Eclipse 2019\Workspace\rodos\Debug_STM32F4\librodos.a(hal_uart.o)
                0x08007424                RODOS::BlockFifo<unsigned char, 256>::getBufferToWrite(int&)
 .text._ZN5RODOS9BlockFifoIhLi256EE14writeConcludedEi
                0x080074a4       0x2a C:\Users\Saurav\Desktop\Eclipse 2019\Workspace\rodos\Debug_STM32F4\librodos.a(hal_uart.o)
                0x080074a4                RODOS::BlockFifo<unsigned char, 256>::writeConcluded(int)
 .text._ZN5RODOS4FifoIhLi256EE3getERh
                0x080074ce       0x58 C:\Users\Saurav\Desktop\Eclipse 2019\Workspace\rodos\Debug_STM32F4\librodos.a(hal_uart.o)
                0x080074ce                RODOS::Fifo<unsigned char, 256>::get(unsigned char&)
 .text._ZN5RODOS4FifoIhLi256EE3putERKh
                0x08007526       0x58 C:\Users\Saurav\Desktop\Eclipse 2019\Workspace\rodos\Debug_STM32F4\librodos.a(hal_uart.o)
                0x08007526                RODOS::Fifo<unsigned char, 256>::put(unsigned char const&)
 .text._ZN5RODOS4FifoIhLi256EE15getElementCountEv
                0x0800757e       0x3e C:\Users\Saurav\Desktop\Eclipse 2019\Workspace\rodos\Debug_STM32F4\librodos.a(hal_uart.o)
                0x0800757e                RODOS::Fifo<unsigned char, 256>::getElementCount()
 .text._ZN5RODOS4FifoIhLi256EE7isEmptyEv
                0x080075bc       0x2a C:\Users\Saurav\Desktop\Eclipse 2019\Workspace\rodos\Debug_STM32F4\librodos.a(hal_uart.o)
                0x080075bc                RODOS::Fifo<unsigned char, 256>::isEmpty()
 *fill*         0x080075e6        0x2 
 .text._ZN5RODOS6PutterC2Ev
                0x080075e8       0x20 C:\Users\Saurav\Desktop\Eclipse 2019\Workspace\rodos\Debug_STM32F4\librodos.a(hal_uart.o)
                0x080075e8                RODOS::Putter::Putter()
                0x080075e8                RODOS::Putter::Putter()
 .text._ZN5RODOS4FifoIhLi256EEC2Ev
                0x08007608       0x34 C:\Users\Saurav\Desktop\Eclipse 2019\Workspace\rodos\Debug_STM32F4\librodos.a(hal_uart.o)
                0x08007608                RODOS::Fifo<unsigned char, 256>::Fifo()
                0x08007608                RODOS::Fifo<unsigned char, 256>::Fifo()
 .text._ZN5RODOS9BlockFifoIhLi256EE14advanceIndexExEii
                0x0800763c       0x32 C:\Users\Saurav\Desktop\Eclipse 2019\Workspace\rodos\Debug_STM32F4\librodos.a(hal_uart.o)
                0x0800763c                RODOS::BlockFifo<unsigned char, 256>::advanceIndexEx(int, int)
 .text._ZN5RODOS4FifoIhLi256EE12advanceIndexEi
                0x0800766e       0x24 C:\Users\Saurav\Desktop\Eclipse 2019\Workspace\rodos\Debug_STM32F4\librodos.a(hal_uart.o)
                0x0800766e                RODOS::Fifo<unsigned char, 256>::advanceIndex(int)
 *fill*         0x08007692        0x2 
 .text._ZN5RODOS9BlockFifoIhLi256EED2Ev
                0x08007694       0x24 C:\Users\Saurav\Desktop\Eclipse 2019\Workspace\rodos\Debug_STM32F4\librodos.a(hal_uart.o)
                0x08007694                RODOS::BlockFifo<unsigned char, 256>::~BlockFifo()
                0x08007694                RODOS::BlockFifo<unsigned char, 256>::~BlockFifo()
 .text._ZN5RODOS9BlockFifoIhLi256EED0Ev
                0x080076b8       0x22 C:\Users\Saurav\Desktop\Eclipse 2019\Workspace\rodos\Debug_STM32F4\librodos.a(hal_uart.o)
                0x080076b8                RODOS::BlockFifo<unsigned char, 256>::~BlockFifo()
 *fill*         0x080076da        0x2 
 .text._ZN5RODOS14ReceiveTriggerD2Ev
                0x080076dc       0x24 C:\Users\Saurav\Desktop\Eclipse 2019\Workspace\rodos\Debug_STM32F4\librodos.a(hal_uart.o)
                0x080076dc                RODOS::ReceiveTrigger::~ReceiveTrigger()
                0x080076dc                RODOS::ReceiveTrigger::~ReceiveTrigger()
 .text._ZN5RODOS14ReceiveTriggerD0Ev
                0x08007700       0x20 C:\Users\Saurav\Desktop\Eclipse 2019\Workspace\rodos\Debug_STM32F4\librodos.a(hal_uart.o)
                0x08007700                RODOS::ReceiveTrigger::~ReceiveTrigger()
 .text._ZN5RODOS11HW_HAL_UARTD2Ev
                0x08007720       0x28 C:\Users\Saurav\Desktop\Eclipse 2019\Workspace\rodos\Debug_STM32F4\librodos.a(hal_uart.o)
                0x08007720                RODOS::HW_HAL_UART::~HW_HAL_UART()
                0x08007720                RODOS::HW_HAL_UART::~HW_HAL_UART()
 .text.__tcf_0  0x08007748       0x2c C:\Users\Saurav\Desktop\Eclipse 2019\Workspace\rodos\Debug_STM32F4\librodos.a(hal_uart.o)
 .text._Z41__static_initialization_and_destruction_0ii
                0x08007774       0x68 C:\Users\Saurav\Desktop\Eclipse 2019\Workspace\rodos\Debug_STM32F4\librodos.a(hal_uart.o)
 .text._ZN5RODOS4FifoIhLi256EE10putGenericEljPKvRKNS_10NetMsgInfoE
                0x080077dc       0x34 C:\Users\Saurav\Desktop\Eclipse 2019\Workspace\rodos\Debug_STM32F4\librodos.a(hal_uart.o)
                0x080077dc                RODOS::Fifo<unsigned char, 256>::putGeneric(long, unsigned int, void const*, RODOS::NetMsgInfo const&)
 .text._GLOBAL__sub_I__ZN5RODOS17UART_contextArrayE
                0x08007810       0x10 C:\Users\Saurav\Desktop\Eclipse 2019\Workspace\rodos\Debug_STM32F4\librodos.a(hal_uart.o)
 .text.DMA_Init
                0x08007820       0xb0 C:\Users\Saurav\Desktop\Eclipse 2019\Workspace\rodos\Debug_STM32F4\librodos.a(stm32f4xx_dma.o)
                0x08007820                DMA_Init
 .text.DMA_StructInit
                0x080078d0       0x6e C:\Users\Saurav\Desktop\Eclipse 2019\Workspace\rodos\Debug_STM32F4\librodos.a(stm32f4xx_dma.o)
                0x080078d0                DMA_StructInit
 .text.DMA_Cmd  0x0800793e       0x38 C:\Users\Saurav\Desktop\Eclipse 2019\Workspace\rodos\Debug_STM32F4\librodos.a(stm32f4xx_dma.o)
                0x0800793e                DMA_Cmd
 .text.DMA_GetCurrDataCounter
                0x08007976       0x1a C:\Users\Saurav\Desktop\Eclipse 2019\Workspace\rodos\Debug_STM32F4\librodos.a(stm32f4xx_dma.o)
                0x08007976                DMA_GetCurrDataCounter
 .text.DMA_GetCmdStatus
                0x08007990       0x30 C:\Users\Saurav\Desktop\Eclipse 2019\Workspace\rodos\Debug_STM32F4\librodos.a(stm32f4xx_dma.o)
                0x08007990                DMA_GetCmdStatus
 .text.DMA_ITConfig
                0x080079c0       0x74 C:\Users\Saurav\Desktop\Eclipse 2019\Workspace\rodos\Debug_STM32F4\librodos.a(stm32f4xx_dma.o)
                0x080079c0                DMA_ITConfig
 .text.DMA_GetITStatus
                0x08007a34       0xb0 C:\Users\Saurav\Desktop\Eclipse 2019\Workspace\rodos\Debug_STM32F4\librodos.a(stm32f4xx_dma.o)
                0x08007a34                DMA_GetITStatus
 .text.DMA_ClearITPendingBit
                0x08007ae4       0x5c C:\Users\Saurav\Desktop\Eclipse 2019\Workspace\rodos\Debug_STM32F4\librodos.a(stm32f4xx_dma.o)
                0x08007ae4                DMA_ClearITPendingBit
 .text.USART_DeInit
                0x08007b40      0x118 C:\Users\Saurav\Desktop\Eclipse 2019\Workspace\rodos\Debug_STM32F4\librodos.a(stm32f4xx_usart.o)
                0x08007b40                USART_DeInit
 .text.USART_Init
                0x08007c58      0x174 C:\Users\Saurav\Desktop\Eclipse 2019\Workspace\rodos\Debug_STM32F4\librodos.a(stm32f4xx_usart.o)
                0x08007c58                USART_Init
 .text.USART_StructInit
                0x08007dcc       0x3a C:\Users\Saurav\Desktop\Eclipse 2019\Workspace\rodos\Debug_STM32F4\librodos.a(stm32f4xx_usart.o)
                0x08007dcc                USART_StructInit
 .text.USART_Cmd
                0x08007e06       0x40 C:\Users\Saurav\Desktop\Eclipse 2019\Workspace\rodos\Debug_STM32F4\librodos.a(stm32f4xx_usart.o)
                0x08007e06                USART_Cmd
 .text.USART_ReceiveData
                0x08007e46       0x20 C:\Users\Saurav\Desktop\Eclipse 2019\Workspace\rodos\Debug_STM32F4\librodos.a(stm32f4xx_usart.o)
                0x08007e46                USART_ReceiveData
 .text.USART_DMACmd
                0x08007e66       0x48 C:\Users\Saurav\Desktop\Eclipse 2019\Workspace\rodos\Debug_STM32F4\librodos.a(stm32f4xx_usart.o)
                0x08007e66                USART_DMACmd
 .text.USART_ITConfig
                0x08007eae       0x90 C:\Users\Saurav\Desktop\Eclipse 2019\Workspace\rodos\Debug_STM32F4\librodos.a(stm32f4xx_usart.o)
                0x08007eae                USART_ITConfig
 .text.USART_GetFlagStatus
                0x08007f3e       0x38 C:\Users\Saurav\Desktop\Eclipse 2019\Workspace\rodos\Debug_STM32F4\librodos.a(stm32f4xx_usart.o)
                0x08007f3e                USART_GetFlagStatus
 .text.USART_GetITStatus
                0x08007f76       0xb6 C:\Users\Saurav\Desktop\Eclipse 2019\Workspace\rodos\Debug_STM32F4\librodos.a(stm32f4xx_usart.o)
                0x08007f76                USART_GetITStatus
 .text._ZN5RODOS18getIsHostBigEndianEv
                0x0800802c       0x18 C:\Users\Saurav\Desktop\Eclipse 2019\Workspace\rodos\Debug_STM32F4\librodos.a(hostinfos.o)
                0x0800802c                RODOS::getIsHostBigEndian()
 .text._ZN5RODOS26getSpeedKiloLoopsPerSecondEv
                0x08008044       0x12 C:\Users\Saurav\Desktop\Eclipse 2019\Workspace\rodos\Debug_STM32F4\librodos.a(hostinfos.o)
                0x08008044                RODOS::getSpeedKiloLoopsPerSecond()
 .text._ZN5RODOS20getYieldTimeOverheadEv
                0x08008056       0x12 C:\Users\Saurav\Desktop\Eclipse 2019\Workspace\rodos\Debug_STM32F4\librodos.a(hostinfos.o)
                0x08008056                RODOS::getYieldTimeOverhead()
 .text._ZN5RODOS14getHostCpuArchEv
                0x08008068       0x14 C:\Users\Saurav\Desktop\Eclipse 2019\Workspace\rodos\Debug_STM32F4\librodos.a(hostinfos.o)
                0x08008068                RODOS::getHostCpuArch()
 .text._ZN5RODOS14getHostBasisOSEv
                0x0800807c       0x14 C:\Users\Saurav\Desktop\Eclipse 2019\Workspace\rodos\Debug_STM32F4\librodos.a(hostinfos.o)
                0x0800807c                RODOS::getHostBasisOS()
 .text.NVIC_SetPriority
                0x08008090       0x5c C:\Users\Saurav\Desktop\Eclipse 2019\Workspace\rodos\Debug_STM32F4\librodos.a(hw_specific.o)
 .text._ZN5RODOS6hwInitEv
                0x080080ec       0x84 C:\Users\Saurav\Desktop\Eclipse 2019\Workspace\rodos\Debug_STM32F4\librodos.a(hw_specific.o)
                0x080080ec                RODOS::hwInit()
 .text._ZN5RODOS19hwDisableInterruptsEv
                0x08008170       0x10 C:\Users\Saurav\Desktop\Eclipse 2019\Workspace\rodos\Debug_STM32F4\librodos.a(hw_specific.o)
                0x08008170                RODOS::hwDisableInterrupts()
 .text._ZN5RODOS18hwEnableInterruptsEv
                0x08008180       0x10 C:\Users\Saurav\Desktop\Eclipse 2019\Workspace\rodos\Debug_STM32F4\librodos.a(hw_specific.o)
                0x08008180                RODOS::hwEnableInterrupts()
 .text._ZN5RODOS13hwInitContextEPlPv
                0x08008190       0x64 C:\Users\Saurav\Desktop\Eclipse 2019\Workspace\rodos\Debug_STM32F4\librodos.a(hw_specific.o)
                0x08008190                RODOS::hwInitContext(long*, void*)
 .text._ZN5RODOS15startIdleThreadEv
                0x080081f4       0x18 C:\Users\Saurav\Desktop\Eclipse 2019\Workspace\rodos\Debug_STM32F4\librodos.a(hw_specific.o)
                0x080081f4                RODOS::startIdleThread()
 .text.SVC_Handler
                0x0800820c       0x18 C:\Users\Saurav\Desktop\Eclipse 2019\Workspace\rodos\Debug_STM32F4\librodos.a(hw_specific.o)
                0x0800820c                SVC_Handler
 .text.PendSV_Handler
                0x08008224       0x3c C:\Users\Saurav\Desktop\Eclipse 2019\Workspace\rodos\Debug_STM32F4\librodos.a(hw_specific.o)
                0x08008224                PendSV_Handler
 .text.__asmSwitchToContext
                0x08008260       0x20 C:\Users\Saurav\Desktop\Eclipse 2019\Workspace\rodos\Debug_STM32F4\librodos.a(hw_specific.o)
                0x08008260                __asmSwitchToContext
 .text.__asmSaveContextAndCallScheduler
                0x08008280       0x20 C:\Users\Saurav\Desktop\Eclipse 2019\Workspace\rodos\Debug_STM32F4\librodos.a(hw_specific.o)
                0x08008280                __asmSaveContextAndCallScheduler
 .text.TIM5_ISR4LSI
                0x080082a0       0x7c C:\Users\Saurav\Desktop\Eclipse 2019\Workspace\rodos\Debug_STM32F4\librodos.a(hw_specific.o)
                0x080082a0                TIM5_ISR4LSI
 .text.TIM5_ISR_USER
                0x0800831c        0xe C:\Users\Saurav\Desktop\Eclipse 2019\Workspace\rodos\Debug_STM32F4\librodos.a(hw_specific.o)
                0x0800831c                TIM5_ISR_USER
 *fill*         0x0800832a        0x2 
 .text.TIM5_IRQHandler
                0x0800832c       0x20 C:\Users\Saurav\Desktop\Eclipse 2019\Workspace\rodos\Debug_STM32F4\librodos.a(hw_specific.o)
                0x0800832c                TIM5_IRQHandler
 .text._ZN5RODOSL15GetLSIFrequencyEv
                0x0800834c      0x124 C:\Users\Saurav\Desktop\Eclipse 2019\Workspace\rodos\Debug_STM32F4\librodos.a(hw_specific.o)
 .text._Z41__static_initialization_and_destruction_0ii
                0x08008470       0x40 C:\Users\Saurav\Desktop\Eclipse 2019\Workspace\rodos\Debug_STM32F4\librodos.a(hw_specific.o)
 .text._GLOBAL__sub_I_contextT
                0x080084b0       0x10 C:\Users\Saurav\Desktop\Eclipse 2019\Workspace\rodos\Debug_STM32F4\librodos.a(hw_specific.o)
 .text.NVIC_EnableIRQ
                0x080084c0       0x34 C:\Users\Saurav\Desktop\Eclipse 2019\Workspace\rodos\Debug_STM32F4\librodos.a(hw_timer.o)
 .text.NVIC_ClearPendingIRQ
                0x080084f4       0x38 C:\Users\Saurav\Desktop\Eclipse 2019\Workspace\rodos\Debug_STM32F4\librodos.a(hw_timer.o)
 .text.NVIC_SetPriority
                0x0800852c       0x5c C:\Users\Saurav\Desktop\Eclipse 2019\Workspace\rodos\Debug_STM32F4\librodos.a(hw_timer.o)
 .text.SysTick_Handler
                0x08008588       0x6c C:\Users\Saurav\Desktop\Eclipse 2019\Workspace\rodos\Debug_STM32F4\librodos.a(hw_timer.o)
                0x08008588                SysTick_Handler
 .text.SysTick_Config_New
                0x080085f4       0x40 C:\Users\Saurav\Desktop\Eclipse 2019\Workspace\rodos\Debug_STM32F4\librodos.a(hw_timer.o)
 .text.SysTick_Enable
                0x08008634       0x1c C:\Users\Saurav\Desktop\Eclipse 2019\Workspace\rodos\Debug_STM32F4\librodos.a(hw_timer.o)
 .text.SysTick_Disable
                0x08008650       0x1c C:\Users\Saurav\Desktop\Eclipse 2019\Workspace\rodos\Debug_STM32F4\librodos.a(hw_timer.o)
 .text._ZN5RODOS5Timer4initEv
                0x0800866c       0x4c C:\Users\Saurav\Desktop\Eclipse 2019\Workspace\rodos\Debug_STM32F4\librodos.a(hw_timer.o)
                0x0800866c                RODOS::Timer::init()
 .text._ZN5RODOS5Timer5startEv
                0x080086b8       0x50 C:\Users\Saurav\Desktop\Eclipse 2019\Workspace\rodos\Debug_STM32F4\librodos.a(hw_timer.o)
                0x080086b8                RODOS::Timer::start()
 .text._ZN5RODOS5Timer4stopEv
                0x08008708        0xc C:\Users\Saurav\Desktop\Eclipse 2019\Workspace\rodos\Debug_STM32F4\librodos.a(hw_timer.o)
                0x08008708                RODOS::Timer::stop()
 .text._ZN5RODOS5Timer11setIntervalEx
                0x08008714       0x24 C:\Users\Saurav\Desktop\Eclipse 2019\Workspace\rodos\Debug_STM32F4\librodos.a(hw_timer.o)
                0x08008714                RODOS::Timer::setInterval(long long)
 .text.TIM1_TRG_COM_TIM11_IRQHandler
                0x08008738       0x3c C:\Users\Saurav\Desktop\Eclipse 2019\Workspace\rodos\Debug_STM32F4\librodos.a(hw_timer.o)
                0x08008738                TIM1_TRG_COM_TIM11_IRQHandler
 .text._ZN5RODOS9TIMx_initEv
                0x08008774       0xb4 C:\Users\Saurav\Desktop\Eclipse 2019\Workspace\rodos\Debug_STM32F4\librodos.a(hw_timer.o)
                0x08008774                RODOS::TIMx_init()
 .text._ZN5RODOS16hwGetNanosecondsEv
                0x08008828       0xc4 C:\Users\Saurav\Desktop\Eclipse 2019\Workspace\rodos\Debug_STM32F4\librodos.a(hw_timer.o)
                0x08008828                RODOS::hwGetNanoseconds()
 .text._ZN5RODOS10hwInitTimeEv
                0x080088ec       0x20 C:\Users\Saurav\Desktop\Eclipse 2019\Workspace\rodos\Debug_STM32F4\librodos.a(hw_timer.o)
                0x080088ec                RODOS::hwInitTime()
 .text._ZN5RODOS11Application4initEv
                0x0800890c       0x14 C:\Users\Saurav\Desktop\Eclipse 2019\Workspace\rodos\Debug_STM32F4\librodos.a(application.o)
                0x0800890c                RODOS::Application::init()
 .text._ZN5RODOS11ApplicationC2EPKcl
                0x08008920       0x40 C:\Users\Saurav\Desktop\Eclipse 2019\Workspace\rodos\Debug_STM32F4\librodos.a(application.o)
                0x08008920                RODOS::Application::Application(char const*, long)
                0x08008920                RODOS::Application::Application(char const*, long)
 .text._ZN5RODOS11ApplicationD2Ev
                0x08008960       0x30 C:\Users\Saurav\Desktop\Eclipse 2019\Workspace\rodos\Debug_STM32F4\librodos.a(application.o)
                0x08008960                RODOS::Application::~Application()
                0x08008960                RODOS::Application::~Application()
 .text._ZN5RODOS11ApplicationD0Ev
                0x08008990       0x20 C:\Users\Saurav\Desktop\Eclipse 2019\Workspace\rodos\Debug_STM32F4\librodos.a(application.o)
                0x08008990                RODOS::Application::~Application()
 .text._ZN5RODOS11Application8activateEv
                0x080089b0       0x1a C:\Users\Saurav\Desktop\Eclipse 2019\Workspace\rodos\Debug_STM32F4\librodos.a(application.o)
                0x080089b0                RODOS::Application::activate()
 .text._ZN5RODOS11Application10deactivateEv
                0x080089ca       0x1a C:\Users\Saurav\Desktop\Eclipse 2019\Workspace\rodos\Debug_STM32F4\librodos.a(application.o)
                0x080089ca                RODOS::Application::deactivate()
 .text._ZN5RODOS11Application7requestEPviS1_i
                0x080089e4       0x1e C:\Users\Saurav\Desktop\Eclipse 2019\Workspace\rodos\Debug_STM32F4\librodos.a(application.o)
                0x080089e4                RODOS::Application::request(void*, int, void*, int)
 *fill*         0x08008a02        0x2 
 .text._ZN5RODOS11Application17printApplicationsEv
                0x08008a04       0x64 C:\Users\Saurav\Desktop\Eclipse 2019\Workspace\rodos\Debug_STM32F4\librodos.a(application.o)
                0x08008a04                RODOS::Application::printApplications()
 .text._ZN5RODOS10computeCrcEPKhll
                0x08008a68       0x82 C:\Users\Saurav\Desktop\Eclipse 2019\Workspace\rodos\Debug_STM32F4\librodos.a(checksumes.o)
                0x08008a68                RODOS::computeCrc(unsigned char const*, long, long)
 .text._ZN5RODOS4hashEPKc
                0x08008aea       0x90 C:\Users\Saurav\Desktop\Eclipse 2019\Workspace\rodos\Debug_STM32F4\librodos.a(checksumes.o)
                0x08008aea                RODOS::hash(char const*)
 *fill*         0x08008b7a        0x2 
 .text.DBGMCU_Config
                0x08008b7c       0x40 C:\Users\Saurav\Desktop\Eclipse 2019\Workspace\rodos\Debug_STM32F4\librodos.a(stm32f4xx_dbgmcu.o)
                0x08008b7c                DBGMCU_Config
 .text.NVIC_Init
                0x08008bbc       0xc4 C:\Users\Saurav\Desktop\Eclipse 2019\Workspace\rodos\Debug_STM32F4\librodos.a(stm32f4xx_misc.o)
                0x08008bbc                NVIC_Init
 .text.__aeabi_atexit
                0x08008c80        0xc c:/users/saurav/desktop/eclipse 2019/gnu tools arm embedded/bin/../lib/gcc/arm-none-eabi/8.3.1/../../../../arm-none-eabi/lib/thumb/v7e-m+fp/softfp\libc.a(lib_a-aeabi_atexit.o)
                0x08008c80                __aeabi_atexit
 *(.rodata)
 .rodata        0x08008c8c       0x81 ./DockingEPSTestings.o
 *fill*         0x08008d0d        0x3 
 .rodata        0x08008d10       0x1d ./HelloWorld_Templeate.o
 *fill*         0x08008d2d        0x3 
 .rodata        0x08008d30       0x46 C:\Users\Saurav\Desktop\Eclipse 2019\Workspace\rodos\Debug_STM32F4\librodos.a(debug.o)
 *fill*         0x08008d76        0x2 
 .rodata        0x08008d78       0x57 C:\Users\Saurav\Desktop\Eclipse 2019\Workspace\rodos\Debug_STM32F4\librodos.a(hal_gpio.o)
 *fill*         0x08008dcf        0x1 
 .rodata        0x08008dd0       0x13 C:\Users\Saurav\Desktop\Eclipse 2019\Workspace\rodos\Debug_STM32F4\librodos.a(hal_pwm.o)
 *fill*         0x08008de3        0x1 
 .rodata        0x08008de4       0xc2 C:\Users\Saurav\Desktop\Eclipse 2019\Workspace\rodos\Debug_STM32F4\librodos.a(thread_on_hw.o)
 *fill*         0x08008ea6        0x2 
 .rodata        0x08008ea8       0x6c C:\Users\Saurav\Desktop\Eclipse 2019\Workspace\rodos\Debug_STM32F4\librodos.a(listelement.o)
 .rodata        0x08008f14      0x21a C:\Users\Saurav\Desktop\Eclipse 2019\Workspace\rodos\Debug_STM32F4\librodos.a(main.o)
 *fill*         0x0800912e        0x2 
 .rodata        0x08009130       0x17 C:\Users\Saurav\Desktop\Eclipse 2019\Workspace\rodos\Debug_STM32F4\librodos.a(main_usermain.o)
 *fill*         0x08009147        0x1 
 .rodata        0x08009148       0x3b C:\Users\Saurav\Desktop\Eclipse 2019\Workspace\rodos\Debug_STM32F4\librodos.a(miscs.o)
 *fill*         0x08009183        0x1 
 .rodata        0x08009184      0x11a C:\Users\Saurav\Desktop\Eclipse 2019\Workspace\rodos\Debug_STM32F4\librodos.a(topic.o)
 *fill*         0x0800929e        0x2 
 .rodata        0x080092a0       0xa7 C:\Users\Saurav\Desktop\Eclipse 2019\Workspace\rodos\Debug_STM32F4\librodos.a(hal_uart.o)
 *fill*         0x08009347        0x1 
 .rodata        0x08009348       0x1e C:\Users\Saurav\Desktop\Eclipse 2019\Workspace\rodos\Debug_STM32F4\librodos.a(hostinfos.o)
 *fill*         0x08009366        0x2 
 .rodata        0x08009368        0xe C:\Users\Saurav\Desktop\Eclipse 2019\Workspace\rodos\Debug_STM32F4\librodos.a(hw_specific.o)
 *fill*         0x08009376        0x2 
 .rodata        0x08009378       0x27 C:\Users\Saurav\Desktop\Eclipse 2019\Workspace\rodos\Debug_STM32F4\librodos.a(application.o)
 *(.rodata*)
 *fill*         0x0800939f        0x1 
 .rodata._ZTV10DockingEPS
                0x080093a0       0x18 ./DockingEPSTestings.o
                0x080093a0                vtable for DockingEPS
 .rodata._ZTV10HelloWorld
                0x080093b8       0x18 ./HelloWorld_Templeate.o
                0x080093b8                vtable for HelloWorld
 .rodata._ZTVN5RODOS7YprintfE
                0x080093d0       0x14 C:\Users\Saurav\Desktop\Eclipse 2019\Workspace\rodos\Debug_STM32F4\librodos.a(debug.o)
                0x080093d0                vtable for RODOS::Yprintf
 .rodata._ZTVN5RODOS8HAL_GPIOE
                0x080093e4       0x3c C:\Users\Saurav\Desktop\Eclipse 2019\Workspace\rodos\Debug_STM32F4\librodos.a(hal_gpio.o)
                0x080093e4                vtable for RODOS::HAL_GPIO
 .rodata._ZTVN5RODOS7HAL_PWME
                0x08009420       0x3c C:\Users\Saurav\Desktop\Eclipse 2019\Workspace\rodos\Debug_STM32F4\librodos.a(hal_pwm.o)
                0x08009420                vtable for RODOS::HAL_PWM
 .rodata._ZTVN5RODOS10IdleThreadE
                0x0800945c       0x18 C:\Users\Saurav\Desktop\Eclipse 2019\Workspace\rodos\Debug_STM32F4\librodos.a(thread_on_hw.o)
                0x0800945c                vtable for RODOS::IdleThread
 .rodata._ZTVN5RODOS6ThreadE
                0x08009474       0x18 C:\Users\Saurav\Desktop\Eclipse 2019\Workspace\rodos\Debug_STM32F4\librodos.a(thread_on_hw.o)
                0x08009474                vtable for RODOS::Thread
 .rodata._ZTVN5RODOS18GenericIOInterfaceE
                0x0800948c       0x3c C:\Users\Saurav\Desktop\Eclipse 2019\Workspace\rodos\Debug_STM32F4\librodos.a(genericIO.o)
                0x0800948c                vtable for RODOS::GenericIOInterface
 .rodata._ZTVN5RODOS5TopicIPvEE
                0x080094c8       0x10 C:\Users\Saurav\Desktop\Eclipse 2019\Workspace\rodos\Debug_STM32F4\librodos.a(topic.o)
                0x080094c8                vtable for RODOS::Topic<void*>
 .rodata._ZTVN5RODOS5TopicINS_14NetworkMessageEEE
                0x080094d8       0x10 C:\Users\Saurav\Desktop\Eclipse 2019\Workspace\rodos\Debug_STM32F4\librodos.a(topic.o)
                0x080094d8                vtable for RODOS::Topic<RODOS::NetworkMessage>
 .rodata._ZTVN5RODOS5TopicINS_13GenericMsgRefEEE
                0x080094e8       0x10 C:\Users\Saurav\Desktop\Eclipse 2019\Workspace\rodos\Debug_STM32F4\librodos.a(topic.o)