Archive member included to satisfy reference by file (symbol)

C:\Eclipse 2019\Workspace\rodos\Debug_STM32F4\librodos.a(application.o)
                              ./DecaWaveDistanceMeasurement.o (RODOS::Application::Application(char const*, long))
C:\Eclipse 2019\Workspace\rodos\Debug_STM32F4\librodos.a(debug.o)
                              ./DecaWaveDistanceMeasurement.o (RODOS::PRINTF(char const*, ...))
C:\Eclipse 2019\Workspace\rodos\Debug_STM32F4\librodos.a(genericIO.o)
                              ./DockingMain.o (vtable for RODOS::GenericIOInterface)
C:\Eclipse 2019\Workspace\rodos\Debug_STM32F4\librodos.a(globaldata.o)
                              ./DecaWaveDistanceMeasurement.o (RODOS::getNodeNumber())
C:\Eclipse 2019\Workspace\rodos\Debug_STM32F4\librodos.a(listelement.o)
                              C:\Eclipse 2019\Workspace\rodos\Debug_STM32F4\librodos.a(application.o) (RODOS::ListElement::ListElement(RODOS::ListElement*&, char const*, void*))
C:\Eclipse 2019\Workspace\rodos\Debug_STM32F4\librodos.a(printfverbosity.o)
                              C:\Eclipse 2019\Workspace\rodos\Debug_STM32F4\librodos.a(debug.o) (printfVerbosity)
C:\Eclipse 2019\Workspace\rodos\Debug_STM32F4\librodos.a(string_pico.o)
                              ./DockingMain.o (RODOS::strlen(char const*))
C:\Eclipse 2019\Workspace\rodos\Debug_STM32F4\librodos.a(subscriber.o)
                              ./DecaWaveDistanceMeasurement.o (vtable for RODOS::Subscriber)
C:\Eclipse 2019\Workspace\rodos\Debug_STM32F4\librodos.a(thread.o)
                              C:\Eclipse 2019\Workspace\rodos\Debug_STM32F4\librodos.a(globaldata.o) (RODOS::Thread::setPrioCurrentRunner(long))
C:\Eclipse 2019\Workspace\rodos\Debug_STM32F4\librodos.a(timemodel.o)
                              ./wrapper/deca_sleep.o (RODOS::TimeModel::getNanoseconds())
C:\Eclipse 2019\Workspace\rodos\Debug_STM32F4\librodos.a(topic.o)
                              ./topics.o (RODOS::TopicInterface::TopicInterface(long, long, char const*))
C:\Eclipse 2019\Workspace\rodos\Debug_STM32F4\librodos.a(yprintf.o)
                              C:\Eclipse 2019\Workspace\rodos\Debug_STM32F4\librodos.a(debug.o) (RODOS::Yprintf::vaprintf(char const*))
C:\Eclipse 2019\Workspace\rodos\Debug_STM32F4\librodos.a(call_constructors.o)
                              ./DecaWaveDistanceMeasurement.o (__dso_handle)
C:\Eclipse 2019\Workspace\rodos\Debug_STM32F4\librodos.a(startup_stm32f4xx.o)
                              (Reset_Handler)
C:\Eclipse 2019\Workspace\rodos\Debug_STM32F4\librodos.a(hal_adc.o)
                              ./DockingMain.o (RODOS::HAL_ADC::HAL_ADC(RODOS::ADC_IDX))
C:\Eclipse 2019\Workspace\rodos\Debug_STM32F4\librodos.a(hal_gpio.o)
                              ./DockingMain.o (vtable for RODOS::HAL_GPIO)
C:\Eclipse 2019\Workspace\rodos\Debug_STM32F4\librodos.a(hal_i2c.o)
                              ./VL53L4CD/platform_TAMARIW.o (RODOS::HAL_I2C::HAL_I2C(RODOS::I2C_IDX, RODOS::GPIO_PIN, RODOS::GPIO_PIN))
C:\Eclipse 2019\Workspace\rodos\Debug_STM32F4\librodos.a(hal_pwm.o)
                              ./DockingMain.o (vtable for RODOS::HAL_PWM)
C:\Eclipse 2019\Workspace\rodos\Debug_STM32F4\librodos.a(hal_spi.o)
                              ./wrapper/deca_spi.o (RODOS::HAL_SPI::HAL_SPI(RODOS::SPI_IDX, RODOS::GPIO_PIN, RODOS::GPIO_PIN, RODOS::GPIO_PIN))
C:\Eclipse 2019\Workspace\rodos\Debug_STM32F4\librodos.a(hal_uart.o)
                              ./DockingMain.o (RODOS::HAL_UART::HAL_UART(RODOS::UART_IDX, RODOS::GPIO_PIN, RODOS::GPIO_PIN, RODOS::GPIO_PIN, RODOS::GPIO_PIN))
C:\Eclipse 2019\Workspace\rodos\Debug_STM32F4\librodos.a(stm32f4xx_adc.o)
                              C:\Eclipse 2019\Workspace\rodos\Debug_STM32F4\librodos.a(hal_adc.o) (ADC_Init)
C:\Eclipse 2019\Workspace\rodos\Debug_STM32F4\librodos.a(stm32f4xx_dma.o)
                              C:\Eclipse 2019\Workspace\rodos\Debug_STM32F4\librodos.a(hal_spi.o) (DMA_Init)
C:\Eclipse 2019\Workspace\rodos\Debug_STM32F4\librodos.a(stm32f4xx_gpio.o)
                              C:\Eclipse 2019\Workspace\rodos\Debug_STM32F4\librodos.a(hal_adc.o) (GPIO_Init)
C:\Eclipse 2019\Workspace\rodos\Debug_STM32F4\librodos.a(stm32f4xx_i2c.o)
                              C:\Eclipse 2019\Workspace\rodos\Debug_STM32F4\librodos.a(hal_i2c.o) (I2C_DeInit)
C:\Eclipse 2019\Workspace\rodos\Debug_STM32F4\librodos.a(stm32f4xx_rcc.o)
                              C:\Eclipse 2019\Workspace\rodos\Debug_STM32F4\librodos.a(hal_pwm.o) (RCC_GetClocksFreq)
C:\Eclipse 2019\Workspace\rodos\Debug_STM32F4\librodos.a(stm32f4xx_spi.o)
                              C:\Eclipse 2019\Workspace\rodos\Debug_STM32F4\librodos.a(hal_spi.o) (SPI_Init)
C:\Eclipse 2019\Workspace\rodos\Debug_STM32F4\librodos.a(stm32f4xx_syscfg.o)
                              C:\Eclipse 2019\Workspace\rodos\Debug_STM32F4\librodos.a(hal_gpio.o) (SYSCFG_EXTILineConfig)
C:\Eclipse 2019\Workspace\rodos\Debug_STM32F4\librodos.a(stm32f4xx_tim.o)
[...]
Memory Configuration

Name             Origin             Length             Attributes
FLASH            0x08000000         0x00100000         xr
RAM              0x20000000         0x00020000         xrw
CCMRAM           0x10000000         0x00010000         xrw
MEMORY_B1        0x60000000         0x00000000         xr
*default*        0x00000000         0xffffffff

Linker script and memory map

LOAD ./wrapper/deca_mutex.o
LOAD ./wrapper/deca_sleep.o
LOAD ./wrapper/deca_spi.o
LOAD ./wrapper/port.o
LOAD ./decadriver/deca_device.o
LOAD ./decadriver/deca_params_init.o
LOAD ./decadriver/deca_range_tables.o
LOAD ./VL53L4CD/MedianFilter.o
LOAD ./VL53L4CD/VL53L4CD_api.o
LOAD ./VL53L4CD/VL53L4CD_calibration.o
LOAD ./VL53L4CD/platform_TAMARIW.o
LOAD ./DecaWaveDistanceMeasurement.o
LOAD ./DockingMain.o
LOAD ./LiDAR_Ranging_Thread.o
LOAD ./decaWaveModule.o
LOAD ./topics.o
LOAD C:\Eclipse 2019\Workspace\rodos\Debug_STM32F4\librodos.a
LOAD C:\Eclipse 2019\Workspace\support_libs\Debug_STM32F4\libsupport.a
LOAD c:/eclipse 2019/gnu tools arm embedded/bin/../lib/gcc/arm-none-eabi/8.3.1/../../../../arm-none-eabi/lib/thumb/v7e-m+fp/softfp\libm.a
                0x20020000                _estack = 0x20020000
                0x00001000                _Min_Heap_Size = 0x1000
                0x00000400                _Min_Stack_Size = 0x400

.isr_vector     0x08000000      0x18c
                0x08000000                . = ALIGN (0x4)
                0x08000000                _image_address = .
 *(.isr_vector)
 .isr_vector    0x08000000      0x18c C:\Eclipse 2019\Workspace\rodos\Debug_STM32F4\librodos.a(startup_stm32f4xx.o)
                0x08000000                g_pfnVectors
                0x0800018c                . = ALIGN (0x4)

.text           0x080001c0    0x14e08
                0x080001c0                . = ALIGN (0x4)
 *(.text)
 .text          0x080001c0      0x134 c:/eclipse 2019/gnu tools arm embedded/bin/../lib/gcc/arm-none-eabi/8.3.1/../../../../arm-none-eabi/lib/thumb/v7e-m+fp/softfp\libc.a(lib_a-memcpy.o)
                0x080001c0                memcpy
 *fill*         0x080002f4        0xc 
 .text          0x08000300       0xdc c:/eclipse 2019/gnu tools arm embedded/bin/../lib/gcc/arm-none-eabi/8.3.1/../../../../arm-none-eabi/lib/thumb/v7e-m+fp/softfp\libc.a(lib_a-strlen.o)
                0x08000300                strlen
 .text          0x080003dc      0x378 c:/eclipse 2019/gnu tools arm embedded/bin/../lib/gcc/arm-none-eabi/8.3.1/thumb/v7e-m+fp/softfp\libgcc.a(_arm_addsubdf3.o)
                0x080003dc                __aeabi_drsub
                0x080003e4                __aeabi_dsub
                0x080003e4                __subdf3
                0x080003e8                __aeabi_dadd
                0x080003e8                __adddf3
                0x08000660                __floatunsidf
                0x08000660                __aeabi_ui2d
                0x08000680                __floatsidf
                0x08000680                __aeabi_i2d
                0x080006a4                __aeabi_f2d
                0x080006a4                __extendsfdf2
                0x080006e8                __floatundidf
                0x080006e8                __aeabi_ul2d
                0x080006f8                __floatdidf
                0x080006f8                __aeabi_l2d
 .text          0x08000754      0x424 c:/eclipse 2019/gnu tools arm embedded/bin/../lib/gcc/arm-none-eabi/8.3.1/thumb/v7e-m+fp/softfp\libgcc.a(_arm_muldivdf3.o)
                0x08000754                __aeabi_dmul
                0x08000754                __muldf3
                0x080009a8                __divdf3
                0x080009a8                __aeabi_ddiv
 .text          0x08000b78      0x110 c:/eclipse 2019/gnu tools arm embedded/bin/../lib/gcc/arm-none-eabi/8.3.1/thumb/v7e-m+fp/softfp\libgcc.a(_arm_cmpdf2.o)
                0x08000b78                __gtdf2
                0x08000b78                __gedf2
                0x08000b80                __ltdf2
                0x08000b80                __ledf2
                0x08000b88                __nedf2
                0x08000b88                __eqdf2
                0x08000b88                __cmpdf2
                0x08000c04                __aeabi_cdrcmple
                0x08000c14                __aeabi_cdcmpeq
                0x08000c14                __aeabi_cdcmple
                0x08000c24                __aeabi_dcmpeq
                0x08000c38                __aeabi_dcmplt
                0x08000c4c                __aeabi_dcmple
                0x08000c60                __aeabi_dcmpge
                0x08000c74                __aeabi_dcmpgt
 .text          0x08000c88       0x50 c:/eclipse 2019/gnu tools arm embedded/bin/../lib/gcc/arm-none-eabi/8.3.1/thumb/v7e-m+fp/softfp\libgcc.a(_arm_fixdfsi.o)
                0x08000c88                __aeabi_d2iz
                0x08000c88                __fixdfsi
 .text          0x08000cd8       0x40 c:/eclipse 2019/gnu tools arm embedded/bin/../lib/gcc/arm-none-eabi/8.3.1/thumb/v7e-m+fp/softfp\libgcc.a(_arm_fixunsdfsi.o)
                0x08000cd8                __aeabi_d2uiz
                0x08000cd8                __fixunsdfsi
 .text          0x08000d18       0xa0 c:/eclipse 2019/gnu tools arm embedded/bin/../lib/gcc/arm-none-eabi/8.3.1/thumb/v7e-m+fp/softfp\libgcc.a(_arm_truncdfsf2.o)
                0x08000d18                __truncdfsf2
                0x08000d18                __aeabi_d2f
 .text          0x08000db8       0xa0 c:/eclipse 2019/gnu tools arm embedded/bin/../lib/gcc/arm-none-eabi/8.3.1/thumb/v7e-m+fp/softfp\libgcc.a(_aeabi_ldivmod.o)
                0x08000db8                __aeabi_ldivmod
 .text          0x08000e58       0x30 c:/eclipse 2019/gnu tools arm embedded/bin/../lib/gcc/arm-none-eabi/8.3.1/thumb/v7e-m+fp/softfp\libgcc.a(_aeabi_uldivmod.o)
                0x08000e58                __aeabi_uldivmod
 .text          0x08000e88       0x30 c:/eclipse 2019/gnu tools arm embedded/bin/../lib/gcc/arm-none-eabi/8.3.1/thumb/v7e-m+fp/softfp\libgcc.a(_fixdfdi.o)
                0x08000e88                __fixdfdi
                0x08000e88                __aeabi_d2lz
 .text          0x08000eb8       0x3c c:/eclipse 2019/gnu tools arm embedded/bin/../lib/gcc/arm-none-eabi/8.3.1/thumb/v7e-m+fp/softfp\libgcc.a(_fixunsdfdi.o)
                0x08000eb8                __fixunsdfdi
                0x08000eb8                __aeabi_d2ulz
 .text          0x08000ef4      0x2d0 c:/eclipse 2019/gnu tools arm embedded/bin/../lib/gcc/arm-none-eabi/8.3.1/thumb/v7e-m+fp/softfp\libgcc.a(_udivmoddi4.o)
                0x08000ef4                __udivmoddi4
 .text          0x080011c4        0x4 c:/eclipse 2019/gnu tools arm embedded/bin/../lib/gcc/arm-none-eabi/8.3.1/thumb/v7e-m+fp/softfp\libgcc.a(_dvmd_tls.o)
                0x080011c4                __aeabi_idiv0
                0x080011c4                __aeabi_ldiv0
 *(.text*)
 .text.decamutexon
                0x080011c8       0x18 ./wrapper/deca_mutex.o
                0x080011c8                decamutexon
 .text.decamutexoff
                0x080011e0       0x1c ./wrapper/deca_mutex.o
                0x080011e0                decamutexoff
 .text.deca_sleep
                0x080011fc       0x98 ./wrapper/deca_sleep.o
                0x080011fc                deca_sleep
 .text._Z8spiWritemPKhmS0_
                0x08001294       0x80 ./wrapper/deca_spi.o
                0x08001294                spiWrite(unsigned long, unsigned char const*, unsigned long, unsigned char const*)
 .text._Z7spiReadPKhmPhm
                0x08001314       0x80 ./wrapper/deca_spi.o
                0x08001314                spiRead(unsigned char const*, unsigned long, unsigned char*, unsigned long)
 .text.writetospi_serial
                0x08001394       0x26 ./wrapper/deca_spi.o
                0x08001394                writetospi_serial
 .text.readfromspi_serial
                0x080013ba       0x26 ./wrapper/deca_spi.o
                0x080013ba                readfromspi_serial
 .text._Z41__static_initialization_and_destruction_0ii
                0x080013e0       0x50 ./wrapper/deca_spi.o
 .text._GLOBAL__sub_I_spi
                0x08001430       0x10 ./wrapper/deca_spi.o
 .text._Z18GPIO_Configurationv
                0x08001440       0x34 ./wrapper/port.o
                0x08001440                GPIO_Configuration()
 .text._Z14SPI_ChangeRateh
                0x08001474       0x30 ./wrapper/port.o
                0x08001474                SPI_ChangeRate(unsigned char)
 .text._Z16setupTransactionhtb
                0x080014a4       0xac ./wrapper/port.o
                0x080014a4                setupTransaction(unsigned char, unsigned short, bool)
 .text._Z12readRegisterhtPhi
                0x08001550       0x44 ./wrapper/port.o
                0x08001550                readRegister(unsigned char, unsigned short, unsigned char*, int)
 .text._Z13readRegister8ht
                0x08001594       0x28 ./wrapper/port.o
                0x08001594                readRegister8(unsigned char, unsigned short)
 .text._Z13writeRegisterhtPhi
                0x080015bc       0x44 ./wrapper/port.o
                0x080015bc                writeRegister(unsigned char, unsigned short, unsigned char*, int)
 .text._Z14writeRegister8hth
                0x08001600       0x26 ./wrapper/port.o
                0x08001600                writeRegister8(unsigned char, unsigned short, unsigned char)
 .text.peripherals_init
                0x08001626        0xc ./wrapper/port.o
                0x08001626                peripherals_init
 .text.reset_DW1000
                0x08001632       0xa2 ./wrapper/port.o
                0x08001632                reset_DW1000
 .text.spi_set_rate_low
                0x080016d4        0xe ./wrapper/port.o
                0x080016d4                spi_set_rate_low
 .text.spi_set_rate_high
                0x080016e2        0xe ./wrapper/port.o
                0x080016e2                spi_set_rate_high
 .text.dwt_initialise
                0x080016f0      0x15c ./decadriver/deca_device.o
                0x080016f0                dwt_initialise
 .text.dwt_readdevid
                0x0800184c       0x12 ./decadriver/deca_device.o
                0x0800184c                dwt_readdevid
 *fill*         0x0800185e        0x2 
 .text.dwt_configure
                0x08001860      0x2d0 ./decadriver/deca_device.o
                0x08001860                dwt_configure
 .text.dwt_setrxantennadelay
                0x08001b30       0x20 ./decadriver/deca_device.o
                0x08001b30                dwt_setrxantennadelay
 .text.dwt_settxantennadelay
                0x08001b50       0x1e ./decadriver/deca_device.o
                0x08001b50                dwt_settxantennadelay
 .text.dwt_writetxdata
                0x08001b6e       0x3c ./decadriver/deca_device.o
                0x08001b6e                dwt_writetxdata
 *fill*         0x08001baa        0x2 
 .text.dwt_writetxfctrl
                0x08001bac       0x38 ./decadriver/deca_device.o
                0x08001bac                dwt_writetxfctrl
 .text.dwt_readrxdata
                0x08001be4       0x24 ./decadriver/deca_device.o
                0x08001be4                dwt_readrxdata
 .text.dwt_readtxtimestamp
                0x08001c08       0x1c ./decadriver/deca_device.o
                0x08001c08                dwt_readtxtimestamp
 .text.dwt_readrxtimestamp
                0x08001c24       0x1c ./decadriver/deca_device.o
                0x08001c24                dwt_readrxtimestamp
 .text.dwt_readsystime
                0x08001c40       0x1c ./decadriver/deca_device.o
                0x08001c40                dwt_readsystime
 .text.dwt_writetodevice
                0x08001c5c       0xba ./decadriver/deca_device.o
                0x08001c5c                dwt_writetodevice
 .text.dwt_readfromdevice
                0x08001d16       0xb4 ./decadriver/deca_device.o
                0x08001d16                dwt_readfromdevice
 .text.dwt_read32bitoffsetreg
                0x08001dca       0x58 ./decadriver/deca_device.o
                0x08001dca                dwt_read32bitoffsetreg
 .text.dwt_read16bitoffsetreg
                0x08001e22       0x44 ./decadriver/deca_device.o
                0x08001e22                dwt_read16bitoffsetreg
 .text.dwt_write16bitoffsetreg
                0x08001e66       0x3c ./decadriver/deca_device.o
                0x08001e66                dwt_write16bitoffsetreg
 .text.dwt_write32bitoffsetreg
                0x08001ea2       0x52 ./decadriver/deca_device.o
                0x08001ea2                dwt_write32bitoffsetreg
 .text._dwt_otpread
                0x08001ef4       0x5c ./decadriver/deca_device.o
                0x08001ef4                _dwt_otpread
 .text.dwt_entersleepaftertx
                0x08001f50       0x3c ./decadriver/deca_device.o
                0x08001f50                dwt_entersleepaftertx
 .text._dwt_configlde
                0x08001f8c       0x48 ./decadriver/deca_device.o
                0x08001f8c                _dwt_configlde
 .text._dwt_loaducodefromrom
                0x08001fd4       0x3a ./decadriver/deca_device.o
                0x08001fd4                _dwt_loaducodefromrom
 *fill*         0x0800200e        0x2 
 .text.dwt_setsmarttxpower
                0x08002010       0x50 ./decadriver/deca_device.o
                0x08002010                dwt_setsmarttxpower
 .text.dwt_setleds
                0x08002060       0xfc ./decadriver/deca_device.o
                0x08002060                dwt_setleds
 .text._dwt_enableclocks
                0x0800215c      0x124 ./decadriver/deca_device.o
                0x0800215c                _dwt_enableclocks
 .text.dwt_setdelayedtrxtime
                0x08002280       0x1a ./decadriver/deca_device.o
                0x08002280                dwt_setdelayedtrxtime
 *fill*         0x0800229a        0x2 
 .text.dwt_starttx
                0x0800229c       0xc4 ./decadriver/deca_device.o
                0x0800229c                dwt_starttx
 .text.dwt_forcetrxoff
                0x08002360       0x68 ./decadriver/deca_device.o
                0x08002360                dwt_forcetrxoff
 .text.dwt_syncrxbufptrs
                0x080023c8       0x3c ./decadriver/deca_device.o
                0x080023c8                dwt_syncrxbufptrs
 .text.dwt_rxenable
                0x08002404       0x74 ./decadriver/deca_device.o
                0x08002404                dwt_rxenable
 .text.dwt_setrxtimeout
                0x08002478       0x80 ./decadriver/deca_device.o
                0x08002478                dwt_setrxtimeout
 .text.dwt_setinterrupt
                0x080024f8       0x4e ./decadriver/deca_device.o
                0x080024f8                dwt_setinterrupt
 .text.dwt_xtaltrim
                0x08002546       0x48 ./decadriver/deca_device.o
                0x08002546                dwt_xtaltrim
 .text.MEDIANFILTER_Init
                0x0800258e       0xf4 ./VL53L4CD/MedianFilter.o
                0x0800258e                MEDIANFILTER_Init
 .text.MEDIANFILTER_Insert
                0x08002682       0xfc ./VL53L4CD/MedianFilter.o
                0x08002682                MEDIANFILTER_Insert
 .text._Z20VL53L4CD_GetSensorIdtPt
                0x0800277e       0x32 ./VL53L4CD/VL53L4CD_api.o
                0x0800277e                VL53L4CD_GetSensorId(unsigned short, unsigned short*)
 .text._Z19VL53L4CD_SensorInitt
                0x080027b0      0x18c ./VL53L4CD/VL53L4CD_api.o
                0x080027b0                VL53L4CD_SensorInit(unsigned short)
 .text._Z23VL53L4CD_ClearInterruptt
                0x0800293c       0x2e ./VL53L4CD/VL53L4CD_api.o
                0x0800293c                VL53L4CD_ClearInterrupt(unsigned short)
 .text._Z21VL53L4CD_StartRangingt
                0x0800296a       0x64 ./VL53L4CD/VL53L4CD_api.o
                0x0800296a                VL53L4CD_StartRanging(unsigned short)
 .text._Z20VL53L4CD_StopRangingt
                0x080029ce       0x2e ./VL53L4CD/VL53L4CD_api.o
                0x080029ce                VL53L4CD_StopRanging(unsigned short)
 .text._Z26VL53L4CD_CheckForDataReadytPh
                0x080029fc       0x86 ./VL53L4CD/VL53L4CD_api.o
                0x080029fc                VL53L4CD_CheckForDataReady(unsigned short, unsigned char*)
 *fill*         0x08002a82        0x2 
 .text._Z23VL53L4CD_SetRangeTimingtmm
                0x08002a84      0x23c ./VL53L4CD/VL53L4CD_api.o
                0x08002a84                VL53L4CD_SetRangeTiming(unsigned short, unsigned long, unsigned long)
 .text._Z18VL53L4CD_GetResulttP22VL53L4CD_ResultsData_t
                0x08002cc0      0x160 ./VL53L4CD/VL53L4CD_api.o
                0x08002cc0                VL53L4CD_GetResult(unsigned short, VL53L4CD_ResultsData_t*)
 .text._Z7init4cdv
                0x08002e20       0x18 ./VL53L4CD/platform_TAMARIW.o
                0x08002e20                init4cd()
 .text._Z15PCA9546_SelPortht
                0x08002e38       0x58 ./VL53L4CD/platform_TAMARIW.o
                0x08002e38                PCA9546_SelPort(unsigned char, unsigned short)
 .text._Z16VL53L4CD_RdDWordttPm
                0x08002e90       0x7c ./VL53L4CD/platform_TAMARIW.o
                0x08002e90                VL53L4CD_RdDWord(unsigned short, unsigned short, unsigned long*)
 .text._Z15VL53L4CD_RdWordttPt
                0x08002f0c       0x78 ./VL53L4CD/platform_TAMARIW.o
                0x08002f0c                VL53L4CD_RdWord(unsigned short, unsigned short, unsigned short*)
 .text._Z15VL53L4CD_RdBytettPh
                0x08002f84       0x54 ./VL53L4CD/platform_TAMARIW.o
                0x08002f84                VL53L4CD_RdByte(unsigned short, unsigned short, unsigned char*)
 .text._Z15VL53L4CD_WrBytetth
                0x08002fd8       0x5c ./VL53L4CD/platform_TAMARIW.o
                0x08002fd8                VL53L4CD_WrByte(unsigned short, unsigned short, unsigned char)
 .text._Z15VL53L4CD_WrWordttt
                0x08003034       0x54 ./VL53L4CD/platform_TAMARIW.o
                0x08003034                VL53L4CD_WrWord(unsigned short, unsigned short, unsigned short)
 .text._Z16VL53L4CD_WrDWordttm
                0x08003088       0x58 ./VL53L4CD/platform_TAMARIW.o
                0x08003088                VL53L4CD_WrDWord(unsigned short, unsigned short, unsigned long)
 .text._Z6WaitMstm
                0x080030e0       0x1e ./VL53L4CD/platform_TAMARIW.o
                0x080030e0                WaitMs(unsigned short, unsigned long)
 *fill*         0x080030fe        0x2 
 .text._Z41__static_initialization_and_destruction_0ii
                0x08003100       0x34 ./VL53L4CD/platform_TAMARIW.o
 .text._GLOBAL__sub_I_I2C
                0x08003134       0x10 ./VL53L4CD/platform_TAMARIW.o
 .text._ZN5RODOS10SubscriberD2Ev
                0x08003144       0x30 ./DecaWaveDistanceMeasurement.o
                0x08003144                RODOS::Subscriber::~Subscriber()
                0x08003144                RODOS::Subscriber::~Subscriber()
 .text._ZN5RODOS10SubscriberD0Ev
                0x08003174       0x20 ./DecaWaveDistanceMeasurement.o
                0x08003174                RODOS::Subscriber::~Subscriber()
 .text._ZN5RODOS6PutterD2Ev
                0x08003194       0x20 ./DecaWaveDistanceMeasurement.o
                0x08003194                RODOS::Putter::~Putter()
                0x08003194                RODOS::Putter::~Putter()
 .text._ZN5RODOS6PutterD0Ev
                0x080031b4       0x20 ./DecaWaveDistanceMeasurement.o
                0x080031b4                RODOS::Putter::~Putter()
 .text._ZN5RODOS6Putter10putGenericEljPKvRKNS_10NetMsgInfoE
                0x080031d4       0x24 ./DecaWaveDistanceMeasurement.o
                0x080031d4                RODOS::Putter::putGeneric(long, unsigned int, void const*, RODOS::NetMsgInfo const&)
 .text._ZN5RODOS15IOEventReceiver15onWriteFinishedEv
                0x080031f8       0x14 ./DecaWaveDistanceMeasurement.o
                0x080031f8                RODOS::IOEventReceiver::onWriteFinished()
 .text._ZN5RODOS15IOEventReceiver14onReadFinishedEv
                0x0800320c       0x14 ./DecaWaveDistanceMeasurement.o
                0x0800320c                RODOS::IOEventReceiver::onReadFinished()
 .text._ZN5RODOS15IOEventReceiver11onDataReadyEv
                0x08003220       0x14 ./DecaWaveDistanceMeasurement.o
                0x08003220                RODOS::IOEventReceiver::onDataReady()
 .text._ZN5RODOS15IOEventReceiverC2Ev
                0x08003234       0x20 ./DecaWaveDistanceMeasurement.o
                0x08003234                RODOS::IOEventReceiver::IOEventReceiver()
                0x08003234                RODOS::IOEventReceiver::IOEventReceiver()
 .text._ZN27DecaWaveDistanceMeasurementC2EPKc
                0x08003254       0x44 ./DecaWaveDistanceMeasurement.o
                0x08003254                DecaWaveDistanceMeasurement::DecaWaveDistanceMeasurement(char const*)
                0x08003254                DecaWaveDistanceMeasurement::DecaWaveDistanceMeasurement(char const*)
 .text._ZN27DecaWaveDistanceMeasurement4initEv
                0x08003298       0x44 ./DecaWaveDistanceMeasurement.o
                0x08003298                DecaWaveDistanceMeasurement::init()
 *fill*         0x080032dc        0x4 
 .text._ZN27DecaWaveDistanceMeasurement3runEv
                0x080032e0      0x110 ./DecaWaveDistanceMeasurement.o
                0x080032e0                DecaWaveDistanceMeasurement::run()
 .text._ZN27DecaWaveDistanceMeasurement9send_distEfh
                0x080033f0       0x40 ./DecaWaveDistanceMeasurement.o
                0x080033f0                DecaWaveDistanceMeasurement::send_dist(float, unsigned char)
 .text._ZN27DecaWaveDistanceMeasurement9start_twrEh
                0x08003430       0x3c ./DecaWaveDistanceMeasurement.o
                0x08003430                DecaWaveDistanceMeasurement::start_twr(unsigned char)
 .text._ZN27DecaWaveDistanceMeasurement13send_responseEh
                0x0800346c       0x3c ./DecaWaveDistanceMeasurement.o
                0x0800346c                DecaWaveDistanceMeasurement::send_response(unsigned char)
 .text._ZN27DecaWaveDistanceMeasurement10send_finalEh
                0x080034a8       0xb8 ./DecaWaveDistanceMeasurement.o
                0x080034a8                DecaWaveDistanceMeasurement::send_final(unsigned char)
 .text._ZN27DecaWaveDistanceMeasurement18calculate_distanceEv
                0x08003560      0x294 ./DecaWaveDistanceMeasurement.o
                0x08003560                DecaWaveDistanceMeasurement::calculate_distance()
 .text._ZN27DecaWaveDistanceMeasurement15receiveMessagesEv
                0x080037f4      0x10c ./DecaWaveDistanceMeasurement.o
                0x080037f4                DecaWaveDistanceMeasurement::receiveMessages()
 .text._ZN5RODOS6PutterC2Ev
                0x08003900       0x20 ./DecaWaveDistanceMeasurement.o
                0x08003900                RODOS::Putter::Putter()
                0x08003900                RODOS::Putter::Putter()
 .text._ZN5RODOS10CommBufferI16sTelecommandDataEC2Ev
                0x08003920       0x64 ./DecaWaveDistanceMeasurement.o
                0x08003920                RODOS::CommBuffer<sTelecommandData>::CommBuffer()
                0x08003920                RODOS::CommBuffer<sTelecommandData>::CommBuffer()
 .text._ZN5RODOS5TopicI16sTelecommandDataE7publishERS1_b
                0x08003984       0x24 ./DecaWaveDistanceMeasurement.o
                0x08003984                RODOS::Topic<sTelecommandData>::publish(sTelecommandData&, bool)
 .text._ZN5RODOS10CommBufferI16sTelecommandDataED2Ev
                0x080039a8       0x24 ./DecaWaveDistanceMeasurement.o
                0x080039a8                RODOS::CommBuffer<sTelecommandData>::~CommBuffer()
                0x080039a8                RODOS::CommBuffer<sTelecommandData>::~CommBuffer()
 .text._ZN5RODOS10CommBufferI16sTelecommandDataED0Ev
                0x080039cc       0x20 ./DecaWaveDistanceMeasurement.o
                0x080039cc                RODOS::CommBuffer<sTelecommandData>::~CommBuffer()
 .text._ZN27DecaWaveDistanceMeasurementD2Ev
                0x080039ec       0x30 ./DecaWaveDistanceMeasurement.o
                0x080039ec                DecaWaveDistanceMeasurement::~DecaWaveDistanceMeasurement()
                0x080039ec                DecaWaveDistanceMeasurement::~DecaWaveDistanceMeasurement()
 .text._ZN27DecaWaveDistanceMeasurementD0Ev
                0x08003a1c       0x20 ./DecaWaveDistanceMeasurement.o
                0x08003a1c                DecaWaveDistanceMeasurement::~DecaWaveDistanceMeasurement()
 .text._Z41__static_initialization_and_destruction_0ii
                0x08003a3c       0xa8 ./DecaWaveDistanceMeasurement.o
 .text._ZN5RODOS10CommBufferI16sTelecommandDataE10putGenericEljPKvRKNS_10NetMsgInfoE
                0x08003ae4       0x34 ./DecaWaveDistanceMeasurement.o
                0x08003ae4                RODOS::CommBuffer<sTelecommandData>::putGeneric(long, unsigned int, void const*, RODOS::NetMsgInfo const&)
 .text._ZN5RODOS10CommBufferI16sTelecommandDataE3putERS1_
                0x08003b18       0x68 ./DecaWaveDistanceMeasurement.o
                0x08003b18                RODOS::CommBuffer<sTelecommandData>::put(sTelecommandData&)
 .text._GLOBAL__sub_I_SensorsTelecommandDataBufferDeca
                0x08003b80       0x10 ./DecaWaveDistanceMeasurement.o
 .text._Z6setPWMN5RODOS7HAL_PWMEf
                0x08003b90       0x6c ./DockingMain.o
                0x08003b90                setPWM(RODOS::HAL_PWM, float)
 .text._Z11setENStatusN5RODOS8HAL_GPIOEi
                0x08003bfc       0x34 ./DockingMain.o
                0x08003bfc                setENStatus(RODOS::HAL_GPIO, int)
 .text._Z15thermalKnifeOONN5RODOS8HAL_GPIOEi
                0x08003c30      0x26c ./DockingMain.o
                0x08003c30                thermalKnifeOON(RODOS::HAL_GPIO, int)
 .text._ZN5RODOS18GenericIOInterfaceC2ERKS0_
                0x08003e9c       0x4c ./DockingMain.o
                0x08003e9c                RODOS::GenericIOInterface::GenericIOInterface(RODOS::GenericIOInterface const&)
                0x08003e9c                RODOS::GenericIOInterface::GenericIOInterface(RODOS::GenericIOInterface const&)
 .text._ZN5RODOS7HAL_PWMC2ERKS0_
                0x08003ee8       0x34 ./DockingMain.o
                0x08003ee8                RODOS::HAL_PWM::HAL_PWM(RODOS::HAL_PWM const&)
                0x08003ee8                RODOS::HAL_PWM::HAL_PWM(RODOS::HAL_PWM const&)
 .text._Z10setHBridgeif
                0x08003f1c      0x21c ./DockingMain.o
                0x08003f1c                setHBridge(int, float)
 .text._Z13getBATVoltagev
                0x08004138       0xb0 ./DockingMain.o
                0x08004138                getBATVoltage()
 .text._Z6Decodeh
                0x080041e8      0x1ac ./DockingMain.o
                0x080041e8                Decode(unsigned char)
 .text._ZN5RODOS8HAL_GPIOC2ERKS0_
                0x08004394       0x34 ./DockingMain.o
                0x08004394                RODOS::HAL_GPIO::HAL_GPIO(RODOS::HAL_GPIO const&)
                0x08004394                RODOS::HAL_GPIO::HAL_GPIO(RODOS::HAL_GPIO const&)
 .text._Z7Commandh
                0x080043c8      0x400 ./DockingMain.o
                0x080043c8                Command(unsigned char)
 .text._ZN11DockingMain4initEv
                0x080047c8      0x1e4 ./DockingMain.o
                0x080047c8                DockingMain::init()
 *fill*         0x080049ac        0x4 
 .text._ZN11DockingMain3runEv
                0x080049b0      0x198 ./DockingMain.o
                0x080049b0                DockingMain::run()
 .text._ZN11DockingMainC2Ev
                0x08004b48       0x30 ./DockingMain.o
                0x08004b48                DockingMain::DockingMain()
                0x08004b48                DockingMain::DockingMain()
 .text._ZN11Telecommand4initEv
                0x08004b78       0x14 ./DockingMain.o
                0x08004b78                Telecommand::init()
 .text._ZN11Telecommand3runEv
                0x08004b8c       0x38 ./DockingMain.o
                0x08004b8c                Telecommand::run()
 .text._ZN11TelecommandC2Ev
                0x08004bc4       0x30 ./DockingMain.o
                0x08004bc4                Telecommand::Telecommand()
                0x08004bc4                Telecommand::Telecommand()
 .text._ZN11UARTClassPiC2EPKcy
                0x08004bf4       0x3c ./DockingMain.o
                0x08004bf4                UARTClassPi::UARTClassPi(char const*, unsigned long long)
                0x08004bf4                UARTClassPi::UARTClassPi(char const*, unsigned long long)
 .text._ZN11UARTClassPi4initEv
                0x08004c30       0x20 ./DockingMain.o
                0x08004c30                UARTClassPi::init()
 .text._ZN11UARTClassPi3runEv
                0x08004c50       0x60 ./DockingMain.o
                0x08004c50                UARTClassPi::run()
 .text._ZN11UARTClassPi5writeEPKci
                0x08004cb0       0x58 ./DockingMain.o
                0x08004cb0                UARTClassPi::write(char const*, int)
 .text._ZN5RODOS10CommBufferI10sLidarDataEC2Ev
                0x08004d08       0x64 ./DockingMain.o
                0x08004d08                RODOS::CommBuffer<sLidarData>::CommBuffer()
                0x08004d08                RODOS::CommBuffer<sLidarData>::CommBuffer()
 .text._ZN5RODOS10CommBufferI16sTelecommandDataE16getOnlyIfNewDataERS1_
                0x08004d6c       0x40 ./DockingMain.o
                0x08004d6c                RODOS::CommBuffer<sTelecommandData>::getOnlyIfNewData(sTelecommandData&)
 .text._ZN5RODOS10CommBufferI10sLidarDataE16getOnlyIfNewDataERS1_
                0x08004dac       0x40 ./DockingMain.o
                0x08004dac                RODOS::CommBuffer<sLidarData>::getOnlyIfNewData(sLidarData&)
 .text._ZN5RODOS10CommBufferI16sTelecommandDataE3getERS1_
                0x08004dec       0x48 ./DockingMain.o
                0x08004dec                RODOS::CommBuffer<sTelecommandData>::get(sTelecommandData&)
 .text._ZN5RODOS10CommBufferI10sLidarDataE3getERS1_
                0x08004e34       0x48 ./DockingMain.o
                0x08004e34                RODOS::CommBuffer<sLidarData>::get(sLidarData&)
 .text._ZN11UARTClassPiD2Ev
                0x08004e7c       0x24 ./DockingMain.o
                0x08004e7c                UARTClassPi::~UARTClassPi()
                0x08004e7c                UARTClassPi::~UARTClassPi()
 .text._ZN11UARTClassPiD0Ev
                0x08004ea0       0x20 ./DockingMain.o
                0x08004ea0                UARTClassPi::~UARTClassPi()
 .text._ZN11TelecommandD2Ev
                0x08004ec0       0x24 ./DockingMain.o
                0x08004ec0                Telecommand::~Telecommand()
                0x08004ec0                Telecommand::~Telecommand()
 .text._ZN11TelecommandD0Ev
                0x08004ee4       0x20 ./DockingMain.o
                0x08004ee4                Telecommand::~Telecommand()
 .text._ZN11DockingMainD2Ev
                0x08004f04       0x24 ./DockingMain.o
                0x08004f04                DockingMain::~DockingMain()
                0x08004f04                DockingMain::~DockingMain()
 .text._ZN11DockingMainD0Ev
                0x08004f28       0x20 ./DockingMain.o
                0x08004f28                DockingMain::~DockingMain()
 .text._ZN5RODOS10CommBufferI10sLidarDataED2Ev
                0x08004f48       0x24 ./DockingMain.o
                0x08004f48                RODOS::CommBuffer<sLidarData>::~CommBuffer()
                0x08004f48                RODOS::CommBuffer<sLidarData>::~CommBuffer()
 .text._ZN5RODOS10CommBufferI10sLidarDataED0Ev
                0x08004f6c       0x20 ./DockingMain.o
                0x08004f6c                RODOS::CommBuffer<sLidarData>::~CommBuffer()
 *fill*         0x08004f8c        0x4 
 .text._Z41__static_initialization_and_destruction_0ii
                0x08004f90      0x284 ./DockingMain.o
 .text._ZN5RODOS10CommBufferI10sLidarDataE10putGenericEljPKvRKNS_10NetMsgInfoE
                0x08005214       0x34 ./DockingMain.o
                0x08005214                RODOS::CommBuffer<sLidarData>::putGeneric(long, unsigned int, void const*, RODOS::NetMsgInfo const&)
 .text._ZN5RODOS10CommBufferI10sLidarDataE3putERS1_
                0x08005248       0x68 ./DockingMain.o
                0x08005248                RODOS::CommBuffer<sLidarData>::put(sLidarData&)
 .text._GLOBAL__sub_I_SensorsTelecommandDataBuffer
                0x080052b0       0x10 ./DockingMain.o
 .text._ZN5LIDARC2EPKc
                0x080052c0       0x2c ./LiDAR_Ranging_Thread.o
                0x080052c0                LIDAR::LIDAR(char const*)
                0x080052c0                LIDAR::LIDAR(char const*)
 .text._ZN5LIDAR4initEv
                0x080052ec      0x2e4 ./LiDAR_Ranging_Thread.o
                0x080052ec                LIDAR::init()
 .text._ZN5LIDAR10rangestartEh
                0x080055d0      0x3d8 ./LiDAR_Ranging_Thread.o
                0x080055d0                LIDAR::rangestart(unsigned char)
 .text._ZN5LIDAR12runToFSensorEh
                0x080059a8       0x32 ./LiDAR_Ranging_Thread.o
                0x080059a8                LIDAR::runToFSensor(unsigned char)
 .text._ZN5LIDAR3runEv
                0x080059da       0x2a ./LiDAR_Ranging_Thread.o
                0x080059da                LIDAR::run()
 .text._ZN5RODOS5TopicI10sLidarDataE7publishERS1_b
                0x08005a04       0x24 ./LiDAR_Ranging_Thread.o
                0x08005a04                RODOS::Topic<sLidarData>::publish(sLidarData&, bool)
 .text._ZN5LIDARD2Ev
                0x08005a28       0x24 ./LiDAR_Ranging_Thread.o
                0x08005a28                LIDAR::~LIDAR()
                0x08005a28                LIDAR::~LIDAR()
 .text._ZN5LIDARD0Ev
                0x08005a4c       0x20 ./LiDAR_Ranging_Thread.o
                0x08005a4c                LIDAR::~LIDAR()
 .text._Z41__static_initialization_and_destruction_0ii
                0x08005a6c       0x78 ./LiDAR_Ranging_Thread.o
 .text._GLOBAL__sub_I_TOF_I2C
                0x08005ae4       0x10 ./LiDAR_Ranging_Thread.o
 .text._Z19init_decaWaveModuleP12dwt_config_t
                0x08005af4       0x58 ./decaWaveModule.o
                0x08005af4                init_decaWaveModule(dwt_config_t*)
 .text._Z20get_tx_timestamp_u64v
                0x08005b4c       0x70 ./decaWaveModule.o
                0x08005b4c                get_tx_timestamp_u64()
 .text._Z20get_rx_timestamp_u64v
                0x08005bbc       0x70 ./decaWaveModule.o
                0x08005bbc                get_rx_timestamp_u64()
 .text._Z16final_msg_set_tsPhy
                0x08005c2c       0x4a ./decaWaveModule.o
                0x08005c2c                final_msg_set_ts(unsigned char*, unsigned long long)
 .text._Z16final_msg_get_tsPKhPy
                0x08005c76       0x7c ./decaWaveModule.o
                0x08005c76                final_msg_get_ts(unsigned char const*, unsigned long long*)
 .text._Z19get_systemtime_decav
                0x08005cf2       0x7a ./decaWaveModule.o
                0x08005cf2                get_systemtime_deca()
 .text._Z9uwb_writehhPhih
                0x08005d6c       0x9e ./decaWaveModule.o
                0x08005d6c                uwb_write(unsigned char, unsigned char, unsigned char*, int, unsigned char)
 *fill*         0x08005e0a        0x2 
 .text._Z8uwb_readPh
                0x08005e0c       0x68 ./decaWaveModule.o
                0x08005e0c                uwb_read(unsigned char*)
 .text._ZN5RODOS14TopicInterfaceD2Ev
                0x08005e74       0x30 ./topics.o
                0x08005e74                RODOS::TopicInterface::~TopicInterface()
                0x08005e74                RODOS::TopicInterface::~TopicInterface()
 .text._ZN5RODOS14TopicInterfaceD0Ev
                0x08005ea4       0x20 ./topics.o
                0x08005ea4                RODOS::TopicInterface::~TopicInterface()
 .text._ZN5RODOS5TopicI16sTelecommandDataEC2ElPKc
                0x08005ec4       0x2c ./topics.o
                0x08005ec4                RODOS::Topic<sTelecommandData>::Topic(long, char const*)
                0x08005ec4                RODOS::Topic<sTelecommandData>::Topic(long, char const*)
 .text._ZN5RODOS5TopicI10sLidarDataEC2ElPKc
                0x08005ef0       0x2c ./topics.o
                0x08005ef0                RODOS::Topic<sLidarData>::Topic(long, char const*)
                0x08005ef0                RODOS::Topic<sLidarData>::Topic(long, char const*)
 .text._Z41__static_initialization_and_destruction_0ii
                0x08005f1c       0x6c ./topics.o
 .text._ZN5RODOS5TopicI10sLidarDataED2Ev
                0x08005f88       0x30 ./topics.o
                0x08005f88                RODOS::Topic<sLidarData>::~Topic()
                0x08005f88                RODOS::Topic<sLidarData>::~Topic()
 .text._ZN5RODOS5TopicI10sLidarDataED0Ev
                0x08005fb8       0x20 ./topics.o
                0x08005fb8                RODOS::Topic<sLidarData>::~Topic()
 .text._ZN5RODOS5TopicI16sTelecommandDataED2Ev
                0x08005fd8       0x30 ./topics.o
                0x08005fd8                RODOS::Topic<sTelecommandData>::~Topic()
                0x08005fd8                RODOS::Topic<sTelecommandData>::~Topic()
 .text._ZN5RODOS5TopicI16sTelecommandDataED0Ev
                0x08006008       0x20 ./topics.o
                0x08006008                RODOS::Topic<sTelecommandData>::~Topic()
 .text._GLOBAL__sub_I_TelecommandDataTopic
                0x08006028       0x10 ./topics.o
 .text._ZNK5RODOS11ListElement7getNextEv
                0x08006038       0x18 C:\Eclipse 2019\Workspace\rodos\Debug_STM32F4\librodos.a(application.o)
                0x08006038                RODOS::ListElement::getNext() const
 .text._ZNK5RODOS11ListElement7getNameEv
                0x08006050       0x18 C:\Eclipse 2019\Workspace\rodos\Debug_STM32F4\librodos.a(application.o)
                0x08006050                RODOS::ListElement::getName() const
 .text._ZN5RODOS11Application4initEv
                0x08006068       0x14 C:\Eclipse 2019\Workspace\rodos\Debug_STM32F4\librodos.a(application.o)
                0x08006068                RODOS::Application::init()
 .text._ZN5RODOS11ApplicationC2EPKcl
                0x0800607c       0x40 C:\Eclipse 2019\Workspace\rodos\Debug_STM32F4\librodos.a(application.o)
                0x0800607c                RODOS::Application::Application(char const*, long)
                0x0800607c                RODOS::Application::Application(char const*, long)
 .text._ZN5RODOS11ApplicationD2Ev
                0x080060bc       0x30 C:\Eclipse 2019\Workspace\rodos\Debug_STM32F4\librodos.a(application.o)
                0x080060bc                RODOS::Application::~Application()
                0x080060bc                RODOS::Application::~Application()
 .text._ZN5RODOS11ApplicationD0Ev
                0x080060ec       0x20 C:\Eclipse 2019\Workspace\rodos\Debug_STM32F4\librodos.a(application.o)
                0x080060ec                RODOS::Application::~Application()
 .text._ZN5RODOS11Application8activateEv
                0x0800610c       0x1a C:\Eclipse 2019\Workspace\rodos\Debug_STM32F4\librodos.a(application.o)
                0x0800610c                RODOS::Application::activate()
 .text._ZN5RODOS11Application10deactivateEv
                0x08006126       0x1a C:\Eclipse 2019\Workspace\rodos\Debug_STM32F4\librodos.a(application.o)
                0x08006126                RODOS::Application::deactivate()
 .text._ZN5RODOS11Application7requestEPviS1_i
                0x08006140       0x1e C:\Eclipse 2019\Workspace\rodos\Debug_STM32F4\librodos.a(application.o)
                0x08006140                RODOS::Application::request(void*, int, void*, int)
 *fill*         0x0800615e        0x2 
 .text._ZN5RODOS11Application17printApplicationsEv
                0x08006160       0x64 C:\Eclipse 2019\Workspace\rodos\Debug_STM32F4\librodos.a(application.o)
                0x08006160                RODOS::Application::printApplications()
 .text._ZN5RODOS7YprintfD2Ev
                0x080061c4       0x20 C:\Eclipse 2019\Workspace\rodos\Debug_STM32F4\librodos.a(debug.o)
                0x080061c4                RODOS::Yprintf::~Yprintf()
                0x080061c4                RODOS::Yprintf::~Yprintf()
 .text._ZN5RODOS7YprintfD0Ev
                0x080061e4       0x20 C:\Eclipse 2019\Workspace\rodos\Debug_STM32F4\librodos.a(debug.o)
                0x080061e4                RODOS::Yprintf::~Yprintf()
 .text._ZN5RODOS7Yprintf5yputcEc
                0x08006204       0x1e C:\Eclipse 2019\Workspace\rodos\Debug_STM32F4\librodos.a(debug.o)
                0x08006204                RODOS::Yprintf::yputc(char)
 *fill*         0x08006222        0x2 
 .text._ZN5RODOS7YprintfC2Ev
                0x08006224       0x20 C:\Eclipse 2019\Workspace\rodos\Debug_STM32F4\librodos.a(debug.o)
                0x08006224                RODOS::Yprintf::Yprintf()
                0x08006224                RODOS::Yprintf::Yprintf()
 .text._ZN5RODOS6PRINTFEPKcz
                0x08006244       0x90 C:\Eclipse 2019\Workspace\rodos\Debug_STM32F4\librodos.a(debug.o)
                0x08006244                RODOS::PRINTF(char const*, ...)
 .text._ZN5RODOS5ERROREPKc
                0x080062d4       0x34 C:\Eclipse 2019\Workspace\rodos\Debug_STM32F4\librodos.a(debug.o)
                0x080062d4                RODOS::ERROR(char const*)
 .text._Z41__static_initialization_and_destruction_0ii
                0x08006308       0x2c C:\Eclipse 2019\Workspace\rodos\Debug_STM32F4\librodos.a(debug.o)
 .text._GLOBAL__sub_I__ZN5RODOS12errorCounterE
                0x08006334       0x10 C:\Eclipse 2019\Workspace\rodos\Debug_STM32F4\librodos.a(debug.o)
 .text._ZN5RODOS18GenericIOInterface4initEz
                0x08006344       0x14 C:\Eclipse 2019\Workspace\rodos\Debug_STM32F4\librodos.a(genericIO.o)
                0x08006344                RODOS::GenericIOInterface::init(...)
 .text._ZN5RODOS18GenericIOInterface5resetEv
                0x08006358       0x14 C:\Eclipse 2019\Workspace\rodos\Debug_STM32F4\librodos.a(genericIO.o)
                0x08006358                RODOS::GenericIOInterface::reset()
 .text._ZN5RODOS18GenericIOInterface6configEz
                0x0800636c       0x14 C:\Eclipse 2019\Workspace\rodos\Debug_STM32F4\librodos.a(genericIO.o)
                0x0800636c                RODOS::GenericIOInterface::config(...)
 .text._ZN5RODOS18GenericIOInterface6statusEz
                0x08006380       0x14 C:\Eclipse 2019\Workspace\rodos\Debug_STM32F4\librodos.a(genericIO.o)
                0x08006380                RODOS::GenericIOInterface::status(...)
 .text._ZN5RODOS18GenericIOInterface14isReadFinishedEv
                0x08006394       0x16 C:\Eclipse 2019\Workspace\rodos\Debug_STM32F4\librodos.a(genericIO.o)
                0x08006394                RODOS::GenericIOInterface::isReadFinished()
 .text._ZN5RODOS18GenericIOInterface11isDataReadyEv
                0x080063aa       0x16 C:\Eclipse 2019\Workspace\rodos\Debug_STM32F4\librodos.a(genericIO.o)
                0x080063aa                RODOS::GenericIOInterface::isDataReady()
 .text._ZN5RODOS18GenericIOInterface5writeEz
                0x080063c0       0x14 C:\Eclipse 2019\Workspace\rodos\Debug_STM32F4\librodos.a(genericIO.o)
                0x080063c0                RODOS::GenericIOInterface::write(...)
 .text._ZN5RODOS18GenericIOInterface4readEz
                0x080063d4       0x14 C:\Eclipse 2019\Workspace\rodos\Debug_STM32F4\librodos.a(genericIO.o)
                0x080063d4                RODOS::GenericIOInterface::read(...)
 .text._ZN5RODOS18GenericIOInterface9writeReadEz
                0x080063e8       0x14 C:\Eclipse 2019\Workspace\rodos\Debug_STM32F4\librodos.a(genericIO.o)
                0x080063e8                RODOS::GenericIOInterface::writeRead(...)
 .text._ZN5RODOS18GenericIOInterfaceC2Ev
                0x080063fc       0x38 C:\Eclipse 2019\Workspace\rodos\Debug_STM32F4\librodos.a(genericIO.o)
                0x080063fc                RODOS::GenericIOInterface::GenericIOInterface()
                0x080063fc                RODOS::GenericIOInterface::GenericIOInterface()
 .text._ZN5RODOS18GenericIOInterface25suspendUntilWriteFinishedEx
                0x08006434       0x4c C:\Eclipse 2019\Workspace\rodos\Debug_STM32F4\librodos.a(genericIO.o)
                0x08006434                RODOS::GenericIOInterface::suspendUntilWriteFinished(long long)
 .text._ZN5RODOS18GenericIOInterface21suspendUntilDataReadyEx
                0x08006480       0x4c C:\Eclipse 2019\Workspace\rodos\Debug_STM32F4\librodos.a(genericIO.o)
                0x08006480                RODOS::GenericIOInterface::suspendUntilDataReady(long long)
 .text._ZN5RODOS18GenericIOInterface19upCallWriteFinishedEv
                0x080064cc       0x40 C:\Eclipse 2019\Workspace\rodos\Debug_STM32F4\librodos.a(genericIO.o)
                0x080064cc                RODOS::GenericIOInterface::upCallWriteFinished()
 .text._ZN5RODOS18GenericIOInterface18upCallReadFinishedEv
                0x0800650c       0x42 C:\Eclipse 2019\Workspace\rodos\Debug_STM32F4\librodos.a(genericIO.o)
                0x0800650c                RODOS::GenericIOInterface::upCallReadFinished()
 .text._ZN5RODOS18GenericIOInterface15upCallDataReadyEv
                0x0800654e       0x42 C:\Eclipse 2019\Workspace\rodos\Debug_STM32F4\librodos.a(genericIO.o)
                0x0800654e                RODOS::GenericIOInterface::upCallDataReady()
 .text._ZN5RODOS13getNodeNumberEv
                0x08006590       0x18 C:\Eclipse 2019\Workspace\rodos\Debug_STM32F4\librodos.a(globaldata.o)
                0x08006590                RODOS::getNodeNumber()
 .text._ZN5RODOS11ListElementC2ERPS0_PKcPv
                0x080065a8       0x40 C:\Eclipse 2019\Workspace\rodos\Debug_STM32F4\librodos.a(listelement.o)
                0x080065a8                RODOS::ListElement::ListElement(RODOS::ListElement*&, char const*, void*)
                0x080065a8                RODOS::ListElement::ListElement(RODOS::ListElement*&, char const*, void*)
 .text._ZN5RODOS11ListElement6appendERPS0_
                0x080065e8       0x50 C:\Eclipse 2019\Workspace\rodos\Debug_STM32F4\librodos.a(listelement.o)
                0x080065e8                RODOS::ListElement::append(RODOS::ListElement*&)
 .text._ZN5RODOS11ListElementD2Ev
                0x08006638       0x1c C:\Eclipse 2019\Workspace\rodos\Debug_STM32F4\librodos.a(listelement.o)
                0x08006638                RODOS::ListElement::~ListElement()
                0x08006638                RODOS::ListElement::~ListElement()
 .text._ZN5RODOS6strlenEPKc
                0x08006654       0x3c C:\Eclipse 2019\Workspace\rodos\Debug_STM32F4\librodos.a(string_pico.o)
                0x08006654                RODOS::strlen(char const*)
 .text._ZN5RODOS6memsetEPvij
                0x08006690       0x44 C:\Eclipse 2019\Workspace\rodos\Debug_STM32F4\librodos.a(string_pico.o)
                0x08006690                RODOS::memset(void*, int, unsigned int)
 .text._ZN5RODOS6memcpyEPvPKvj
                0x080066d4       0x56 C:\Eclipse 2019\Workspace\rodos\Debug_STM32F4\librodos.a(string_pico.o)
                0x080066d4                RODOS::memcpy(void*, void const*, unsigned int)
 .text._ZdlPv   0x0800672a       0x14 C:\Eclipse 2019\Workspace\rodos\Debug_STM32F4\librodos.a(string_pico.o)
                0x0800672a                operator delete(void*)
 .text._ZdlPvj  0x0800673e       0x18 C:\Eclipse 2019\Workspace\rodos\Debug_STM32F4\librodos.a(string_pico.o)
                0x0800673e                operator delete(void*, unsigned int)
 *fill*         0x08006756        0x2 
 .text._ZN5RODOS10SubscriberC2ERNS_14TopicInterfaceERNS_6PutterEPKcb
                0x08006758       0x60 C:\Eclipse 2019\Workspace\rodos\Debug_STM32F4\librodos.a(subscriber.o)
                0x08006758                RODOS::Subscriber::Subscriber(RODOS::TopicInterface&, RODOS::Putter&, char const*, bool)
                0x08006758                RODOS::Subscriber::Subscriber(RODOS::TopicInterface&, RODOS::Putter&, char const*, bool)
 .text._ZN5RODOS10Subscriber3putEllPKvl
                0x080067b8       0x20 C:\Eclipse 2019\Workspace\rodos\Debug_STM32F4\librodos.a(subscriber.o)
                0x080067b8                RODOS::Subscriber::put(long, long, void const*, long)
 .text._ZN5RODOS10Subscriber3putEllPKvRKNS_10NetMsgInfoE
                0x080067d8       0xac C:\Eclipse 2019\Workspace\rodos\Debug_STM32F4\librodos.a(subscriber.o)
                0x080067d8                RODOS::Subscriber::put(long, long, void const*, RODOS::NetMsgInfo const&)
 .text._ZN5RODOS10Subscriber16putFromInterruptElPKvi
                0x08006884       0x3a C:\Eclipse 2019\Workspace\rodos\Debug_STM32F4\librodos.a(subscriber.o)
                0x08006884                RODOS::Subscriber::putFromInterrupt(long, void const*, int)
 .text._ZN5RODOS6Thread15setPeriodicBeatExx
                0x080068be       0x2a C:\Eclipse 2019\Workspace\rodos\Debug_STM32F4\librodos.a(thread.o)
                0x080068be                RODOS::Thread::setPeriodicBeat(long long, long long)
 .text._ZN5RODOS6Thread20suspendUntilNextBeatEv
                0x080068e8       0x68 C:\Eclipse 2019\Workspace\rodos\Debug_STM32F4\librodos.a(thread.o)
                0x080068e8                RODOS::Thread::suspendUntilNextBeat()
 .text._ZN5RODOS6Thread20setPrioCurrentRunnerEl
                0x08006950       0x28 C:\Eclipse 2019\Workspace\rodos\Debug_STM32F4\librodos.a(thread.o)
                0x08006950                RODOS::Thread::setPrioCurrentRunner(long)
 .text._ZN5RODOS9TimeModelC2Ev
                0x08006978       0x44 C:\Eclipse 2019\Workspace\rodos\Debug_STM32F4\librodos.a(timemodel.o)
                0x08006978                RODOS::TimeModel::TimeModel()
                0x08006978                RODOS::TimeModel::TimeModel()
 .text._ZN5RODOS9TimeModel14getNanosecondsEv
                0x080069bc       0x12 C:\Eclipse 2019\Workspace\rodos\Debug_STM32F4\librodos.a(timemodel.o)
                0x080069bc                RODOS::TimeModel::getNanoseconds()
 .text._ZN5RODOS9TimeModel15computeNextBeatExxx
                0x080069ce       0x92 C:\Eclipse 2019\Workspace\rodos\Debug_STM32F4\librodos.a(timemodel.o)
                0x080069ce                RODOS::TimeModel::computeNextBeat(long long, long long, long long)
 .text._Z41__static_initialization_and_destruction_0ii
                0x08006a60       0x2c C:\Eclipse 2019\Workspace\rodos\Debug_STM32F4\librodos.a(timemodel.o)
 .text._GLOBAL__sub_I__ZN5RODOS7sysTimeE
                0x08006a8c       0x10 C:\Eclipse 2019\Workspace\rodos\Debug_STM32F4\librodos.a(timemodel.o)
 .text._ZN5RODOS14TopicInterfaceC2EllPKc
                0x08006a9c       0xdc C:\Eclipse 2019\Workspace\rodos\Debug_STM32F4\librodos.a(topic.o)
                0x08006a9c                RODOS::TopicInterface::TopicInterface(long, long, char const*)
                0x08006a9c                RODOS::TopicInterface::TopicInterface(long, long, char const*)
 .text._ZN5RODOS14TopicInterface7publishEPvbPNS_10NetMsgInfoE
                0x08006b78       0x32 C:\Eclipse 2019\Workspace\rodos\Debug_STM32F4\librodos.a(topic.o)
                0x08006b78                RODOS::TopicInterface::publish(void*, bool, RODOS::NetMsgInfo*)
 *fill*         0x08006baa        0x2 
 .text._ZN5RODOS14TopicInterface14publishMsgPartEPvjbPNS_10NetMsgInfoE
                0x08006bac      0x130 C:\Eclipse 2019\Workspace\rodos\Debug_STM32F4\librodos.a(topic.o)
                0x08006bac                RODOS::TopicInterface::publishMsgPart(void*, unsigned int, bool, RODOS::NetMsgInfo*)
 .text._ZN5RODOS5TopicINS_13GenericMsgRefEED2Ev
                0x08006cdc       0x30 C:\Eclipse 2019\Workspace\rodos\Debug_STM32F4\librodos.a(topic.o)
                0x08006cdc                RODOS::Topic<RODOS::GenericMsgRef>::~Topic()
                0x08006cdc                RODOS::Topic<RODOS::GenericMsgRef>::~Topic()
 .text._ZN5RODOS5TopicINS_13GenericMsgRefEED0Ev
                0x08006d0c       0x20 C:\Eclipse 2019\Workspace\rodos\Debug_STM32F4\librodos.a(topic.o)
                0x08006d0c                RODOS::Topic<RODOS::GenericMsgRef>::~Topic()
 .text._ZN5RODOS5TopicINS_13GenericMsgRefEEC2ElPKc
                0x08006d2c       0x2c C:\Eclipse 2019\Workspace\rodos\Debug_STM32F4\librodos.a(topic.o)
                0x08006d2c                RODOS::Topic<RODOS::GenericMsgRef>::Topic(long, char const*)
                0x08006d2c                RODOS::Topic<RODOS::GenericMsgRef>::Topic(long, char const*)
 .text._ZN5RODOS5TopicINS_14NetworkMessageEEC2ElPKc
                0x08006d58       0x30 C:\Eclipse 2019\Workspace\rodos\Debug_STM32F4\librodos.a(topic.o)
                0x08006d58                RODOS::Topic<RODOS::NetworkMessage>::Topic(long, char const*)
                0x08006d58                RODOS::Topic<RODOS::NetworkMessage>::Topic(long, char const*)
 .text._ZN5RODOS5TopicIPvEC2ElPKc
                0x08006d88       0x2c C:\Eclipse 2019\Workspace\rodos\Debug_STM32F4\librodos.a(topic.o)
                0x08006d88                RODOS::Topic<void*>::Topic(long, char const*)
                0x08006d88                RODOS::Topic<void*>::Topic(long, char const*)
 .text._Z41__static_initialization_and_destruction_0ii
                0x08006db4      0x104 C:\Eclipse 2019\Workspace\rodos\Debug_STM32F4\librodos.a(topic.o)
 .text._ZN5RODOS5TopicIPvED2Ev
                0x08006eb8       0x30 C:\Eclipse 2019\Workspace\rodos\Debug_STM32F4\librodos.a(topic.o)
                0x08006eb8                RODOS::Topic<void*>::~Topic()
                0x08006eb8                RODOS::Topic<void*>::~Topic()
 .text._ZN5RODOS5TopicIPvED0Ev
                0x08006ee8       0x20 C:\Eclipse 2019\Workspace\rodos\Debug_STM32F4\librodos.a(topic.o)
                0x08006ee8                RODOS::Topic<void*>::~Topic()
 .text._ZN5RODOS5TopicINS_14NetworkMessageEED2Ev
                0x08006f08       0x30 C:\Eclipse 2019\Workspace\rodos\Debug_STM32F4\librodos.a(topic.o)
                0x08006f08                RODOS::Topic<RODOS::NetworkMessage>::~Topic()
                0x08006f08                RODOS::Topic<RODOS::NetworkMessage>::~Topic()
 .text._ZN5RODOS5TopicINS_14NetworkMessageEED0Ev
                0x08006f38       0x20 C:\Eclipse 2019\Workspace\rodos\Debug_STM32F4\librodos.a(topic.o)
                0x08006f38                RODOS::Topic<RODOS::NetworkMessage>::~Topic()
 .text._GLOBAL__sub_I__ZN5RODOS14TopicInterfaceC2EllPKc
                0x08006f58       0x10 C:\Eclipse 2019\Workspace\rodos\Debug_STM32F4\librodos.a(topic.o)
 .text._ZN5RODOS7Yprintf8vaprintfEPKc
                0x08006f68      0x4fc C:\Eclipse 2019\Workspace\rodos\Debug_STM32F4\librodos.a(yprintf.o)
                0x08006f68                RODOS::Yprintf::vaprintf(char const*)
 .text._ZN5RODOS7xprintfEPKcz
                0x08007464       0x44 C:\Eclipse 2019\Workspace\rodos\Debug_STM32F4\librodos.a(yprintf.o)
                0x08007464                RODOS::xprintf(char const*, ...)
 .text.call_constructors
                0x080074a8       0x44 C:\Eclipse 2019\Workspace\rodos\Debug_STM32F4\librodos.a(call_constructors.o)
                0x080074a8                call_constructors
 .text.__cxa_atexit
                0x080074ec       0x1a C:\Eclipse 2019\Workspace\rodos\Debug_STM32F4\librodos.a(call_constructors.o)
                0x080074ec                __cxa_atexit
 .text.__cxa_pure_virtual
                0x08007506        0x6 C:\Eclipse 2019\Workspace\rodos\Debug_STM32F4\librodos.a(call_constructors.o)
                0x08007506                __cxa_pure_virtual
 .text.Reset_Handler
                0x0800750c       0x60 C:\Eclipse 2019\Workspace\rodos\Debug_STM32F4\librodos.a(startup_stm32f4xx.o)
                0x0800750c                Reset_Handler
 .text.Default_Handler
                0x0800756c        0x6 C:\Eclipse 2019\Workspace\rodos\Debug_STM32F4\librodos.a(startup_stm32f4xx.o)
                0x0800756c                RTC_Alarm_IRQHandler
                0x0800756c                HASH_RNG_IRQHandler
                0x0800756c                TIM8_CC_IRQHandler
                0x0800756c                DebugMon_Handler
                0x0800756c                TIM1_CC_IRQHandler
                0x0800756c                PVD_IRQHandler
                0x0800756c                SDIO_IRQHandler
                0x0800756c                TAMP_STAMP_IRQHandler
                0x0800756c                CAN2_RX1_IRQHandler
                0x0800756c                TIM8_TRG_COM_TIM14_IRQHandler
                0x0800756c                TIM1_UP_TIM10_IRQHandler
                0x0800756c                TIM8_UP_TIM13_IRQHandler
                0x0800756c                I2C3_ER_IRQHandler
                0x0800756c                I2C2_EV_IRQHandler
                0x0800756c                DMA1_Stream2_IRQHandler
                0x0800756c                CAN1_RX0_IRQHandler
                0x0800756c                FPU_IRQHandler
                0x0800756c                OTG_HS_WKUP_IRQHandler
                0x0800756c                CAN2_SCE_IRQHandler
                0x0800756c                DMA2_Stream2_IRQHandler
                0x0800756c                SPI1_IRQHandler
                0x0800756c                TIM6_DAC_IRQHandler
                0x0800756c                TIM1_BRK_TIM9_IRQHandler
                0x0800756c                DCMI_IRQHandler
                0x0800756c                CAN2_RX0_IRQHandler
                0x0800756c                DMA2_Stream3_IRQHandler
                0x0800756c                CRYP_IRQHandler
                0x0800756c                CAN1_RX1_IRQHandler
                0x0800756c                DMA2_Stream0_IRQHandler
                0x0800756c                TIM4_IRQHandler
                0x0800756c                I2C1_EV_IRQHandler
                0x0800756c                TIM3_IRQHandler
                0x0800756c                RCC_IRQHandler
                0x0800756c                TIM8_BRK_TIM12_IRQHandler
                0x0800756c                Default_Handler
                0x0800756c                ADC_IRQHandler
                0x0800756c                DMA1_Stream7_IRQHandler
                0x0800756c                TIM7_IRQHandler
                0x0800756c                CAN2_TX_IRQHandler
                0x0800756c                I2C3_EV_IRQHandler
                0x0800756c                RTC_WKUP_IRQHandler
                0x0800756c                ETH_WKUP_IRQHandler
                0x0800756c                SPI2_IRQHandler
                0x0800756c                OTG_HS_EP1_IN_IRQHandler
                0x0800756c                DMA1_Stream0_IRQHandler
                0x0800756c                CAN1_TX_IRQHandler
                0x0800756c                FSMC_IRQHandler
                0x0800756c                ETH_IRQHandler
                0x0800756c                OTG_HS_EP1_OUT_IRQHandler
                0x0800756c                WWDG_IRQHandler
                0x0800756c                TIM2_IRQHandler
                0x0800756c                OTG_FS_WKUP_IRQHandler
                0x0800756c                OTG_HS_IRQHandler
                0x0800756c                I2C2_ER_IRQHandler
                0x0800756c                DMA2_Stream1_IRQHandler
                0x0800756c                CAN1_SCE_IRQHandler
                0x0800756c                FLASH_IRQHandler
                0x0800756c                DMA2_Stream4_IRQHandler
                0x0800756c                OTG_FS_IRQHandler
                0x0800756c                SPI3_IRQHandler
                0x0800756c                DMA1_Stream4_IRQHandler
                0x0800756c                I2C1_ER_IRQHandler
                0x0800756c                DMA2_Stream6_IRQHandler
 .text._ZnwjPv  0x08007572       0x18 C:\Eclipse 2019\Workspace\rodos\Debug_STM32F4\librodos.a(hal_adc.o)
                0x08007572                operator new(unsigned int, void*)
 .text._ZN5RODOS7HAL_ADC15isWriteFinishedEv
                0x0800758a       0x16 C:\Eclipse 2019\Workspace\rodos\Debug_STM32F4\librodos.a(hal_adc.o)
                0x0800758a                RODOS::HAL_ADC::isWriteFinished()
 .text._ZN5RODOS7HAL_ADC14isReadFinishedEv
                0x080075a0       0x16 C:\Eclipse 2019\Workspace\rodos\Debug_STM32F4\librodos.a(hal_adc.o)
                0x080075a0                RODOS::HAL_ADC::isReadFinished()
 .text._ZN5RODOS10HW_HAL_ADCC2Ev
                0x080075b6       0x16 C:\Eclipse 2019\Workspace\rodos\Debug_STM32F4\librodos.a(hal_adc.o)
                0x080075b6                RODOS::HW_HAL_ADC::HW_HAL_ADC()
                0x080075b6                RODOS::HW_HAL_ADC::HW_HAL_ADC()
 .text._ZN5RODOS10HW_HAL_ADCC2ENS_7ADC_IDXE
                0x080075cc       0x90 C:\Eclipse 2019\Workspace\rodos\Debug_STM32F4\librodos.a(hal_adc.o)
                0x080075cc                RODOS::HW_HAL_ADC::HW_HAL_ADC(RODOS::ADC_IDX)
                0x080075cc                RODOS::HW_HAL_ADC::HW_HAL_ADC(RODOS::ADC_IDX)
 .text._ZN5RODOS7HAL_ADCC2ENS_7ADC_IDXE
                0x0800765c       0x64 C:\Eclipse 2019\Workspace\rodos\Debug_STM32F4\librodos.a(hal_adc.o)
                0x0800765c                RODOS::HAL_ADC::HAL_ADC(RODOS::ADC_IDX)
                0x0800765c                RODOS::HAL_ADC::HAL_ADC(RODOS::ADC_IDX)
 .text._ZN5RODOS7HAL_ADC4initENS_11ADC_CHANNELE
                0x080076c0       0xd4 C:\Eclipse 2019\Workspace\rodos\Debug_STM32F4\librodos.a(hal_adc.o)
                0x080076c0                RODOS::HAL_ADC::init(RODOS::ADC_CHANNEL)
 .text._ZN5RODOS7HAL_ADC6configENS_18ADC_PARAMETER_TYPEEl
                0x08007794       0xa4 C:\Eclipse 2019\Workspace\rodos\Debug_STM32F4\librodos.a(hal_adc.o)
                0x08007794                RODOS::HAL_ADC::config(RODOS::ADC_PARAMETER_TYPE, long)
 .text._ZN5RODOS7HAL_ADC5resetEv
                0x08007838       0xae C:\Eclipse 2019\Workspace\rodos\Debug_STM32F4\librodos.a(hal_adc.o)
                0x08007838                RODOS::HAL_ADC::reset()
 *fill*         0x080078e6        0x2 
 .text._ZN5RODOS7HAL_ADC4readENS_11ADC_CHANNELE
                0x080078e8      0x11c C:\Eclipse 2019\Workspace\rodos\Debug_STM32F4\librodos.a(hal_adc.o)
                0x080078e8                RODOS::HAL_ADC::read(RODOS::ADC_CHANNEL)
 .text._ZN5RODOS10HW_HAL_ADC20getChannelPropertiesENS_11ADC_CHANNELE
                0x08007a04      0x37c C:\Eclipse 2019\Workspace\rodos\Debug_STM32F4\librodos.a(hal_adc.o)
                0x08007a04                RODOS::HW_HAL_ADC::getChannelProperties(RODOS::ADC_CHANNEL)
 .text._Z41__static_initialization_and_destruction_0ii
                0x08007d80       0x3c C:\Eclipse 2019\Workspace\rodos\Debug_STM32F4\librodos.a(hal_adc.o)
 .text._GLOBAL__sub_I__ZN5RODOS15adcContextArrayE
                0x08007dbc       0x10 C:\Eclipse 2019\Workspace\rodos\Debug_STM32F4\librodos.a(hal_adc.o)
 .text._ZN5RODOS8HAL_GPIO15isWriteFinishedEv
                0x08007dcc       0x16 C:\Eclipse 2019\Workspace\rodos\Debug_STM32F4\librodos.a(hal_gpio.o)
                0x08007dcc                RODOS::HAL_GPIO::isWriteFinished()
 .text._ZN5RODOS8HAL_GPIO14isReadFinishedEv
                0x08007de2       0x16 C:\Eclipse 2019\Workspace\rodos\Debug_STM32F4\librodos.a(hal_gpio.o)
                0x08007de2                RODOS::HAL_GPIO::isReadFinished()
 .text.NVIC_EnableIRQ
                0x08007df8       0x34 C:\Eclipse 2019\Workspace\rodos\Debug_STM32F4\librodos.a(hal_gpio.o)
 .text.NVIC_ClearPendingIRQ
                0x08007e2c       0x38 C:\Eclipse 2019\Workspace\rodos\Debug_STM32F4\librodos.a(hal_gpio.o)
 .text._ZN5RODOS17initEXTInterruptsEv
                0x08007e64       0x54 C:\Eclipse 2019\Workspace\rodos\Debug_STM32F4\librodos.a(hal_gpio.o)
                0x08007e64                RODOS::initEXTInterrupts()
 .text._ZN5RODOS11HW_HAL_GPIOC2ENS_8GPIO_PINEhb
                0x08007eb8       0x78 C:\Eclipse 2019\Workspace\rodos\Debug_STM32F4\librodos.a(hal_gpio.o)
                0x08007eb8                RODOS::HW_HAL_GPIO::HW_HAL_GPIO(RODOS::GPIO_PIN, unsigned char, bool)
                0x08007eb8                RODOS::HW_HAL_GPIO::HW_HAL_GPIO(RODOS::GPIO_PIN, unsigned char, bool)
 .text._ZN5RODOS11HW_HAL_GPIO10setPinMaskEv
                0x08007f30       0x7a C:\Eclipse 2019\Workspace\rodos\Debug_STM32F4\librodos.a(hal_gpio.o)
                0x08007f30                RODOS::HW_HAL_GPIO::setPinMask()
 *fill*         0x08007faa        0x2 
 .text._ZN5RODOS11HW_HAL_GPIO13EXTIRQHandlerEv
                0x08007fac       0x50 C:\Eclipse 2019\Workspace\rodos\Debug_STM32F4\librodos.a(hal_gpio.o)
                0x08007fac                RODOS::HW_HAL_GPIO::EXTIRQHandler()
 .text._ZN5RODOS11HW_HAL_GPIO17getGPIO_PinSourceEm
                0x08007ffc       0x38 C:\Eclipse 2019\Workspace\rodos\Debug_STM32F4\librodos.a(hal_gpio.o)
                0x08007ffc                RODOS::HW_HAL_GPIO::getGPIO_PinSource(unsigned long)
 .text._ZN5RODOS11HW_HAL_GPIO23getRCC_APB1Periph_GPIOxEP12GPIO_TypeDef
                0x08008034       0xd4 C:\Eclipse 2019\Workspace\rodos\Debug_STM32F4\librodos.a(hal_gpio.o)
                0x08008034                RODOS::HW_HAL_GPIO::getRCC_APB1Periph_GPIOx(GPIO_TypeDef*)
 .text._ZN5RODOS11HW_HAL_GPIO12getSTM32PortENS_8GPIO_PINE
                0x08008108       0xa8 C:\Eclipse 2019\Workspace\rodos\Debug_STM32F4\librodos.a(hal_gpio.o)
                0x08008108                RODOS::HW_HAL_GPIO::getSTM32Port(RODOS::GPIO_PIN)
 .text._ZN5RODOS11HW_HAL_GPIO11getSTM32PinENS_8GPIO_PINE
                0x080081b0       0x24 C:\Eclipse 2019\Workspace\rodos\Debug_STM32F4\librodos.a(hal_gpio.o)
                0x080081b0                RODOS::HW_HAL_GPIO::getSTM32Pin(RODOS::GPIO_PIN)
 .text._ZN5RODOS11HW_HAL_GPIO14configureAFPinENS_8GPIO_PINEh
                0x080081d4       0x9e C:\Eclipse 2019\Workspace\rodos\Debug_STM32F4\librodos.a(hal_gpio.o)
                0x080081d4                RODOS::HW_HAL_GPIO::configureAFPin(RODOS::GPIO_PIN, unsigned char)
 .text._ZN5RODOS11HW_HAL_GPIO8resetPinENS_8GPIO_PINE
                0x08008272       0x5e C:\Eclipse 2019\Workspace\rodos\Debug_STM32F4\librodos.a(hal_gpio.o)
                0x08008272                RODOS::HW_HAL_GPIO::resetPin(RODOS::GPIO_PIN)
 .text._ZN5RODOS8HAL_GPIOC2ENS_8GPIO_PINE
                0x080082d0       0x5c C:\Eclipse 2019\Workspace\rodos\Debug_STM32F4\librodos.a(hal_gpio.o)
                0x080082d0                RODOS::HAL_GPIO::HAL_GPIO(RODOS::GPIO_PIN)
                0x080082d0                RODOS::HAL_GPIO::HAL_GPIO(RODOS::GPIO_PIN)
 .text._ZN5RODOS8HAL_GPIO4initEbmm
                0x0800832c       0x8e C:\Eclipse 2019\Workspace\rodos\Debug_STM32F4\librodos.a(hal_gpio.o)
                0x0800832c                RODOS::HAL_GPIO::init(bool, unsigned long, unsigned long)
 *fill*         0x080083ba        0x2 
 .text._ZN5RODOS8HAL_GPIO6configENS_13GPIO_CFG_TYPEEm
                0x080083bc      0x158 C:\Eclipse 2019\Workspace\rodos\Debug_STM32F4\librodos.a(hal_gpio.o)
                0x080083bc                RODOS::HAL_GPIO::config(RODOS::GPIO_CFG_TYPE, unsigned long)
 .text._ZN5RODOS8HAL_GPIO5resetEv
                0x08008514       0x26 C:\Eclipse 2019\Workspace\rodos\Debug_STM32F4\librodos.a(hal_gpio.o)
                0x08008514                RODOS::HAL_GPIO::reset()
 .text._ZN5RODOS8HAL_GPIO7setPinsEm
                0x0800853a       0x9c C:\Eclipse 2019\Workspace\rodos\Debug_STM32F4\librodos.a(hal_gpio.o)
                0x0800853a                RODOS::HAL_GPIO::setPins(unsigned long)
 .text._ZN5RODOS8HAL_GPIO11isDataReadyEv
                0x080085d6       0x1a C:\Eclipse 2019\Workspace\rodos\Debug_STM32F4\librodos.a(hal_gpio.o)
                0x080085d6                RODOS::HAL_GPIO::isDataReady()
 .text._ZN5RODOS8HAL_GPIO15interruptEnableEb
                0x080085f0      0x17c C:\Eclipse 2019\Workspace\rodos\Debug_STM32F4\librodos.a(hal_gpio.o)
                0x080085f0                RODOS::HAL_GPIO::interruptEnable(bool)
 .text._ZN5RODOS8HAL_GPIO25resetInterruptEventStatusEv
                0x0800876c       0x1c C:\Eclipse 2019\Workspace\rodos\Debug_STM32F4\librodos.a(hal_gpio.o)
                0x0800876c                RODOS::HAL_GPIO::resetInterruptEventStatus()
 .text.EXTI0_IRQHandler
                0x08008788       0x24 C:\Eclipse 2019\Workspace\rodos\Debug_STM32F4\librodos.a(hal_gpio.o)
                0x08008788                EXTI0_IRQHandler
 .text.EXTI1_IRQHandler
                0x080087ac       0x24 C:\Eclipse 2019\Workspace\rodos\Debug_STM32F4\librodos.a(hal_gpio.o)
                0x080087ac                EXTI1_IRQHandler
 .text.EXTI2_IRQHandler
                0x080087d0       0x24 C:\Eclipse 2019\Workspace\rodos\Debug_STM32F4\librodos.a(hal_gpio.o)
                0x080087d0                EXTI2_IRQHandler
 .text.EXTI3_IRQHandler
                0x080087f4       0x24 C:\Eclipse 2019\Workspace\rodos\Debug_STM32F4\librodos.a(hal_gpio.o)
                0x080087f4                EXTI3_IRQHandler
 .text.EXTI4_IRQHandler
                0x08008818       0x24 C:\Eclipse 2019\Workspace\rodos\Debug_STM32F4\librodos.a(hal_gpio.o)
                0x08008818                EXTI4_IRQHandler
 .text.EXTI9_5_IRQHandler
                0x0800883c       0x60 C:\Eclipse 2019\Workspace\rodos\Debug_STM32F4\librodos.a(hal_gpio.o)
                0x0800883c                EXTI9_5_IRQHandler
 .text.EXTI15_10_IRQHandler
                0x0800889c       0x60 C:\Eclipse 2019\Workspace\rodos\Debug_STM32F4\librodos.a(hal_gpio.o)
                0x0800889c                EXTI15_10_IRQHandler
 .text._ZN5RODOS10HW_HAL_I2CC2ENS_7I2C_IDXE
                0x080088fc       0x20 C:\Eclipse 2019\Workspace\rodos\Debug_STM32F4\librodos.a(hal_i2c.o)
                0x080088fc                RODOS::HW_HAL_I2C::HW_HAL_I2C(RODOS::I2C_IDX)
                0x080088fc                RODOS::HW_HAL_I2C::HW_HAL_I2C(RODOS::I2C_IDX)
 .text._ZN5RODOS10HW_HAL_I2CC2Ev
                0x0800891c       0x16 C:\Eclipse 2019\Workspace\rodos\Debug_STM32F4\librodos.a(hal_i2c.o)
                0x0800891c                RODOS::HW_HAL_I2C::HW_HAL_I2C()
                0x0800891c                RODOS::HW_HAL_I2C::HW_HAL_I2C()
 *fill*         0x08008932        0x2 
 .text._ZN5RODOS7HAL_I2CC2ENS_7I2C_IDXENS_8GPIO_PINES2_
                0x08008934       0x90 C:\Eclipse 2019\Workspace\rodos\Debug_STM32F4\librodos.a(hal_i2c.o)
                0x08008934                RODOS::HAL_I2C::HAL_I2C(RODOS::I2C_IDX, RODOS::GPIO_PIN, RODOS::GPIO_PIN)
                0x08008934                RODOS::HAL_I2C::HAL_I2C(RODOS::I2C_IDX, RODOS::GPIO_PIN, RODOS::GPIO_PIN)
 .text._ZN5RODOS7HAL_I2C4initEm
                0x080089c4      0x110 C:\Eclipse 2019\Workspace\rodos\Debug_STM32F4\librodos.a(hal_i2c.o)
                0x080089c4                RODOS::HAL_I2C::init(unsigned long)
 .text._ZN5RODOS7HAL_I2C5resetEv
                0x08008ad4      0x170 C:\Eclipse 2019\Workspace\rodos\Debug_STM32F4\librodos.a(hal_i2c.o)
                0x08008ad4                RODOS::HAL_I2C::reset()
 .text._ZN5RODOS7HAL_I2C15isWriteFinishedEv
                0x08008c44       0x16 C:\Eclipse 2019\Workspace\rodos\Debug_STM32F4\librodos.a(hal_i2c.o)
                0x08008c44                RODOS::HAL_I2C::isWriteFinished()
 .text._ZN5RODOS7HAL_I2C14isReadFinishedEv
                0x08008c5a       0x16 C:\Eclipse 2019\Workspace\rodos\Debug_STM32F4\librodos.a(hal_i2c.o)
                0x08008c5a                RODOS::HAL_I2C::isReadFinished()
 .text._ZN5RODOS7HAL_I2C5writeEhPKhm
                0x08008c70       0x62 C:\Eclipse 2019\Workspace\rodos\Debug_STM32F4\librodos.a(hal_i2c.o)
                0x08008c70                RODOS::HAL_I2C::write(unsigned char, unsigned char const*, unsigned long)
 *fill*         0x08008cd2        0x2 
 .text._ZN5RODOS7HAL_I2C9writeReadEhPKhmPhm
                0x08008cd4      0x11c C:\Eclipse 2019\Workspace\rodos\Debug_STM32F4\librodos.a(hal_i2c.o)
                0x08008cd4                RODOS::HAL_I2C::writeRead(unsigned char, unsigned char const*, unsigned long, unsigned char*, unsigned long)
 .text._ZN5RODOS10HW_HAL_I2C15mstrWriteNoStopEhPKhm
                0x08008df0      0x13c C:\Eclipse 2019\Workspace\rodos\Debug_STM32F4\librodos.a(hal_i2c.o)
                0x08008df0                RODOS::HW_HAL_I2C::mstrWriteNoStop(unsigned char, unsigned char const*, unsigned long)
 .text._ZN5RODOS10HW_HAL_I2C9mstrWriteEhPKhm
                0x08008f2c       0x4e C:\Eclipse 2019\Workspace\rodos\Debug_STM32F4\librodos.a(hal_i2c.o)
                0x08008f2c                RODOS::HW_HAL_I2C::mstrWrite(unsigned char, unsigned char const*, unsigned long)
 *fill*         0x08008f7a        0x2 
 .text._ZN5RODOS10HW_HAL_I2C5startEv
                0x08008f7c       0xdc C:\Eclipse 2019\Workspace\rodos\Debug_STM32F4\librodos.a(hal_i2c.o)
                0x08008f7c                RODOS::HW_HAL_I2C::start()
 .text._ZN5RODOS10HW_HAL_I2C4stopEv
                0x08009058       0x74 C:\Eclipse 2019\Workspace\rodos\Debug_STM32F4\librodos.a(hal_i2c.o)
                0x08009058                RODOS::HW_HAL_I2C::stop()
 .text._ZN5RODOS10HW_HAL_I2C8sendAddrEhh
                0x080090cc       0x9c C:\Eclipse 2019\Workspace\rodos\Debug_STM32F4\librodos.a(hal_i2c.o)
                0x080090cc                RODOS::HW_HAL_I2C::sendAddr(unsigned char, unsigned char)
 .text._ZN5RODOS10HW_HAL_I2C15mstrReadNoStartEhPhm
                0x08009168      0x5b0 C:\Eclipse 2019\Workspace\rodos\Debug_STM32F4\librodos.a(hal_i2c.o)
                0x08009168                RODOS::HW_HAL_I2C::mstrReadNoStart(unsigned char, unsigned char*, unsigned long)
 .text._ZN5RODOS10HW_HAL_I2C11initMembersEPNS_7HAL_I2CENS_7I2C_IDXENS_8GPIO_PINES4_
                0x08009718      0x114 C:\Eclipse 2019\Workspace\rodos\Debug_STM32F4\librodos.a(hal_i2c.o)
                0x08009718                RODOS::HW_HAL_I2C::initMembers(RODOS::HAL_I2C*, RODOS::I2C_IDX, RODOS::GPIO_PIN, RODOS::GPIO_PIN)
 .text._Z41__static_initialization_and_destruction_0ii
                0x0800982c       0x3c C:\Eclipse 2019\Workspace\rodos\Debug_STM32F4\librodos.a(hal_i2c.o)
 .text._GLOBAL__sub_I__ZN5RODOS16I2C_contextArrayE
                0x08009868       0x10 C:\Eclipse 2019\Workspace\rodos\Debug_STM32F4\librodos.a(hal_i2c.o)
 .text._ZN5RODOS7HAL_PWM15isWriteFinishedEv
                0x08009878       0x16 C:\Eclipse 2019\Workspace\rodos\Debug_STM32F4\librodos.a(hal_pwm.o)
                0x08009878                RODOS::HAL_PWM::isWriteFinished()
 *fill*         0x0800988e        0x2 
 .text._ZN5RODOS7HAL_PWMC2ENS_7PWM_IDXE
                0x08009890       0x48 C:\Eclipse 2019\Workspace\rodos\Debug_STM32F4\librodos.a(hal_pwm.o)
                0x08009890                RODOS::HAL_PWM::HAL_PWM(RODOS::PWM_IDX)
                0x08009890                RODOS::HAL_PWM::HAL_PWM(RODOS::PWM_IDX)
 .text._ZN5RODOS7HAL_PWM4initEii
                0x080098d8      0x678 C:\Eclipse 2019\Workspace\rodos\Debug_STM32F4\librodos.a(hal_pwm.o)
                0x080098d8                RODOS::HAL_PWM::init(int, int)
 .text._ZN5RODOS7HAL_PWM5resetEv
                0x08009f50      0x254 C:\Eclipse 2019\Workspace\rodos\Debug_STM32F4\librodos.a(hal_pwm.o)
                0x08009f50                RODOS::HAL_PWM::reset()
 .text._ZN5RODOS7HAL_PWM5writeEj
                0x0800a1a4      0x184 C:\Eclipse 2019\Workspace\rodos\Debug_STM32F4\librodos.a(hal_pwm.o)
                0x0800a1a4                RODOS::HAL_PWM::write(unsigned int)
 .text._ZN5RODOS10HW_HAL_PWMC2ENS_7PWM_IDXE
                0x0800a328       0xd8 C:\Eclipse 2019\Workspace\rodos\Debug_STM32F4\librodos.a(hal_pwm.o)
                0x0800a328                RODOS::HW_HAL_PWM::HW_HAL_PWM(RODOS::PWM_IDX)
                0x0800a328                RODOS::HW_HAL_PWM::HW_HAL_PWM(RODOS::PWM_IDX)
 .text._ZN5RODOS10HW_HAL_PWM14updateSettingsEv
                0x0800a400      0x108 C:\Eclipse 2019\Workspace\rodos\Debug_STM32F4\librodos.a(hal_pwm.o)
                0x0800a400                RODOS::HW_HAL_PWM::updateSettings()
 .text._ZN5RODOS10HW_HAL_SPIC2Ev
                0x0800a508       0x16 C:\Eclipse 2019\Workspace\rodos\Debug_STM32F4\librodos.a(hal_spi.o)
                0x0800a508                RODOS::HW_HAL_SPI::HW_HAL_SPI()
                0x0800a508                RODOS::HW_HAL_SPI::HW_HAL_SPI()
 *fill*         0x0800a51e        0x2 
 .text._ZN5RODOS10HW_HAL_SPIC2ENS_7SPI_IDXENS_8GPIO_PINES2_S2_
                0x0800a520       0x58 C:\Eclipse 2019\Workspace\rodos\Debug_STM32F4\librodos.a(hal_spi.o)
                0x0800a520                RODOS::HW_HAL_SPI::HW_HAL_SPI(RODOS::SPI_IDX, RODOS::GPIO_PIN, RODOS::GPIO_PIN, RODOS::GPIO_PIN)
                0x0800a520                RODOS::HW_HAL_SPI::HW_HAL_SPI(RODOS::SPI_IDX, RODOS::GPIO_PIN, RODOS::GPIO_PIN, RODOS::GPIO_PIN)
 .text._ZN5RODOS10HW_HAL_SPI11initMembersENS_7SPI_IDXENS_8GPIO_PINES2_S2_
                0x0800a578      0x1c4 C:\Eclipse 2019\Workspace\rodos\Debug_STM32F4\librodos.a(hal_spi.o)
                0x0800a578                RODOS::HW_HAL_SPI::initMembers(RODOS::SPI_IDX, RODOS::GPIO_PIN, RODOS::GPIO_PIN, RODOS::GPIO_PIN)
 .text._ZN5RODOS10HW_HAL_SPI19waitOnTransferReadyEv
                0x0800a73c       0xa2 C:\Eclipse 2019\Workspace\rodos\Debug_STM32F4\librodos.a(hal_spi.o)
                0x0800a73c                RODOS::HW_HAL_SPI::waitOnTransferReady()
 *fill*         0x0800a7de        0x2 
 .text._ZN5RODOS10HW_HAL_SPI11setBaudrateEm
                0x0800a7e0      0x108 C:\Eclipse 2019\Workspace\rodos\Debug_STM32F4\librodos.a(hal_spi.o)
                0x0800a7e0                RODOS::HW_HAL_SPI::setBaudrate(unsigned long)
 .text._ZN5RODOS7HAL_SPIC2ENS_7SPI_IDXENS_8GPIO_PINES2_S2_
                0x0800a8e8       0x84 C:\Eclipse 2019\Workspace\rodos\Debug_STM32F4\librodos.a(hal_spi.o)
                0x0800a8e8                RODOS::HAL_SPI::HAL_SPI(RODOS::SPI_IDX, RODOS::GPIO_PIN, RODOS::GPIO_PIN, RODOS::GPIO_PIN)
                0x0800a8e8                RODOS::HAL_SPI::HAL_SPI(RODOS::SPI_IDX, RODOS::GPIO_PIN, RODOS::GPIO_PIN, RODOS::GPIO_PIN)
 .text._ZN5RODOS7HAL_SPI4initEmb
                0x0800a96c      0x368 C:\Eclipse 2019\Workspace\rodos\Debug_STM32F4\librodos.a(hal_spi.o)
                0x0800a96c                RODOS::HAL_SPI::init(unsigned long, bool)
 .text._ZN5RODOS7HAL_SPI5resetEv
                0x0800acd4      0x16c C:\Eclipse 2019\Workspace\rodos\Debug_STM32F4\librodos.a(hal_spi.o)
                0x0800acd4                RODOS::HAL_SPI::reset()
 .text._ZN5RODOS7HAL_SPI6configENS_18SPI_PARAMETER_TYPEEl
                0x0800ae40       0xf0 C:\Eclipse 2019\Workspace\rodos\Debug_STM32F4\librodos.a(hal_spi.o)
                0x0800ae40                RODOS::HAL_SPI::config(RODOS::SPI_PARAMETER_TYPE, long)
 .text._ZN5RODOS7HAL_SPI15isWriteFinishedEv
                0x0800af30       0x16 C:\Eclipse 2019\Workspace\rodos\Debug_STM32F4\librodos.a(hal_spi.o)
                0x0800af30                RODOS::HAL_SPI::isWriteFinished()
 .text._ZN5RODOS7HAL_SPI14isReadFinishedEv
                0x0800af46       0x16 C:\Eclipse 2019\Workspace\rodos\Debug_STM32F4\librodos.a(hal_spi.o)
                0x0800af46                RODOS::HAL_SPI::isReadFinished()
 .text._ZN5RODOS7HAL_SPI5writeEPKhm
                0x0800af5c      0x12c C:\Eclipse 2019\Workspace\rodos\Debug_STM32F4\librodos.a(hal_spi.o)
                0x0800af5c                RODOS::HAL_SPI::write(unsigned char const*, unsigned long)
 .text._ZN5RODOS7HAL_SPI4readEPhm
                0x0800b088      0x128 C:\Eclipse 2019\Workspace\rodos\Debug_STM32F4\librodos.a(hal_spi.o)
                0x0800b088                RODOS::HAL_SPI::read(unsigned char*, unsigned long)
 .text._ZN5RODOS7HAL_SPI9writeReadEPKhmPhm
                0x0800b1b0      0x248 C:\Eclipse 2019\Workspace\rodos\Debug_STM32F4\librodos.a(hal_spi.o)
                0x0800b1b0                RODOS::HAL_SPI::writeRead(unsigned char const*, unsigned long, unsigned char*, unsigned long)
 .text._Z41__static_initialization_and_destruction_0ii
                0x0800b3f8       0x3c C:\Eclipse 2019\Workspace\rodos\Debug_STM32F4\librodos.a(hal_spi.o)
 .text._GLOBAL__sub_I__ZN5RODOS10HW_HAL_SPI17DMA_InitStructureE
                0x0800b434       0x10 C:\Eclipse 2019\Workspace\rodos\Debug_STM32F4\librodos.a(hal_spi.o)
 .text._ZN5RODOS6Thread4initEv
                0x0800b444       0x14 C:\Eclipse 2019\Workspace\rodos\Debug_STM32F4\librodos.a(hal_uart.o)
                0x0800b444                RODOS::Thread::init()
 .text.NVIC_EnableIRQ
                0x0800b458       0x34 C:\Eclipse 2019\Workspace\rodos\Debug_STM32F4\librodos.a(hal_uart.o)
 .text.NVIC_DisableIRQ
                0x0800b48c       0x38 C:\Eclipse 2019\Workspace\rodos\Debug_STM32F4\librodos.a(hal_uart.o)
 .text.NVIC_ClearPendingIRQ
                0x0800b4c4       0x38 C:\Eclipse 2019\Workspace\rodos\Debug_STM32F4\librodos.a(hal_uart.o)
 .text._ZN5RODOS14ReceiveTriggerC2Ev
                0x0800b4fc       0x30 C:\Eclipse 2019\Workspace\rodos\Debug_STM32F4\librodos.a(hal_uart.o)
                0x0800b4fc                RODOS::ReceiveTrigger::ReceiveTrigger()
                0x0800b4fc                RODOS::ReceiveTrigger::ReceiveTrigger()
 .text._ZN5RODOS11HW_HAL_UARTC2Ev
                0x0800b52c       0x28 C:\Eclipse 2019\Workspace\rodos\Debug_STM32F4\librodos.a(hal_uart.o)
                0x0800b52c                RODOS::HW_HAL_UART::HW_HAL_UART()
                0x0800b52c                RODOS::HW_HAL_UART::HW_HAL_UART()
 *fill*         0x0800b554        0x4 
 .text._ZN5RODOS14ReceiveTrigger3runEv
                0x0800b558       0xbc C:\Eclipse 2019\Workspace\rodos\Debug_STM32F4\librodos.a(hal_uart.o)
                0x0800b558                RODOS::ReceiveTrigger::run()
 .text._ZN5RODOS8HAL_UARTC2ENS_8UART_IDXENS_8GPIO_PINES2_S2_S2_
                0x0800b614       0x8c C:\Eclipse 2019\Workspace\rodos\Debug_STM32F4\librodos.a(hal_uart.o)
                0x0800b614                RODOS::HAL_UART::HAL_UART(RODOS::UART_IDX, RODOS::GPIO_PIN, RODOS::GPIO_PIN, RODOS::GPIO_PIN, RODOS::GPIO_PIN)
                0x0800b614                RODOS::HAL_UART::HAL_UART(RODOS::UART_IDX, RODOS::GPIO_PIN, RODOS::GPIO_PIN, RODOS::GPIO_PIN, RODOS::GPIO_PIN)
 .text.USART1_IRQHandler
                0x0800b6a0       0x18 C:\Eclipse 2019\Workspace\rodos\Debug_STM32F4\librodos.a(hal_uart.o)
                0x0800b6a0                USART1_IRQHandler
 .text.USART2_IRQHandler
                0x0800b6b8       0x18 C:\Eclipse 2019\Workspace\rodos\Debug_STM32F4\librodos.a(hal_uart.o)
                0x0800b6b8                USART2_IRQHandler
 .text.USART3_IRQHandler
                0x0800b6d0       0x18 C:\Eclipse 2019\Workspace\rodos\Debug_STM32F4\librodos.a(hal_uart.o)
                0x0800b6d0                USART3_IRQHandler
 .text.UART4_IRQHandler
                0x0800b6e8       0x18 C:\Eclipse 2019\Workspace\rodos\Debug_STM32F4\librodos.a(hal_uart.o)
                0x0800b6e8                UART4_IRQHandler
 .text.UART5_IRQHandler
                0x0800b700       0x18 C:\Eclipse 2019\Workspace\rodos\Debug_STM32F4\librodos.a(hal_uart.o)
                0x0800b700                UART5_IRQHandler
 .text.USART6_IRQHandler
                0x0800b718       0x18 C:\Eclipse 2019\Workspace\rodos\Debug_STM32F4\librodos.a(hal_uart.o)
                0x0800b718                USART6_IRQHandler
 .text.DMA2_Stream7_IRQHandler
                0x0800b730       0x48 C:\Eclipse 2019\Workspace\rodos\Debug_STM32F4\librodos.a(hal_uart.o)
                0x0800b730                DMA2_Stream7_IRQHandler
 .text.DMA1_Stream6_IRQHandler
                0x0800b778       0x48 C:\Eclipse 2019\Workspace\rodos\Debug_STM32F4\librodos.a(hal_uart.o)
                0x0800b778                DMA1_Stream6_IRQHandler
 .text.DMA1_Stream3_IRQHandler
                0x0800b7c0       0x48 C:\Eclipse 2019\Workspace\rodos\Debug_STM32F4\librodos.a(hal_uart.o)
                0x0800b7c0                DMA1_Stream3_IRQHandler
 .text.DMA2_Stream5_IRQHandler
                0x0800b808       0x48 C:\Eclipse 2019\Workspace\rodos\Debug_STM32F4\librodos.a(hal_uart.o)
                0x0800b808                DMA2_Stream5_IRQHandler
 .text.DMA1_Stream5_IRQHandler
                0x0800b850       0x48 C:\Eclipse 2019\Workspace\rodos\Debug_STM32F4\librodos.a(hal_uart.o)
                0x0800b850                DMA1_Stream5_IRQHandler
 .text.DMA1_Stream1_IRQHandler
                0x0800b898       0x48 C:\Eclipse 2019\Workspace\rodos\Debug_STM32F4\librodos.a(hal_uart.o)
                0x0800b898                DMA1_Stream1_IRQHandler
 .text._ZN5RODOS8HAL_UART4initEj
                0x0800b8e0       0x3c C:\Eclipse 2019\Workspace\rodos\Debug_STM32F4\librodos.a(hal_uart.o)
                0x0800b8e0                RODOS::HAL_UART::init(unsigned int)
 .text._ZN5RODOS8HAL_UART6configENS_19UART_PARAMETER_TYPEEi
                0x0800b91c      0x1d4 C:\Eclipse 2019\Workspace\rodos\Debug_STM32F4\librodos.a(hal_uart.o)
                0x0800b91c                RODOS::HAL_UART::config(RODOS::UART_PARAMETER_TYPE, int)
 .text._ZN5RODOS8HAL_UART5resetEv
                0x0800baf0       0xca C:\Eclipse 2019\Workspace\rodos\Debug_STM32F4\librodos.a(hal_uart.o)
                0x0800baf0                RODOS::HAL_UART::reset()
 .text._ZN5RODOS8HAL_UART4readEPci
                0x0800bbba       0xd6 C:\Eclipse 2019\Workspace\rodos\Debug_STM32F4\librodos.a(hal_uart.o)
                0x0800bbba                RODOS::HAL_UART::read(char*, int)
 .text._ZN5RODOS8HAL_UART5writeEPKci
                0x0800bc90       0xf2 C:\Eclipse 2019\Workspace\rodos\Debug_STM32F4\librodos.a(hal_uart.o)
                0x0800bc90                RODOS::HAL_UART::write(char const*, int)
 .text._ZN5RODOS8HAL_UART13getcharNoWaitEv
                0x0800bd82       0x86 C:\Eclipse 2019\Workspace\rodos\Debug_STM32F4\librodos.a(hal_uart.o)
                0x0800bd82                RODOS::HAL_UART::getcharNoWait()
 .text._ZN5RODOS8HAL_UART13putcharNoWaitEc
                0x0800be08       0xa8 C:\Eclipse 2019\Workspace\rodos\Debug_STM32F4\librodos.a(hal_uart.o)
                0x0800be08                RODOS::HAL_UART::putcharNoWait(char)
 .text._ZN5RODOS8HAL_UART6statusENS_16UART_STATUS_TYPEE
                0x0800beb0       0x62 C:\Eclipse 2019\Workspace\rodos\Debug_STM32F4\librodos.a(hal_uart.o)
                0x0800beb0                RODOS::HAL_UART::status(RODOS::UART_STATUS_TYPE)
 .text._ZN5RODOS8HAL_UART15isWriteFinishedEv
                0x0800bf12       0x58 C:\Eclipse 2019\Workspace\rodos\Debug_STM32F4\librodos.a(hal_uart.o)
                0x0800bf12                RODOS::HAL_UART::isWriteFinished()
 .text._ZN5RODOS8HAL_UART11isDataReadyEv
                0x0800bf6a       0x3c C:\Eclipse 2019\Workspace\rodos\Debug_STM32F4\librodos.a(hal_uart.o)
                0x0800bf6a                RODOS::HAL_UART::isDataReady()
 .text._ZN5RODOS11HW_HAL_UART11initMembersEPNS_8HAL_UARTENS_8UART_IDXENS_8GPIO_PINES4_S4_S4_
                0x0800bfa6       0x74 C:\Eclipse 2019\Workspace\rodos\Debug_STM32F4\librodos.a(hal_uart.o)
                0x0800bfa6                RODOS::HW_HAL_UART::initMembers(RODOS::HAL_UART*, RODOS::UART_IDX, RODOS::GPIO_PIN, RODOS::GPIO_PIN, RODOS::GPIO_PIN, RODOS::GPIO_PIN)
 *fill*         0x0800c01a        0x2 
 .text._ZN5RODOS11HW_HAL_UART12DMAConfigureEv
                0x0800c01c      0x190 C:\Eclipse 2019\Workspace\rodos\Debug_STM32F4\librodos.a(hal_uart.o)
                0x0800c01c                RODOS::HW_HAL_UART::DMAConfigure()
 .text._ZN5RODOS11HW_HAL_UART16DMAStartTransferEPvi
                0x0800c1ac       0x54 C:\Eclipse 2019\Workspace\rodos\Debug_STM32F4\librodos.a(hal_uart.o)
                0x0800c1ac                RODOS::HW_HAL_UART::DMAStartTransfer(void*, int)
 .text._ZN5RODOS11HW_HAL_UART15DMAStartReceiveEPvi
                0x0800c200       0x6c C:\Eclipse 2019\Workspace\rodos\Debug_STM32F4\librodos.a(hal_uart.o)
                0x0800c200                RODOS::HW_HAL_UART::DMAStartReceive(void*, int)
 .text._ZN5RODOS11HW_HAL_UART26DMATransmitFinishedHandlerEv
                0x0800c26c       0x88 C:\Eclipse 2019\Workspace\rodos\Debug_STM32F4\librodos.a(hal_uart.o)
                0x0800c26c                RODOS::HW_HAL_UART::DMATransmitFinishedHandler()
 .text._ZN5RODOS11HW_HAL_UART25DMAReceiveFinishedHandlerEv
                0x0800c2f4       0x70 C:\Eclipse 2019\Workspace\rodos\Debug_STM32F4\librodos.a(hal_uart.o)
                0x0800c2f4                RODOS::HW_HAL_UART::DMAReceiveFinishedHandler()
 .text._ZN5RODOS11HW_HAL_UART16SendTxBufWithDMAEv
                0x0800c364       0x44 C:\Eclipse 2019\Workspace\rodos\Debug_STM32F4\librodos.a(hal_uart.o)
                0x0800c364                RODOS::HW_HAL_UART::SendTxBufWithDMA()
 .text._ZN5RODOS11HW_HAL_UART22RceiveIntoRxBufWithDMAEv
                0x0800c3a8       0x66 C:\Eclipse 2019\Workspace\rodos\Debug_STM32F4\librodos.a(hal_uart.o)
                0x0800c3a8                RODOS::HW_HAL_UART::RceiveIntoRxBufWithDMA()
 *fill*         0x0800c40e        0x2 
 .text._ZN5RODOS14EnableDMAClockEv
                0x0800c410       0x34 C:\Eclipse 2019\Workspace\rodos\Debug_STM32F4\librodos.a(hal_uart.o)
                0x0800c410                RODOS::EnableDMAClock()
 .text._ZN5RODOS11HW_HAL_UART14UARTIRQHandlerEv
                0x0800c444      0x198 C:\Eclipse 2019\Workspace\rodos\Debug_STM32F4\librodos.a(hal_uart.o)
                0x0800c444                RODOS::HW_HAL_UART::UARTIRQHandler()
 .text._ZN5RODOS11HW_HAL_UART23getRCC_APBxPeriph_UARTxEv
                0x0800c5dc       0x74 C:\Eclipse 2019\Workspace\rodos\Debug_STM32F4\librodos.a(hal_uart.o)
                0x0800c5dc                RODOS::HW_HAL_UART::getRCC_APBxPeriph_UARTx()
 .text._ZN5RODOS11HW_HAL_UART16getGPIO_AF_UARTxEv
                0x0800c650       0x68 C:\Eclipse 2019\Workspace\rodos\Debug_STM32F4\librodos.a(hal_uart.o)
                0x0800c650                RODOS::HW_HAL_UART::getGPIO_AF_UARTx()
 .text._ZN5RODOS11HW_HAL_UART13getUARTx_IRQnEv
                0x0800c6b8       0x58 C:\Eclipse 2019\Workspace\rodos\Debug_STM32F4\librodos.a(hal_uart.o)
                0x0800c6b8                RODOS::HW_HAL_UART::getUARTx_IRQn()
 .text._ZN5RODOS11HW_HAL_UART8getUARTxEv
                0x0800c710       0x88 C:\Eclipse 2019\Workspace\rodos\Debug_STM32F4\librodos.a(hal_uart.o)
                0x0800c710                RODOS::HW_HAL_UART::getUARTx()
 .text._ZN5RODOS11HW_HAL_UART4initEj
                0x0800c798       0xf0 C:\Eclipse 2019\Workspace\rodos\Debug_STM32F4\librodos.a(hal_uart.o)
                0x0800c798                RODOS::HW_HAL_UART::init(unsigned int)
 .text._ZN5RODOS4FifoIhLi256EED2Ev
                0x0800c888       0x24 C:\Eclipse 2019\Workspace\rodos\Debug_STM32F4\librodos.a(hal_uart.o)
                0x0800c888                RODOS::Fifo<unsigned char, 256>::~Fifo()
                0x0800c888                RODOS::Fifo<unsigned char, 256>::~Fifo()
 .text._ZN5RODOS4FifoIhLi256EED0Ev
                0x0800c8ac       0x22 C:\Eclipse 2019\Workspace\rodos\Debug_STM32F4\librodos.a(hal_uart.o)
                0x0800c8ac                RODOS::Fifo<unsigned char, 256>::~Fifo()
 *fill*         0x0800c8ce        0x2 
 .text._ZN5RODOS9BlockFifoIhLi256EEC2Ev
                0x0800c8d0       0x24 C:\Eclipse 2019\Workspace\rodos\Debug_STM32F4\librodos.a(hal_uart.o)
                0x0800c8d0                RODOS::BlockFifo<unsigned char, 256>::BlockFifo()
                0x0800c8d0                RODOS::BlockFifo<unsigned char, 256>::BlockFifo()
 .text._ZN5RODOS9BlockFifoIhLi256EE15getBufferToReadERi
                0x0800c8f4       0x5e C:\Eclipse 2019\Workspace\rodos\Debug_STM32F4\librodos.a(hal_uart.o)
                0x0800c8f4                RODOS::BlockFifo<unsigned char, 256>::getBufferToRead(int&)
 .text._ZN5RODOS9BlockFifoIhLi256EE13readConcludedEi
                0x0800c952       0x2a C:\Eclipse 2019\Workspace\rodos\Debug_STM32F4\librodos.a(hal_uart.o)
                0x0800c952                RODOS::BlockFifo<unsigned char, 256>::readConcluded(int)
 .text._ZN5RODOS9BlockFifoIhLi256EE16getBufferToWriteERi
                0x0800c97c       0x80 C:\Eclipse 2019\Workspace\rodos\Debug_STM32F4\librodos.a(hal_uart.o)
                0x0800c97c                RODOS::BlockFifo<unsigned char, 256>::getBufferToWrite(int&)
 .text._ZN5RODOS9BlockFifoIhLi256EE14writeConcludedEi
                0x0800c9fc       0x2a C:\Eclipse 2019\Workspace\rodos\Debug_STM32F4\librodos.a(hal_uart.o)
                0x0800c9fc                RODOS::BlockFifo<unsigned char, 256>::writeConcluded(int)
 .text._ZN5RODOS4FifoIhLi256EE3getERh
                0x0800ca26       0x58 C:\Eclipse 2019\Workspace\rodos\Debug_STM32F4\librodos.a(hal_uart.o)
                0x0800ca26                RODOS::Fifo<unsigned char, 256>::get(unsigned char&)
 .text._ZN5RODOS4FifoIhLi256EE3putERKh
                0x0800ca7e       0x58 C:\Eclipse 2019\Workspace\rodos\Debug_STM32F4\librodos.a(hal_uart.o)
                0x0800ca7e                RODOS::Fifo<unsigned char, 256>::put(unsigned char const&)
 .text._ZN5RODOS4FifoIhLi256EE15getElementCountEv
                0x0800cad6       0x3e C:\Eclipse 2019\Workspace\rodos\Debug_STM32F4\librodos.a(hal_uart.o)
                0x0800cad6                RODOS::Fifo<unsigned char, 256>::getElementCount()
 .text._ZN5RODOS4FifoIhLi256EE7isEmptyEv
                0x0800cb14       0x2a C:\Eclipse 2019\Workspace\rodos\Debug_STM32F4\librodos.a(hal_uart.o)
                0x0800cb14                RODOS::Fifo<unsigned char, 256>::isEmpty()
 *fill*         0x0800cb3e        0x2 
 .text._ZN5RODOS4FifoIhLi256EEC2Ev
                0x0800cb40       0x34 C:\Eclipse 2019\Workspace\rodos\Debug_STM32F4\librodos.a(hal_uart.o)
                0x0800cb40                RODOS::Fifo<unsigned char, 256>::Fifo()
                0x0800cb40                RODOS::Fifo<unsigned char, 256>::Fifo()
 .text._ZN5RODOS9BlockFifoIhLi256EE14advanceIndexExEii
                0x0800cb74       0x32 C:\Eclipse 2019\Workspace\rodos\Debug_STM32F4\librodos.a(hal_uart.o)
                0x0800cb74                RODOS::BlockFifo<unsigned char, 256>::advanceIndexEx(int, int)
 .text._ZN5RODOS4FifoIhLi256EE12advanceIndexEi
                0x0800cba6       0x24 C:\Eclipse 2019\Workspace\rodos\Debug_STM32F4\librodos.a(hal_uart.o)