Archive member included to satisfy reference by file (symbol)

C:\Eclipse 2019\Workspace\rodos\Debug_STM32F4\librodos.a(application.o)
                              ./DecaWaveDistanceMeasurement.o (RODOS::Application::Application(char const*, long))
C:\Eclipse 2019\Workspace\rodos\Debug_STM32F4\librodos.a(debug.o)
                              ./DecaWaveDistanceMeasurement.o (RODOS::PRINTF(char const*, ...))
C:\Eclipse 2019\Workspace\rodos\Debug_STM32F4\librodos.a(genericIO.o)
                              ./DockingEPSTestings.o (vtable for RODOS::GenericIOInterface)
C:\Eclipse 2019\Workspace\rodos\Debug_STM32F4\librodos.a(globaldata.o)
                              ./DecaWaveDistanceMeasurement.o (RODOS::getNodeNumber())
C:\Eclipse 2019\Workspace\rodos\Debug_STM32F4\librodos.a(listelement.o)
                              C:\Eclipse 2019\Workspace\rodos\Debug_STM32F4\librodos.a(application.o) (RODOS::ListElement::ListElement(RODOS::ListElement*&, char const*, void*))
C:\Eclipse 2019\Workspace\rodos\Debug_STM32F4\librodos.a(printfverbosity.o)
                              C:\Eclipse 2019\Workspace\rodos\Debug_STM32F4\librodos.a(debug.o) (printfVerbosity)
C:\Eclipse 2019\Workspace\rodos\Debug_STM32F4\librodos.a(string_pico.o)
                              ./DockingEPSTestings.o (RODOS::strlen(char const*))
C:\Eclipse 2019\Workspace\rodos\Debug_STM32F4\librodos.a(subscriber.o)
                              ./DecaWaveDistanceMeasurement.o (vtable for RODOS::Subscriber)
C:\Eclipse 2019\Workspace\rodos\Debug_STM32F4\librodos.a(thread.o)
                              C:\Eclipse 2019\Workspace\rodos\Debug_STM32F4\librodos.a(globaldata.o) (RODOS::Thread::setPrioCurrentRunner(long))
C:\Eclipse 2019\Workspace\rodos\Debug_STM32F4\librodos.a(timemodel.o)
                              ./wrapper/deca_sleep.o (RODOS::TimeModel::getNanoseconds())
C:\Eclipse 2019\Workspace\rodos\Debug_STM32F4\librodos.a(topic.o)
                              ./topics.o (RODOS::TopicInterface::TopicInterface(long, long, char const*))
C:\Eclipse 2019\Workspace\rodos\Debug_STM32F4\librodos.a(yprintf.o)
                              C:\Eclipse 2019\Workspace\rodos\Debug_STM32F4\librodos.a(debug.o) (RODOS::Yprintf::vaprintf(char const*))
C:\Eclipse 2019\Workspace\rodos\Debug_STM32F4\librodos.a(call_constructors.o)
                              ./DecaWaveDistanceMeasurement.o (__dso_handle)
C:\Eclipse 2019\Workspace\rodos\Debug_STM32F4\librodos.a(startup_stm32f4xx.o)
                              (Reset_Handler)
C:\Eclipse 2019\Workspace\rodos\Debug_STM32F4\librodos.a(hal_adc.o)
                              ./DockingEPSTestings.o (RODOS::HAL_ADC::HAL_ADC(RODOS::ADC_IDX))
C:\Eclipse 2019\Workspace\rodos\Debug_STM32F4\librodos.a(hal_gpio.o)
                              ./DockingEPSTestings.o (vtable for RODOS::HAL_GPIO)
C:\Eclipse 2019\Workspace\rodos\Debug_STM32F4\librodos.a(hal_i2c.o)
                              ./VL53L4CD/platform_TAMARIW.o (RODOS::HAL_I2C::HAL_I2C(RODOS::I2C_IDX, RODOS::GPIO_PIN, RODOS::GPIO_PIN))
C:\Eclipse 2019\Workspace\rodos\Debug_STM32F4\librodos.a(hal_pwm.o)
                              ./DockingEPSTestings.o (vtable for RODOS::HAL_PWM)
C:\Eclipse 2019\Workspace\rodos\Debug_STM32F4\librodos.a(hal_spi.o)
                              ./wrapper/deca_spi.o (RODOS::HAL_SPI::HAL_SPI(RODOS::SPI_IDX, RODOS::GPIO_PIN, RODOS::GPIO_PIN, RODOS::GPIO_PIN))
C:\Eclipse 2019\Workspace\rodos\Debug_STM32F4\librodos.a(hal_uart.o)
                              ./DockingEPSTestings.o (RODOS::HAL_UART::HAL_UART(RODOS::UART_IDX, RODOS::GPIO_PIN, RODOS::GPIO_PIN, RODOS::GPIO_PIN, RODOS::GPIO_PIN))
C:\Eclipse 2019\Workspace\rodos\Debug_STM32F4\librodos.a(stm32f4xx_adc.o)
                              C:\Eclipse 2019\Workspace\rodos\Debug_STM32F4\librodos.a(hal_adc.o) (ADC_Init)
C:\Eclipse 2019\Workspace\rodos\Debug_STM32F4\librodos.a(stm32f4xx_dma.o)
                              C:\Eclipse 2019\Workspace\rodos\Debug_STM32F4\librodos.a(hal_spi.o) (DMA_Init)
C:\Eclipse 2019\Workspace\rodos\Debug_STM32F4\librodos.a(stm32f4xx_gpio.o)
                              C:\Eclipse 2019\Workspace\rodos\Debug_STM32F4\librodos.a(hal_adc.o) (GPIO_Init)
C:\Eclipse 2019\Workspace\rodos\Debug_STM32F4\librodos.a(stm32f4xx_i2c.o)
                              C:\Eclipse 2019\Workspace\rodos\Debug_STM32F4\librodos.a(hal_i2c.o) (I2C_DeInit)
C:\Eclipse 2019\Workspace\rodos\Debug_STM32F4\librodos.a(stm32f4xx_rcc.o)
                              C:\Eclipse 2019\Workspace\rodos\Debug_STM32F4\librodos.a(hal_pwm.o) (RCC_GetClocksFreq)
C:\Eclipse 2019\Workspace\rodos\Debug_STM32F4\librodos.a(stm32f4xx_spi.o)
                              C:\Eclipse 2019\Workspace\rodos\Debug_STM32F4\librodos.a(hal_spi.o) (SPI_Init)
C:\Eclipse 2019\Workspace\rodos\Debug_STM32F4\librodos.a(stm32f4xx_syscfg.o)
                              C:\Eclipse 2019\Workspace\rodos\Debug_STM32F4\librodos.a(hal_gpio.o) (SYSCFG_EXTILineConfig)
[...]
Memory Configuration

Name             Origin             Length             Attributes
FLASH            0x08000000         0x00100000         xr
RAM              0x20000000         0x00020000         xrw
CCMRAM           0x10000000         0x00010000         xrw
MEMORY_B1        0x60000000         0x00000000         xr
*default*        0x00000000         0xffffffff

Linker script and memory map

LOAD ./wrapper/deca_mutex.o
LOAD ./wrapper/deca_sleep.o
LOAD ./wrapper/deca_spi.o
LOAD ./wrapper/port.o
LOAD ./decadriver/deca_device.o
LOAD ./decadriver/deca_params_init.o
LOAD ./decadriver/deca_range_tables.o
LOAD ./VL53L4CD/MedianFilter.o
LOAD ./VL53L4CD/VL53L4CD_api.o
LOAD ./VL53L4CD/VL53L4CD_calibration.o
LOAD ./VL53L4CD/platform_TAMARIW.o
LOAD ./DecaWaveDistanceMeasurement.o
LOAD ./DockingEPSTestings.o
LOAD ./LiDAR_Ranging_Thread.o
LOAD ./decaWaveModule.o
LOAD ./topics.o
LOAD C:\Eclipse 2019\Workspace\rodos\Debug_STM32F4\librodos.a
LOAD C:\Eclipse 2019\Workspace\support_libs\Debug_STM32F4\libsupport.a
LOAD c:/eclipse 2019/gnu tools arm embedded/bin/../lib/gcc/arm-none-eabi/8.3.1/../../../../arm-none-eabi/lib/thumb/v7e-m+fp/softfp\libm.a
                0x20020000                _estack = 0x20020000
                0x00001000                _Min_Heap_Size = 0x1000
                0x00000400                _Min_Stack_Size = 0x400

.isr_vector     0x08000000      0x18c
                0x08000000                . = ALIGN (0x4)
                0x08000000                _image_address = .
 *(.isr_vector)
 .isr_vector    0x08000000      0x18c C:\Eclipse 2019\Workspace\rodos\Debug_STM32F4\librodos.a(startup_stm32f4xx.o)
                0x08000000                g_pfnVectors
                0x0800018c                . = ALIGN (0x4)

.text           0x080001c0    0x16420
                0x080001c0                . = ALIGN (0x4)
 *(.text)
 .text          0x080001c0       0xa0 c:/eclipse 2019/gnu tools arm embedded/bin/../lib/gcc/arm-none-eabi/8.3.1/../../../../arm-none-eabi/lib/thumb/v7e-m+fp/softfp\libc.a(lib_a-memchr.o)
                0x080001c0                memchr
 .text          0x08000260      0x134 c:/eclipse 2019/gnu tools arm embedded/bin/../lib/gcc/arm-none-eabi/8.3.1/../../../../arm-none-eabi/lib/thumb/v7e-m+fp/softfp\libc.a(lib_a-memcpy.o)
                0x08000260                memcpy
 *fill*         0x08000394       0x2c 
 .text          0x080003c0       0xdc c:/eclipse 2019/gnu tools arm embedded/bin/../lib/gcc/arm-none-eabi/8.3.1/../../../../arm-none-eabi/lib/thumb/v7e-m+fp/softfp\libc.a(lib_a-strlen.o)
                0x080003c0                strlen
 .text          0x0800049c      0x378 c:/eclipse 2019/gnu tools arm embedded/bin/../lib/gcc/arm-none-eabi/8.3.1/thumb/v7e-m+fp/softfp\libgcc.a(_arm_addsubdf3.o)
                0x0800049c                __aeabi_drsub
                0x080004a4                __aeabi_dsub
                0x080004a4                __subdf3
                0x080004a8                __aeabi_dadd
                0x080004a8                __adddf3
                0x08000720                __floatunsidf
                0x08000720                __aeabi_ui2d
                0x08000740                __floatsidf
                0x08000740                __aeabi_i2d
                0x08000764                __aeabi_f2d
                0x08000764                __extendsfdf2
                0x080007a8                __floatundidf
                0x080007a8                __aeabi_ul2d
                0x080007b8                __floatdidf
                0x080007b8                __aeabi_l2d
 .text          0x08000814      0x424 c:/eclipse 2019/gnu tools arm embedded/bin/../lib/gcc/arm-none-eabi/8.3.1/thumb/v7e-m+fp/softfp\libgcc.a(_arm_muldivdf3.o)
                0x08000814                __aeabi_dmul
                0x08000814                __muldf3
                0x08000a68                __divdf3
                0x08000a68                __aeabi_ddiv
 .text          0x08000c38      0x110 c:/eclipse 2019/gnu tools arm embedded/bin/../lib/gcc/arm-none-eabi/8.3.1/thumb/v7e-m+fp/softfp\libgcc.a(_arm_cmpdf2.o)
                0x08000c38                __gtdf2
                0x08000c38                __gedf2
                0x08000c40                __ltdf2
                0x08000c40                __ledf2
                0x08000c48                __nedf2
                0x08000c48                __eqdf2
                0x08000c48                __cmpdf2
                0x08000cc4                __aeabi_cdrcmple
                0x08000cd4                __aeabi_cdcmpeq
                0x08000cd4                __aeabi_cdcmple
                0x08000ce4                __aeabi_dcmpeq
                0x08000cf8                __aeabi_dcmplt
                0x08000d0c                __aeabi_dcmple
                0x08000d20                __aeabi_dcmpge
                0x08000d34                __aeabi_dcmpgt
 .text          0x08000d48       0x2c c:/eclipse 2019/gnu tools arm embedded/bin/../lib/gcc/arm-none-eabi/8.3.1/thumb/v7e-m+fp/softfp\libgcc.a(_arm_unorddf2.o)
                0x08000d48                __unorddf2
                0x08000d48                __aeabi_dcmpun
 .text          0x08000d74       0x50 c:/eclipse 2019/gnu tools arm embedded/bin/../lib/gcc/arm-none-eabi/8.3.1/thumb/v7e-m+fp/softfp\libgcc.a(_arm_fixdfsi.o)
                0x08000d74                __aeabi_d2iz
                0x08000d74                __fixdfsi
 .text          0x08000dc4       0x40 c:/eclipse 2019/gnu tools arm embedded/bin/../lib/gcc/arm-none-eabi/8.3.1/thumb/v7e-m+fp/softfp\libgcc.a(_arm_fixunsdfsi.o)
                0x08000dc4                __aeabi_d2uiz
                0x08000dc4                __fixunsdfsi
 .text          0x08000e04       0xa0 c:/eclipse 2019/gnu tools arm embedded/bin/../lib/gcc/arm-none-eabi/8.3.1/thumb/v7e-m+fp/softfp\libgcc.a(_arm_truncdfsf2.o)
                0x08000e04                __truncdfsf2
                0x08000e04                __aeabi_d2f
 .text          0x08000ea4       0xa0 c:/eclipse 2019/gnu tools arm embedded/bin/../lib/gcc/arm-none-eabi/8.3.1/thumb/v7e-m+fp/softfp\libgcc.a(_aeabi_ldivmod.o)
                0x08000ea4                __aeabi_ldivmod
 .text          0x08000f44       0x30 c:/eclipse 2019/gnu tools arm embedded/bin/../lib/gcc/arm-none-eabi/8.3.1/thumb/v7e-m+fp/softfp\libgcc.a(_aeabi_uldivmod.o)
                0x08000f44                __aeabi_uldivmod
 .text          0x08000f74       0x30 c:/eclipse 2019/gnu tools arm embedded/bin/../lib/gcc/arm-none-eabi/8.3.1/thumb/v7e-m+fp/softfp\libgcc.a(_fixdfdi.o)
                0x08000f74                __fixdfdi
                0x08000f74                __aeabi_d2lz
 .text          0x08000fa4       0x3c c:/eclipse 2019/gnu tools arm embedded/bin/../lib/gcc/arm-none-eabi/8.3.1/thumb/v7e-m+fp/softfp\libgcc.a(_fixunsdfdi.o)
                0x08000fa4                __fixunsdfdi
                0x08000fa4                __aeabi_d2ulz
 .text          0x08000fe0      0x2d0 c:/eclipse 2019/gnu tools arm embedded/bin/../lib/gcc/arm-none-eabi/8.3.1/thumb/v7e-m+fp/softfp\libgcc.a(_udivmoddi4.o)
                0x08000fe0                __udivmoddi4
 .text          0x080012b0        0x4 c:/eclipse 2019/gnu tools arm embedded/bin/../lib/gcc/arm-none-eabi/8.3.1/thumb/v7e-m+fp/softfp\libgcc.a(_dvmd_tls.o)
                0x080012b0                __aeabi_idiv0
                0x080012b0                __aeabi_ldiv0
 *(.text*)
 .text.decamutexon
                0x080012b4       0x18 ./wrapper/deca_mutex.o
                0x080012b4                decamutexon
 .text.decamutexoff
                0x080012cc       0x1c ./wrapper/deca_mutex.o
                0x080012cc                decamutexoff
 .text.deca_sleep
                0x080012e8       0x98 ./wrapper/deca_sleep.o
                0x080012e8                deca_sleep
 .text._Z8spiWritemPKhmS0_
                0x08001380       0x80 ./wrapper/deca_spi.o
                0x08001380                spiWrite(unsigned long, unsigned char const*, unsigned long, unsigned char const*)
 .text._Z7spiReadPKhmPhm
                0x08001400       0x80 ./wrapper/deca_spi.o
                0x08001400                spiRead(unsigned char const*, unsigned long, unsigned char*, unsigned long)
 .text.writetospi_serial
                0x08001480       0x26 ./wrapper/deca_spi.o
                0x08001480                writetospi_serial
 .text.readfromspi_serial
                0x080014a6       0x26 ./wrapper/deca_spi.o
                0x080014a6                readfromspi_serial
 .text._Z41__static_initialization_and_destruction_0ii
                0x080014cc       0x50 ./wrapper/deca_spi.o
 .text._GLOBAL__sub_I_spi
                0x0800151c       0x10 ./wrapper/deca_spi.o
 .text._Z18GPIO_Configurationv
                0x0800152c       0x34 ./wrapper/port.o
                0x0800152c                GPIO_Configuration()
 .text._Z14SPI_ChangeRateh
                0x08001560       0x30 ./wrapper/port.o
                0x08001560                SPI_ChangeRate(unsigned char)
 .text._Z16setupTransactionhtb
                0x08001590       0xac ./wrapper/port.o
                0x08001590                setupTransaction(unsigned char, unsigned short, bool)
 .text._Z12readRegisterhtPhi
                0x0800163c       0x44 ./wrapper/port.o
                0x0800163c                readRegister(unsigned char, unsigned short, unsigned char*, int)
 .text._Z13readRegister8ht
                0x08001680       0x28 ./wrapper/port.o
                0x08001680                readRegister8(unsigned char, unsigned short)
 .text._Z13writeRegisterhtPhi
                0x080016a8       0x44 ./wrapper/port.o
                0x080016a8                writeRegister(unsigned char, unsigned short, unsigned char*, int)
 .text._Z14writeRegister8hth
                0x080016ec       0x26 ./wrapper/port.o
                0x080016ec                writeRegister8(unsigned char, unsigned short, unsigned char)
 .text.peripherals_init
                0x08001712        0xc ./wrapper/port.o
                0x08001712                peripherals_init
 .text.reset_DW1000
                0x0800171e       0xa2 ./wrapper/port.o
                0x0800171e                reset_DW1000
 .text.spi_set_rate_low
                0x080017c0        0xe ./wrapper/port.o
                0x080017c0                spi_set_rate_low
 .text.spi_set_rate_high
                0x080017ce        0xe ./wrapper/port.o
                0x080017ce                spi_set_rate_high
 .text.dwt_initialise
                0x080017dc      0x15c ./decadriver/deca_device.o
                0x080017dc                dwt_initialise
 .text.dwt_readdevid
                0x08001938       0x12 ./decadriver/deca_device.o
                0x08001938                dwt_readdevid
 *fill*         0x0800194a        0x2 
 .text.dwt_configure
                0x0800194c      0x2d0 ./decadriver/deca_device.o
                0x0800194c                dwt_configure
 .text.dwt_setrxantennadelay
                0x08001c1c       0x20 ./decadriver/deca_device.o
                0x08001c1c                dwt_setrxantennadelay
 .text.dwt_settxantennadelay
                0x08001c3c       0x1e ./decadriver/deca_device.o
                0x08001c3c                dwt_settxantennadelay
 .text.dwt_writetxdata
                0x08001c5a       0x3c ./decadriver/deca_device.o
                0x08001c5a                dwt_writetxdata
 *fill*         0x08001c96        0x2 
 .text.dwt_writetxfctrl
                0x08001c98       0x38 ./decadriver/deca_device.o
                0x08001c98                dwt_writetxfctrl
 .text.dwt_readrxdata
                0x08001cd0       0x24 ./decadriver/deca_device.o
                0x08001cd0                dwt_readrxdata
 .text.dwt_readtxtimestamp
                0x08001cf4       0x1c ./decadriver/deca_device.o
                0x08001cf4                dwt_readtxtimestamp
 .text.dwt_readrxtimestamp
                0x08001d10       0x1c ./decadriver/deca_device.o
                0x08001d10                dwt_readrxtimestamp
 .text.dwt_readsystime
                0x08001d2c       0x1c ./decadriver/deca_device.o
                0x08001d2c                dwt_readsystime
 .text.dwt_writetodevice
                0x08001d48       0xba ./decadriver/deca_device.o
                0x08001d48                dwt_writetodevice
 .text.dwt_readfromdevice
                0x08001e02       0xb4 ./decadriver/deca_device.o
                0x08001e02                dwt_readfromdevice
 .text.dwt_read32bitoffsetreg
                0x08001eb6       0x58 ./decadriver/deca_device.o
                0x08001eb6                dwt_read32bitoffsetreg
 .text.dwt_read16bitoffsetreg
                0x08001f0e       0x44 ./decadriver/deca_device.o
                0x08001f0e                dwt_read16bitoffsetreg
 .text.dwt_write16bitoffsetreg
                0x08001f52       0x3c ./decadriver/deca_device.o
                0x08001f52                dwt_write16bitoffsetreg
 .text.dwt_write32bitoffsetreg
                0x08001f8e       0x52 ./decadriver/deca_device.o
                0x08001f8e                dwt_write32bitoffsetreg
 .text._dwt_otpread
                0x08001fe0       0x5c ./decadriver/deca_device.o
                0x08001fe0                _dwt_otpread
 .text.dwt_entersleepaftertx
                0x0800203c       0x3c ./decadriver/deca_device.o
                0x0800203c                dwt_entersleepaftertx
 .text._dwt_configlde
                0x08002078       0x48 ./decadriver/deca_device.o
                0x08002078                _dwt_configlde
 .text._dwt_loaducodefromrom
                0x080020c0       0x3a ./decadriver/deca_device.o
                0x080020c0                _dwt_loaducodefromrom
 *fill*         0x080020fa        0x2 
 .text.dwt_setsmarttxpower
                0x080020fc       0x50 ./decadriver/deca_device.o
                0x080020fc                dwt_setsmarttxpower
 .text.dwt_setleds
                0x0800214c       0xfc ./decadriver/deca_device.o
                0x0800214c                dwt_setleds
 .text._dwt_enableclocks
                0x08002248      0x124 ./decadriver/deca_device.o
                0x08002248                _dwt_enableclocks
 .text.dwt_setdelayedtrxtime
                0x0800236c       0x1a ./decadriver/deca_device.o
                0x0800236c                dwt_setdelayedtrxtime
 *fill*         0x08002386        0x2 
 .text.dwt_starttx
                0x08002388       0xc4 ./decadriver/deca_device.o
                0x08002388                dwt_starttx
 .text.dwt_forcetrxoff
                0x0800244c       0x68 ./decadriver/deca_device.o
                0x0800244c                dwt_forcetrxoff
 .text.dwt_syncrxbufptrs
                0x080024b4       0x3c ./decadriver/deca_device.o
                0x080024b4                dwt_syncrxbufptrs
 .text.dwt_rxenable
                0x080024f0       0x74 ./decadriver/deca_device.o
                0x080024f0                dwt_rxenable
 .text.dwt_setrxtimeout
                0x08002564       0x80 ./decadriver/deca_device.o
                0x08002564                dwt_setrxtimeout
 .text.dwt_setinterrupt
                0x080025e4       0x4e ./decadriver/deca_device.o
                0x080025e4                dwt_setinterrupt
 .text.dwt_xtaltrim
                0x08002632       0x48 ./decadriver/deca_device.o
                0x08002632                dwt_xtaltrim
 .text.MEDIANFILTER_Init
                0x0800267a       0xf4 ./VL53L4CD/MedianFilter.o
                0x0800267a                MEDIANFILTER_Init
 .text.MEDIANFILTER_Insert
                0x0800276e       0xfc ./VL53L4CD/MedianFilter.o
                0x0800276e                MEDIANFILTER_Insert
 .text._Z20VL53L4CD_GetSensorIdtPt
                0x0800286a       0x32 ./VL53L4CD/VL53L4CD_api.o
                0x0800286a                VL53L4CD_GetSensorId(unsigned short, unsigned short*)
 .text._Z19VL53L4CD_SensorInitt
                0x0800289c      0x18c ./VL53L4CD/VL53L4CD_api.o
                0x0800289c                VL53L4CD_SensorInit(unsigned short)
 .text._Z23VL53L4CD_ClearInterruptt
                0x08002a28       0x2e ./VL53L4CD/VL53L4CD_api.o
                0x08002a28                VL53L4CD_ClearInterrupt(unsigned short)
 .text._Z21VL53L4CD_StartRangingt
                0x08002a56       0x64 ./VL53L4CD/VL53L4CD_api.o
                0x08002a56                VL53L4CD_StartRanging(unsigned short)
 .text._Z20VL53L4CD_StopRangingt
                0x08002aba       0x2e ./VL53L4CD/VL53L4CD_api.o
                0x08002aba                VL53L4CD_StopRanging(unsigned short)
 .text._Z26VL53L4CD_CheckForDataReadytPh
                0x08002ae8       0x86 ./VL53L4CD/VL53L4CD_api.o
                0x08002ae8                VL53L4CD_CheckForDataReady(unsigned short, unsigned char*)
 *fill*         0x08002b6e        0x2 
 .text._Z23VL53L4CD_SetRangeTimingtmm
                0x08002b70      0x23c ./VL53L4CD/VL53L4CD_api.o
                0x08002b70                VL53L4CD_SetRangeTiming(unsigned short, unsigned long, unsigned long)
 .text._Z18VL53L4CD_GetResulttP22VL53L4CD_ResultsData_t
                0x08002dac      0x160 ./VL53L4CD/VL53L4CD_api.o
                0x08002dac                VL53L4CD_GetResult(unsigned short, VL53L4CD_ResultsData_t*)
 .text._Z7init4cdv
                0x08002f0c       0x18 ./VL53L4CD/platform_TAMARIW.o
                0x08002f0c                init4cd()
 .text._Z15PCA9546_SelPortht
                0x08002f24       0x58 ./VL53L4CD/platform_TAMARIW.o
                0x08002f24                PCA9546_SelPort(unsigned char, unsigned short)
 .text._Z16VL53L4CD_RdDWordttPm
                0x08002f7c       0x7c ./VL53L4CD/platform_TAMARIW.o
                0x08002f7c                VL53L4CD_RdDWord(unsigned short, unsigned short, unsigned long*)
 .text._Z15VL53L4CD_RdWordttPt
                0x08002ff8       0x78 ./VL53L4CD/platform_TAMARIW.o
                0x08002ff8                VL53L4CD_RdWord(unsigned short, unsigned short, unsigned short*)
 .text._Z15VL53L4CD_RdBytettPh
                0x08003070       0x54 ./VL53L4CD/platform_TAMARIW.o
                0x08003070                VL53L4CD_RdByte(unsigned short, unsigned short, unsigned char*)
 .text._Z15VL53L4CD_WrBytetth
                0x080030c4       0x5c ./VL53L4CD/platform_TAMARIW.o
                0x080030c4                VL53L4CD_WrByte(unsigned short, unsigned short, unsigned char)
 .text._Z15VL53L4CD_WrWordttt
                0x08003120       0x54 ./VL53L4CD/platform_TAMARIW.o
                0x08003120                VL53L4CD_WrWord(unsigned short, unsigned short, unsigned short)
 .text._Z16VL53L4CD_WrDWordttm
                0x08003174       0x58 ./VL53L4CD/platform_TAMARIW.o
                0x08003174                VL53L4CD_WrDWord(unsigned short, unsigned short, unsigned long)
 .text._Z6WaitMstm
                0x080031cc       0x1e ./VL53L4CD/platform_TAMARIW.o
                0x080031cc                WaitMs(unsigned short, unsigned long)
 *fill*         0x080031ea        0x2 
 .text._Z41__static_initialization_and_destruction_0ii
                0x080031ec       0x34 ./VL53L4CD/platform_TAMARIW.o
 .text._GLOBAL__sub_I_I2C
                0x08003220       0x10 ./VL53L4CD/platform_TAMARIW.o
 .text._ZN5RODOS10SubscriberD2Ev
                0x08003230       0x30 ./DecaWaveDistanceMeasurement.o
                0x08003230                RODOS::Subscriber::~Subscriber()
                0x08003230                RODOS::Subscriber::~Subscriber()
 .text._ZN5RODOS10SubscriberD0Ev
                0x08003260       0x20 ./DecaWaveDistanceMeasurement.o
                0x08003260                RODOS::Subscriber::~Subscriber()
 .text._ZN5RODOS6PutterD2Ev
                0x08003280       0x20 ./DecaWaveDistanceMeasurement.o
                0x08003280                RODOS::Putter::~Putter()
                0x08003280                RODOS::Putter::~Putter()
 .text._ZN5RODOS6PutterD0Ev
                0x080032a0       0x20 ./DecaWaveDistanceMeasurement.o
                0x080032a0                RODOS::Putter::~Putter()
 .text._ZN5RODOS6Putter10putGenericEljPKvRKNS_10NetMsgInfoE
                0x080032c0       0x24 ./DecaWaveDistanceMeasurement.o
                0x080032c0                RODOS::Putter::putGeneric(long, unsigned int, void const*, RODOS::NetMsgInfo const&)
 .text._ZN5RODOS15IOEventReceiver15onWriteFinishedEv
                0x080032e4       0x14 ./DecaWaveDistanceMeasurement.o
                0x080032e4                RODOS::IOEventReceiver::onWriteFinished()
 .text._ZN5RODOS15IOEventReceiver14onReadFinishedEv
                0x080032f8       0x14 ./DecaWaveDistanceMeasurement.o
                0x080032f8                RODOS::IOEventReceiver::onReadFinished()
 .text._ZN5RODOS15IOEventReceiver11onDataReadyEv
                0x0800330c       0x14 ./DecaWaveDistanceMeasurement.o
                0x0800330c                RODOS::IOEventReceiver::onDataReady()
 .text._ZN5RODOS15IOEventReceiverC2Ev
                0x08003320       0x20 ./DecaWaveDistanceMeasurement.o
                0x08003320                RODOS::IOEventReceiver::IOEventReceiver()
                0x08003320                RODOS::IOEventReceiver::IOEventReceiver()
 .text._ZN27DecaWaveDistanceMeasurementC2EPKc
                0x08003340       0x44 ./DecaWaveDistanceMeasurement.o
                0x08003340                DecaWaveDistanceMeasurement::DecaWaveDistanceMeasurement(char const*)
                0x08003340                DecaWaveDistanceMeasurement::DecaWaveDistanceMeasurement(char const*)
 .text._ZN27DecaWaveDistanceMeasurement4initEv
                0x08003384       0x44 ./DecaWaveDistanceMeasurement.o
                0x08003384                DecaWaveDistanceMeasurement::init()
 .text._ZN27DecaWaveDistanceMeasurement3runEv
                0x080033c8      0x110 ./DecaWaveDistanceMeasurement.o
                0x080033c8                DecaWaveDistanceMeasurement::run()
 .text._ZN27DecaWaveDistanceMeasurement9send_distEfh
                0x080034d8       0x40 ./DecaWaveDistanceMeasurement.o
                0x080034d8                DecaWaveDistanceMeasurement::send_dist(float, unsigned char)
 .text._ZN27DecaWaveDistanceMeasurement9start_twrEh
                0x08003518       0x3c ./DecaWaveDistanceMeasurement.o
                0x08003518                DecaWaveDistanceMeasurement::start_twr(unsigned char)
 .text._ZN27DecaWaveDistanceMeasurement13send_responseEh
                0x08003554       0x3c ./DecaWaveDistanceMeasurement.o
                0x08003554                DecaWaveDistanceMeasurement::send_response(unsigned char)
 .text._ZN27DecaWaveDistanceMeasurement10send_finalEh
                0x08003590       0xb8 ./DecaWaveDistanceMeasurement.o
                0x08003590                DecaWaveDistanceMeasurement::send_final(unsigned char)
 .text._ZN27DecaWaveDistanceMeasurement18calculate_distanceEv
                0x08003648      0x294 ./DecaWaveDistanceMeasurement.o
                0x08003648                DecaWaveDistanceMeasurement::calculate_distance()
 .text._ZN27DecaWaveDistanceMeasurement15receiveMessagesEv
                0x080038dc      0x128 ./DecaWaveDistanceMeasurement.o
                0x080038dc                DecaWaveDistanceMeasurement::receiveMessages()
 .text._ZN5RODOS6PutterC2Ev
                0x08003a04       0x20 ./DecaWaveDistanceMeasurement.o
                0x08003a04                RODOS::Putter::Putter()
                0x08003a04                RODOS::Putter::Putter()
 .text._ZN5RODOS10CommBufferI16sTelecommandDataEC2Ev
                0x08003a24       0x64 ./DecaWaveDistanceMeasurement.o
                0x08003a24                RODOS::CommBuffer<sTelecommandData>::CommBuffer()
                0x08003a24                RODOS::CommBuffer<sTelecommandData>::CommBuffer()
 .text._ZN5RODOS5TopicI16sTelecommandDataE7publishERS1_b
                0x08003a88       0x24 ./DecaWaveDistanceMeasurement.o
                0x08003a88                RODOS::Topic<sTelecommandData>::publish(sTelecommandData&, bool)
 .text._ZN5RODOS10CommBufferI16sTelecommandDataED2Ev
                0x08003aac       0x24 ./DecaWaveDistanceMeasurement.o
                0x08003aac                RODOS::CommBuffer<sTelecommandData>::~CommBuffer()
                0x08003aac                RODOS::CommBuffer<sTelecommandData>::~CommBuffer()
 .text._ZN5RODOS10CommBufferI16sTelecommandDataED0Ev
                0x08003ad0       0x20 ./DecaWaveDistanceMeasurement.o
                0x08003ad0                RODOS::CommBuffer<sTelecommandData>::~CommBuffer()
 .text._ZN27DecaWaveDistanceMeasurementD2Ev
                0x08003af0       0x30 ./DecaWaveDistanceMeasurement.o
                0x08003af0                DecaWaveDistanceMeasurement::~DecaWaveDistanceMeasurement()
                0x08003af0                DecaWaveDistanceMeasurement::~DecaWaveDistanceMeasurement()
 .text._ZN27DecaWaveDistanceMeasurementD0Ev
                0x08003b20       0x20 ./DecaWaveDistanceMeasurement.o
                0x08003b20                DecaWaveDistanceMeasurement::~DecaWaveDistanceMeasurement()
 .text._Z41__static_initialization_and_destruction_0ii
                0x08003b40       0xa8 ./DecaWaveDistanceMeasurement.o
 .text._ZN5RODOS10CommBufferI16sTelecommandDataE10putGenericEljPKvRKNS_10NetMsgInfoE
                0x08003be8       0x34 ./DecaWaveDistanceMeasurement.o
                0x08003be8                RODOS::CommBuffer<sTelecommandData>::putGeneric(long, unsigned int, void const*, RODOS::NetMsgInfo const&)
 .text._ZN5RODOS10CommBufferI16sTelecommandDataE3putERS1_
                0x08003c1c       0x68 ./DecaWaveDistanceMeasurement.o
                0x08003c1c                RODOS::CommBuffer<sTelecommandData>::put(sTelecommandData&)
 .text._GLOBAL__sub_I_SensorsTelecommandDataBufferDeca
                0x08003c84       0x10 ./DecaWaveDistanceMeasurement.o
 .text._Z6setPWMN5RODOS7HAL_PWMEf
                0x08003c94       0x6c ./DockingEPSTestings.o
                0x08003c94                setPWM(RODOS::HAL_PWM, float)
 .text._Z11setENStatusN5RODOS8HAL_GPIOEi
                0x08003d00       0x34 ./DockingEPSTestings.o
                0x08003d00                setENStatus(RODOS::HAL_GPIO, int)
 *fill*         0x08003d34        0x4 
 .text._Z15thermalKnifeOONN5RODOS8HAL_GPIOEi
                0x08003d38      0x26c ./DockingEPSTestings.o
                0x08003d38                thermalKnifeOON(RODOS::HAL_GPIO, int)
 .text._ZN5RODOS18GenericIOInterfaceC2ERKS0_
                0x08003fa4       0x4c ./DockingEPSTestings.o
                0x08003fa4                RODOS::GenericIOInterface::GenericIOInterface(RODOS::GenericIOInterface const&)
                0x08003fa4                RODOS::GenericIOInterface::GenericIOInterface(RODOS::GenericIOInterface const&)
 .text._ZN5RODOS7HAL_PWMC2ERKS0_
                0x08003ff0       0x34 ./DockingEPSTestings.o
                0x08003ff0                RODOS::HAL_PWM::HAL_PWM(RODOS::HAL_PWM const&)
                0x08003ff0                RODOS::HAL_PWM::HAL_PWM(RODOS::HAL_PWM const&)
 .text._Z10setHBridgeif
                0x08004024      0x27c ./DockingEPSTestings.o
                0x08004024                setHBridge(int, float)
 .text._Z6Decodeh
                0x080042a0      0x1ac ./DockingEPSTestings.o
                0x080042a0                Decode(unsigned char)
 .text._ZN5RODOS8HAL_GPIOC2ERKS0_
                0x0800444c       0x34 ./DockingEPSTestings.o
                0x0800444c                RODOS::HAL_GPIO::HAL_GPIO(RODOS::HAL_GPIO const&)
                0x0800444c                RODOS::HAL_GPIO::HAL_GPIO(RODOS::HAL_GPIO const&)
 .text._Z7Commandh
                0x08004480      0x378 ./DockingEPSTestings.o
                0x08004480                Command(unsigned char)
 .text._ZN10DockingEPS4initEv
                0x080047f8       0x90 ./DockingEPSTestings.o
                0x080047f8                DockingEPS::init()
 .text._ZN10DockingEPS3runEv
                0x08004888      0x108 ./DockingEPSTestings.o
                0x08004888                DockingEPS::run()
 .text._ZN10DockingEPSC2Ev
                0x08004990       0x30 ./DockingEPSTestings.o
                0x08004990                DockingEPS::DockingEPS()
                0x08004990                DockingEPS::DockingEPS()
 .text._ZN11Telecommand4initEv
                0x080049c0       0x14 ./DockingEPSTestings.o
                0x080049c0                Telecommand::init()
 .text._ZN11Telecommand3runEv
                0x080049d4       0x38 ./DockingEPSTestings.o
                0x080049d4                Telecommand::run()
 .text._ZN11TelecommandC2Ev
                0x08004a0c       0x30 ./DockingEPSTestings.o
                0x08004a0c                Telecommand::Telecommand()
                0x08004a0c                Telecommand::Telecommand()
 .text._ZN11UARTClassPiC2EPKcy
                0x08004a3c       0x3c ./DockingEPSTestings.o
                0x08004a3c                UARTClassPi::UARTClassPi(char const*, unsigned long long)
                0x08004a3c                UARTClassPi::UARTClassPi(char const*, unsigned long long)
 .text._ZN11UARTClassPi4initEv
                0x08004a78       0x20 ./DockingEPSTestings.o
                0x08004a78                UARTClassPi::init()
 .text._ZN11UARTClassPi3runEv
                0x08004a98       0x60 ./DockingEPSTestings.o
                0x08004a98                UARTClassPi::run()
 .text._ZN11UARTClassPi5writeEPKci
                0x08004af8       0x58 ./DockingEPSTestings.o
                0x08004af8                UARTClassPi::write(char const*, int)
 .text._ZN5RODOS10CommBufferI10sLidarDataEC2Ev
                0x08004b50       0x64 ./DockingEPSTestings.o
                0x08004b50                RODOS::CommBuffer<sLidarData>::CommBuffer()
                0x08004b50                RODOS::CommBuffer<sLidarData>::CommBuffer()
 .text._ZN11UARTClassPiD2Ev
                0x08004bb4       0x24 ./DockingEPSTestings.o
                0x08004bb4                UARTClassPi::~UARTClassPi()
                0x08004bb4                UARTClassPi::~UARTClassPi()
 .text._ZN11UARTClassPiD0Ev
                0x08004bd8       0x20 ./DockingEPSTestings.o
                0x08004bd8                UARTClassPi::~UARTClassPi()
 .text._ZN11TelecommandD2Ev
                0x08004bf8       0x24 ./DockingEPSTestings.o
                0x08004bf8                Telecommand::~Telecommand()
                0x08004bf8                Telecommand::~Telecommand()
 .text._ZN11TelecommandD0Ev
                0x08004c1c       0x20 ./DockingEPSTestings.o
                0x08004c1c                Telecommand::~Telecommand()
 .text._ZN10DockingEPSD2Ev
                0x08004c3c       0x24 ./DockingEPSTestings.o
                0x08004c3c                DockingEPS::~DockingEPS()
                0x08004c3c                DockingEPS::~DockingEPS()
 .text._ZN10DockingEPSD0Ev
                0x08004c60       0x20 ./DockingEPSTestings.o
                0x08004c60                DockingEPS::~DockingEPS()
 .text._ZN5RODOS10CommBufferI10sLidarDataED2Ev
                0x08004c80       0x24 ./DockingEPSTestings.o
                0x08004c80                RODOS::CommBuffer<sLidarData>::~CommBuffer()
                0x08004c80                RODOS::CommBuffer<sLidarData>::~CommBuffer()
 .text._ZN5RODOS10CommBufferI10sLidarDataED0Ev
                0x08004ca4       0x20 ./DockingEPSTestings.o
                0x08004ca4                RODOS::CommBuffer<sLidarData>::~CommBuffer()
 *fill*         0x08004cc4        0x4 
 .text._Z41__static_initialization_and_destruction_0ii
                0x08004cc8      0x23c ./DockingEPSTestings.o
 .text._ZN5RODOS10CommBufferI10sLidarDataE10putGenericEljPKvRKNS_10NetMsgInfoE
                0x08004f04       0x34 ./DockingEPSTestings.o
                0x08004f04                RODOS::CommBuffer<sLidarData>::putGeneric(long, unsigned int, void const*, RODOS::NetMsgInfo const&)
 .text._ZN5RODOS10CommBufferI10sLidarDataE3putERS1_
                0x08004f38       0x68 ./DockingEPSTestings.o
                0x08004f38                RODOS::CommBuffer<sLidarData>::put(sLidarData&)
 .text._GLOBAL__sub_I_SensorsTelecommandDataBuffer
                0x08004fa0       0x10 ./DockingEPSTestings.o
 .text._ZN5LIDARC2EPKc
                0x08004fb0       0x2c ./LiDAR_Ranging_Thread.o
                0x08004fb0                LIDAR::LIDAR(char const*)
                0x08004fb0                LIDAR::LIDAR(char const*)
 .text._ZN5LIDAR4initEv
                0x08004fdc       0x1c ./LiDAR_Ranging_Thread.o
                0x08004fdc                LIDAR::init()
 .text._ZN5LIDAR10rangestartEv
                0x08004ff8      0x198 ./LiDAR_Ranging_Thread.o
                0x08004ff8                LIDAR::rangestart()
 .text._ZN5LIDAR12runToFSensorEh
                0x08005190       0xa0 ./LiDAR_Ranging_Thread.o
                0x08005190                LIDAR::runToFSensor(unsigned char)
 .text._ZN5LIDAR3runEv
                0x08005230       0x18 ./LiDAR_Ranging_Thread.o
                0x08005230                LIDAR::run()
 .text._ZN5RODOS5TopicI10sLidarDataE7publishERS1_b
                0x08005248       0x24 ./LiDAR_Ranging_Thread.o
                0x08005248                RODOS::Topic<sLidarData>::publish(sLidarData&, bool)
 .text._ZN5LIDARD2Ev
                0x0800526c       0x24 ./LiDAR_Ranging_Thread.o
                0x0800526c                LIDAR::~LIDAR()
                0x0800526c                LIDAR::~LIDAR()
 .text._ZN5LIDARD0Ev
                0x08005290       0x20 ./LiDAR_Ranging_Thread.o
                0x08005290                LIDAR::~LIDAR()
 .text._Z41__static_initialization_and_destruction_0ii
                0x080052b0       0x78 ./LiDAR_Ranging_Thread.o
 .text._GLOBAL__sub_I_TOF_I2C
                0x08005328       0x10 ./LiDAR_Ranging_Thread.o
 .text._Z19init_decaWaveModuleP12dwt_config_t
                0x08005338       0x58 ./decaWaveModule.o
                0x08005338                init_decaWaveModule(dwt_config_t*)
 .text._Z20get_tx_timestamp_u64v
                0x08005390       0x70 ./decaWaveModule.o
                0x08005390                get_tx_timestamp_u64()
 .text._Z20get_rx_timestamp_u64v
                0x08005400       0x70 ./decaWaveModule.o
                0x08005400                get_rx_timestamp_u64()
 .text._Z16final_msg_set_tsPhy
                0x08005470       0x4a ./decaWaveModule.o
                0x08005470                final_msg_set_ts(unsigned char*, unsigned long long)
 .text._Z16final_msg_get_tsPKhPy
                0x080054ba       0x7c ./decaWaveModule.o
                0x080054ba                final_msg_get_ts(unsigned char const*, unsigned long long*)
 .text._Z19get_systemtime_decav
                0x08005536       0x7a ./decaWaveModule.o
                0x08005536                get_systemtime_deca()
 .text._Z9uwb_writehhPhih
                0x080055b0       0x9e ./decaWaveModule.o
                0x080055b0                uwb_write(unsigned char, unsigned char, unsigned char*, int, unsigned char)
 *fill*         0x0800564e        0x2 
 .text._Z8uwb_readPh
                0x08005650       0x68 ./decaWaveModule.o
                0x08005650                uwb_read(unsigned char*)
 .text._ZN5RODOS14TopicInterfaceD2Ev
                0x080056b8       0x30 ./topics.o
                0x080056b8                RODOS::TopicInterface::~TopicInterface()
                0x080056b8                RODOS::TopicInterface::~TopicInterface()
 .text._ZN5RODOS14TopicInterfaceD0Ev
                0x080056e8       0x20 ./topics.o
                0x080056e8                RODOS::TopicInterface::~TopicInterface()
 .text._ZN5RODOS5TopicI16sTelecommandDataEC2ElPKc
                0x08005708       0x2c ./topics.o
                0x08005708                RODOS::Topic<sTelecommandData>::Topic(long, char const*)
                0x08005708                RODOS::Topic<sTelecommandData>::Topic(long, char const*)
 .text._ZN5RODOS5TopicI10sLidarDataEC2ElPKc
                0x08005734       0x2c ./topics.o
                0x08005734                RODOS::Topic<sLidarData>::Topic(long, char const*)
                0x08005734                RODOS::Topic<sLidarData>::Topic(long, char const*)
 .text._Z41__static_initialization_and_destruction_0ii
                0x08005760       0x6c ./topics.o
 .text._ZN5RODOS5TopicI10sLidarDataED2Ev
                0x080057cc       0x30 ./topics.o
                0x080057cc                RODOS::Topic<sLidarData>::~Topic()
                0x080057cc                RODOS::Topic<sLidarData>::~Topic()
 .text._ZN5RODOS5TopicI10sLidarDataED0Ev
                0x080057fc       0x20 ./topics.o
                0x080057fc                RODOS::Topic<sLidarData>::~Topic()
 .text._ZN5RODOS5TopicI16sTelecommandDataED2Ev
                0x0800581c       0x30 ./topics.o
                0x0800581c                RODOS::Topic<sTelecommandData>::~Topic()
                0x0800581c                RODOS::Topic<sTelecommandData>::~Topic()
 .text._ZN5RODOS5TopicI16sTelecommandDataED0Ev
                0x0800584c       0x20 ./topics.o
                0x0800584c                RODOS::Topic<sTelecommandData>::~Topic()
 .text._GLOBAL__sub_I_TelecommandDataTopic
                0x0800586c       0x10 ./topics.o
 .text._ZNK5RODOS11ListElement7getNextEv
                0x0800587c       0x18 C:\Eclipse 2019\Workspace\rodos\Debug_STM32F4\librodos.a(application.o)
                0x0800587c                RODOS::ListElement::getNext() const
 .text._ZNK5RODOS11ListElement7getNameEv
                0x08005894       0x18 C:\Eclipse 2019\Workspace\rodos\Debug_STM32F4\librodos.a(application.o)
                0x08005894                RODOS::ListElement::getName() const
 .text._ZN5RODOS11Application4initEv
                0x080058ac       0x14 C:\Eclipse 2019\Workspace\rodos\Debug_STM32F4\librodos.a(application.o)
                0x080058ac                RODOS::Application::init()
 .text._ZN5RODOS11ApplicationC2EPKcl
                0x080058c0       0x40 C:\Eclipse 2019\Workspace\rodos\Debug_STM32F4\librodos.a(application.o)
                0x080058c0                RODOS::Application::Application(char const*, long)
                0x080058c0                RODOS::Application::Application(char const*, long)
 .text._ZN5RODOS11ApplicationD2Ev
                0x08005900       0x30 C:\Eclipse 2019\Workspace\rodos\Debug_STM32F4\librodos.a(application.o)
                0x08005900                RODOS::Application::~Application()
                0x08005900                RODOS::Application::~Application()
 .text._ZN5RODOS11ApplicationD0Ev
                0x08005930       0x20 C:\Eclipse 2019\Workspace\rodos\Debug_STM32F4\librodos.a(application.o)
                0x08005930                RODOS::Application::~Application()
 .text._ZN5RODOS11Application8activateEv
                0x08005950       0x1a C:\Eclipse 2019\Workspace\rodos\Debug_STM32F4\librodos.a(application.o)
                0x08005950                RODOS::Application::activate()
 .text._ZN5RODOS11Application10deactivateEv
                0x0800596a       0x1a C:\Eclipse 2019\Workspace\rodos\Debug_STM32F4\librodos.a(application.o)
                0x0800596a                RODOS::Application::deactivate()
 .text._ZN5RODOS11Application7requestEPviS1_i
                0x08005984       0x1e C:\Eclipse 2019\Workspace\rodos\Debug_STM32F4\librodos.a(application.o)
                0x08005984                RODOS::Application::request(void*, int, void*, int)
 *fill*         0x080059a2        0x2 
 .text._ZN5RODOS11Application17printApplicationsEv
                0x080059a4       0x64 C:\Eclipse 2019\Workspace\rodos\Debug_STM32F4\librodos.a(application.o)
                0x080059a4                RODOS::Application::printApplications()
 .text._ZN5RODOS7YprintfD2Ev
                0x08005a08       0x20 C:\Eclipse 2019\Workspace\rodos\Debug_STM32F4\librodos.a(debug.o)
                0x08005a08                RODOS::Yprintf::~Yprintf()
                0x08005a08                RODOS::Yprintf::~Yprintf()
 .text._ZN5RODOS7YprintfD0Ev
                0x08005a28       0x20 C:\Eclipse 2019\Workspace\rodos\Debug_STM32F4\librodos.a(debug.o)
                0x08005a28                RODOS::Yprintf::~Yprintf()
 .text._ZN5RODOS7Yprintf5yputcEc
                0x08005a48       0x1e C:\Eclipse 2019\Workspace\rodos\Debug_STM32F4\librodos.a(debug.o)
                0x08005a48                RODOS::Yprintf::yputc(char)
 *fill*         0x08005a66        0x2 
 .text._ZN5RODOS7YprintfC2Ev
                0x08005a68       0x20 C:\Eclipse 2019\Workspace\rodos\Debug_STM32F4\librodos.a(debug.o)
                0x08005a68                RODOS::Yprintf::Yprintf()
                0x08005a68                RODOS::Yprintf::Yprintf()
 .text._ZN5RODOS6PRINTFEPKcz
                0x08005a88       0x90 C:\Eclipse 2019\Workspace\rodos\Debug_STM32F4\librodos.a(debug.o)
                0x08005a88                RODOS::PRINTF(char const*, ...)
 .text._ZN5RODOS5ERROREPKc
                0x08005b18       0x34 C:\Eclipse 2019\Workspace\rodos\Debug_STM32F4\librodos.a(debug.o)
                0x08005b18                RODOS::ERROR(char const*)
 .text._Z41__static_initialization_and_destruction_0ii
                0x08005b4c       0x2c C:\Eclipse 2019\Workspace\rodos\Debug_STM32F4\librodos.a(debug.o)
 .text._GLOBAL__sub_I__ZN5RODOS12errorCounterE
                0x08005b78       0x10 C:\Eclipse 2019\Workspace\rodos\Debug_STM32F4\librodos.a(debug.o)
 .text._ZN5RODOS18GenericIOInterface4initEz
                0x08005b88       0x14 C:\Eclipse 2019\Workspace\rodos\Debug_STM32F4\librodos.a(genericIO.o)
                0x08005b88                RODOS::GenericIOInterface::init(...)
 .text._ZN5RODOS18GenericIOInterface5resetEv
                0x08005b9c       0x14 C:\Eclipse 2019\Workspace\rodos\Debug_STM32F4\librodos.a(genericIO.o)
                0x08005b9c                RODOS::GenericIOInterface::reset()
 .text._ZN5RODOS18GenericIOInterface6configEz
                0x08005bb0       0x14 C:\Eclipse 2019\Workspace\rodos\Debug_STM32F4\librodos.a(genericIO.o)
                0x08005bb0                RODOS::GenericIOInterface::config(...)
 .text._ZN5RODOS18GenericIOInterface6statusEz
                0x08005bc4       0x14 C:\Eclipse 2019\Workspace\rodos\Debug_STM32F4\librodos.a(genericIO.o)
                0x08005bc4                RODOS::GenericIOInterface::status(...)
 .text._ZN5RODOS18GenericIOInterface14isReadFinishedEv
                0x08005bd8       0x16 C:\Eclipse 2019\Workspace\rodos\Debug_STM32F4\librodos.a(genericIO.o)
                0x08005bd8                RODOS::GenericIOInterface::isReadFinished()
 .text._ZN5RODOS18GenericIOInterface11isDataReadyEv
                0x08005bee       0x16 C:\Eclipse 2019\Workspace\rodos\Debug_STM32F4\librodos.a(genericIO.o)
                0x08005bee                RODOS::GenericIOInterface::isDataReady()
 .text._ZN5RODOS18GenericIOInterface5writeEz
                0x08005c04       0x14 C:\Eclipse 2019\Workspace\rodos\Debug_STM32F4\librodos.a(genericIO.o)
                0x08005c04                RODOS::GenericIOInterface::write(...)
 .text._ZN5RODOS18GenericIOInterface4readEz
                0x08005c18       0x14 C:\Eclipse 2019\Workspace\rodos\Debug_STM32F4\librodos.a(genericIO.o)
                0x08005c18                RODOS::GenericIOInterface::read(...)
 .text._ZN5RODOS18GenericIOInterface9writeReadEz
                0x08005c2c       0x14 C:\Eclipse 2019\Workspace\rodos\Debug_STM32F4\librodos.a(genericIO.o)
                0x08005c2c                RODOS::GenericIOInterface::writeRead(...)
 .text._ZN5RODOS18GenericIOInterfaceC2Ev
                0x08005c40       0x38 C:\Eclipse 2019\Workspace\rodos\Debug_STM32F4\librodos.a(genericIO.o)
                0x08005c40                RODOS::GenericIOInterface::GenericIOInterface()
                0x08005c40                RODOS::GenericIOInterface::GenericIOInterface()
 .text._ZN5RODOS18GenericIOInterface25suspendUntilWriteFinishedEx
                0x08005c78       0x4c C:\Eclipse 2019\Workspace\rodos\Debug_STM32F4\librodos.a(genericIO.o)
                0x08005c78                RODOS::GenericIOInterface::suspendUntilWriteFinished(long long)
 .text._ZN5RODOS18GenericIOInterface21suspendUntilDataReadyEx
                0x08005cc4       0x4c C:\Eclipse 2019\Workspace\rodos\Debug_STM32F4\librodos.a(genericIO.o)
                0x08005cc4                RODOS::GenericIOInterface::suspendUntilDataReady(long long)
 .text._ZN5RODOS18GenericIOInterface19upCallWriteFinishedEv
                0x08005d10       0x40 C:\Eclipse 2019\Workspace\rodos\Debug_STM32F4\librodos.a(genericIO.o)
                0x08005d10                RODOS::GenericIOInterface::upCallWriteFinished()
 .text._ZN5RODOS18GenericIOInterface18upCallReadFinishedEv
                0x08005d50       0x42 C:\Eclipse 2019\Workspace\rodos\Debug_STM32F4\librodos.a(genericIO.o)
                0x08005d50                RODOS::GenericIOInterface::upCallReadFinished()
 .text._ZN5RODOS18GenericIOInterface15upCallDataReadyEv
                0x08005d92       0x42 C:\Eclipse 2019\Workspace\rodos\Debug_STM32F4\librodos.a(genericIO.o)
                0x08005d92                RODOS::GenericIOInterface::upCallDataReady()
 .text._ZN5RODOS13getNodeNumberEv
                0x08005dd4       0x18 C:\Eclipse 2019\Workspace\rodos\Debug_STM32F4\librodos.a(globaldata.o)
                0x08005dd4                RODOS::getNodeNumber()
 .text._ZN5RODOS11ListElementC2ERPS0_PKcPv
                0x08005dec       0x40 C:\Eclipse 2019\Workspace\rodos\Debug_STM32F4\librodos.a(listelement.o)
                0x08005dec                RODOS::ListElement::ListElement(RODOS::ListElement*&, char const*, void*)
                0x08005dec                RODOS::ListElement::ListElement(RODOS::ListElement*&, char const*, void*)
 .text._ZN5RODOS11ListElement6appendERPS0_
                0x08005e2c       0x50 C:\Eclipse 2019\Workspace\rodos\Debug_STM32F4\librodos.a(listelement.o)
                0x08005e2c                RODOS::ListElement::append(RODOS::ListElement*&)
 .text._ZN5RODOS11ListElementD2Ev
                0x08005e7c       0x1c C:\Eclipse 2019\Workspace\rodos\Debug_STM32F4\librodos.a(listelement.o)
                0x08005e7c                RODOS::ListElement::~ListElement()
                0x08005e7c                RODOS::ListElement::~ListElement()
 .text._ZN5RODOS6strlenEPKc
                0x08005e98       0x3c C:\Eclipse 2019\Workspace\rodos\Debug_STM32F4\librodos.a(string_pico.o)
                0x08005e98                RODOS::strlen(char const*)
 .text._ZN5RODOS6memsetEPvij
                0x08005ed4       0x44 C:\Eclipse 2019\Workspace\rodos\Debug_STM32F4\librodos.a(string_pico.o)
                0x08005ed4                RODOS::memset(void*, int, unsigned int)
 .text._ZN5RODOS6memcpyEPvPKvj
                0x08005f18       0x56 C:\Eclipse 2019\Workspace\rodos\Debug_STM32F4\librodos.a(string_pico.o)
                0x08005f18                RODOS::memcpy(void*, void const*, unsigned int)
 .text._ZdlPv   0x08005f6e       0x14 C:\Eclipse 2019\Workspace\rodos\Debug_STM32F4\librodos.a(string_pico.o)
                0x08005f6e                operator delete(void*)
 .text._ZdlPvj  0x08005f82       0x18 C:\Eclipse 2019\Workspace\rodos\Debug_STM32F4\librodos.a(string_pico.o)
                0x08005f82                operator delete(void*, unsigned int)
 *fill*         0x08005f9a        0x2 
 .text._ZN5RODOS10SubscriberC2ERNS_14TopicInterfaceERNS_6PutterEPKcb
                0x08005f9c       0x60 C:\Eclipse 2019\Workspace\rodos\Debug_STM32F4\librodos.a(subscriber.o)
                0x08005f9c                RODOS::Subscriber::Subscriber(RODOS::TopicInterface&, RODOS::Putter&, char const*, bool)
                0x08005f9c                RODOS::Subscriber::Subscriber(RODOS::TopicInterface&, RODOS::Putter&, char const*, bool)
 .text._ZN5RODOS10Subscriber3putEllPKvl
                0x08005ffc       0x20 C:\Eclipse 2019\Workspace\rodos\Debug_STM32F4\librodos.a(subscriber.o)
                0x08005ffc                RODOS::Subscriber::put(long, long, void const*, long)
 .text._ZN5RODOS10Subscriber3putEllPKvRKNS_10NetMsgInfoE
                0x0800601c       0xac C:\Eclipse 2019\Workspace\rodos\Debug_STM32F4\librodos.a(subscriber.o)
                0x0800601c                RODOS::Subscriber::put(long, long, void const*, RODOS::NetMsgInfo const&)
 .text._ZN5RODOS10Subscriber16putFromInterruptElPKvi
                0x080060c8       0x3a C:\Eclipse 2019\Workspace\rodos\Debug_STM32F4\librodos.a(subscriber.o)
                0x080060c8                RODOS::Subscriber::putFromInterrupt(long, void const*, int)
 .text._ZN5RODOS6Thread15setPeriodicBeatExx
                0x08006102       0x2a C:\Eclipse 2019\Workspace\rodos\Debug_STM32F4\librodos.a(thread.o)
                0x08006102                RODOS::Thread::setPeriodicBeat(long long, long long)
 .text._ZN5RODOS6Thread20suspendUntilNextBeatEv
                0x0800612c       0x68 C:\Eclipse 2019\Workspace\rodos\Debug_STM32F4\librodos.a(thread.o)
                0x0800612c                RODOS::Thread::suspendUntilNextBeat()
 .text._ZN5RODOS6Thread20setPrioCurrentRunnerEl
                0x08006194       0x28 C:\Eclipse 2019\Workspace\rodos\Debug_STM32F4\librodos.a(thread.o)
                0x08006194                RODOS::Thread::setPrioCurrentRunner(long)
 .text._ZN5RODOS9TimeModelC2Ev
                0x080061bc       0x44 C:\Eclipse 2019\Workspace\rodos\Debug_STM32F4\librodos.a(timemodel.o)
                0x080061bc                RODOS::TimeModel::TimeModel()
                0x080061bc                RODOS::TimeModel::TimeModel()
 .text._ZN5RODOS9TimeModel14getNanosecondsEv
                0x08006200       0x12 C:\Eclipse 2019\Workspace\rodos\Debug_STM32F4\librodos.a(timemodel.o)
                0x08006200                RODOS::TimeModel::getNanoseconds()
 .text._ZN5RODOS9TimeModel15computeNextBeatExxx
                0x08006212       0x92 C:\Eclipse 2019\Workspace\rodos\Debug_STM32F4\librodos.a(timemodel.o)
                0x08006212                RODOS::TimeModel::computeNextBeat(long long, long long, long long)
 .text._Z41__static_initialization_and_destruction_0ii
                0x080062a4       0x2c C:\Eclipse 2019\Workspace\rodos\Debug_STM32F4\librodos.a(timemodel.o)
 .text._GLOBAL__sub_I__ZN5RODOS7sysTimeE
                0x080062d0       0x10 C:\Eclipse 2019\Workspace\rodos\Debug_STM32F4\librodos.a(timemodel.o)
 .text._ZN5RODOS14TopicInterfaceC2EllPKc
                0x080062e0       0xdc C:\Eclipse 2019\Workspace\rodos\Debug_STM32F4\librodos.a(topic.o)
                0x080062e0                RODOS::TopicInterface::TopicInterface(long, long, char const*)
                0x080062e0                RODOS::TopicInterface::TopicInterface(long, long, char const*)
 .text._ZN5RODOS14TopicInterface7publishEPvbPNS_10NetMsgInfoE
                0x080063bc       0x32 C:\Eclipse 2019\Workspace\rodos\Debug_STM32F4\librodos.a(topic.o)
                0x080063bc                RODOS::TopicInterface::publish(void*, bool, RODOS::NetMsgInfo*)
 *fill*         0x080063ee        0x2 
 .text._ZN5RODOS14TopicInterface14publishMsgPartEPvjbPNS_10NetMsgInfoE
                0x080063f0      0x130 C:\Eclipse 2019\Workspace\rodos\Debug_STM32F4\librodos.a(topic.o)
                0x080063f0                RODOS::TopicInterface::publishMsgPart(void*, unsigned int, bool, RODOS::NetMsgInfo*)
 .text._ZN5RODOS5TopicINS_13GenericMsgRefEED2Ev
                0x08006520       0x30 C:\Eclipse 2019\Workspace\rodos\Debug_STM32F4\librodos.a(topic.o)
                0x08006520                RODOS::Topic<RODOS::GenericMsgRef>::~Topic()
                0x08006520                RODOS::Topic<RODOS::GenericMsgRef>::~Topic()
 .text._ZN5RODOS5TopicINS_13GenericMsgRefEED0Ev
                0x08006550       0x20 C:\Eclipse 2019\Workspace\rodos\Debug_STM32F4\librodos.a(topic.o)
                0x08006550                RODOS::Topic<RODOS::GenericMsgRef>::~Topic()
 .text._ZN5RODOS5TopicINS_13GenericMsgRefEEC2ElPKc
                0x08006570       0x2c C:\Eclipse 2019\Workspace\rodos\Debug_STM32F4\librodos.a(topic.o)
                0x08006570                RODOS::Topic<RODOS::GenericMsgRef>::Topic(long, char const*)
                0x08006570                RODOS::Topic<RODOS::GenericMsgRef>::Topic(long, char const*)
 .text._ZN5RODOS5TopicINS_14NetworkMessageEEC2ElPKc
                0x0800659c       0x30 C:\Eclipse 2019\Workspace\rodos\Debug_STM32F4\librodos.a(topic.o)
                0x0800659c                RODOS::Topic<RODOS::NetworkMessage>::Topic(long, char const*)
                0x0800659c                RODOS::Topic<RODOS::NetworkMessage>::Topic(long, char const*)
 .text._ZN5RODOS5TopicIPvEC2ElPKc
                0x080065cc       0x2c C:\Eclipse 2019\Workspace\rodos\Debug_STM32F4\librodos.a(topic.o)
                0x080065cc                RODOS::Topic<void*>::Topic(long, char const*)
                0x080065cc                RODOS::Topic<void*>::Topic(long, char const*)
 .text._Z41__static_initialization_and_destruction_0ii
                0x080065f8      0x104 C:\Eclipse 2019\Workspace\rodos\Debug_STM32F4\librodos.a(topic.o)
 .text._ZN5RODOS5TopicIPvED2Ev
                0x080066fc       0x30 C:\Eclipse 2019\Workspace\rodos\Debug_STM32F4\librodos.a(topic.o)
                0x080066fc                RODOS::Topic<void*>::~Topic()
                0x080066fc                RODOS::Topic<void*>::~Topic()
 .text._ZN5RODOS5TopicIPvED0Ev
                0x0800672c       0x20 C:\Eclipse 2019\Workspace\rodos\Debug_STM32F4\librodos.a(topic.o)
                0x0800672c                RODOS::Topic<void*>::~Topic()
 .text._ZN5RODOS5TopicINS_14NetworkMessageEED2Ev
                0x0800674c       0x30 C:\Eclipse 2019\Workspace\rodos\Debug_STM32F4\librodos.a(topic.o)
                0x0800674c                RODOS::Topic<RODOS::NetworkMessage>::~Topic()
                0x0800674c                RODOS::Topic<RODOS::NetworkMessage>::~Topic()
 .text._ZN5RODOS5TopicINS_14NetworkMessageEED0Ev
                0x0800677c       0x20 C:\Eclipse 2019\Workspace\rodos\Debug_STM32F4\librodos.a(topic.o)
                0x0800677c                RODOS::Topic<RODOS::NetworkMessage>::~Topic()
 .text._GLOBAL__sub_I__ZN5RODOS14TopicInterfaceC2EllPKc
                0x0800679c       0x10 C:\Eclipse 2019\Workspace\rodos\Debug_STM32F4\librodos.a(topic.o)
 .text._ZN5RODOS7Yprintf8vaprintfEPKc
                0x080067ac      0x4fc C:\Eclipse 2019\Workspace\rodos\Debug_STM32F4\librodos.a(yprintf.o)
                0x080067ac                RODOS::Yprintf::vaprintf(char const*)
 .text._ZN5RODOS7xprintfEPKcz
                0x08006ca8       0x44 C:\Eclipse 2019\Workspace\rodos\Debug_STM32F4\librodos.a(yprintf.o)
                0x08006ca8                RODOS::xprintf(char const*, ...)
 .text.call_constructors
                0x08006cec       0x44 C:\Eclipse 2019\Workspace\rodos\Debug_STM32F4\librodos.a(call_constructors.o)
                0x08006cec                call_constructors
 .text.__cxa_atexit
                0x08006d30       0x1a C:\Eclipse 2019\Workspace\rodos\Debug_STM32F4\librodos.a(call_constructors.o)
                0x08006d30                __cxa_atexit
 .text.__cxa_pure_virtual
                0x08006d4a        0x6 C:\Eclipse 2019\Workspace\rodos\Debug_STM32F4\librodos.a(call_constructors.o)
                0x08006d4a                __cxa_pure_virtual
 .text.Reset_Handler
                0x08006d50       0x60 C:\Eclipse 2019\Workspace\rodos\Debug_STM32F4\librodos.a(startup_stm32f4xx.o)
                0x08006d50                Reset_Handler
 .text.Default_Handler
                0x08006db0        0x6 C:\Eclipse 2019\Workspace\rodos\Debug_STM32F4\librodos.a(startup_stm32f4xx.o)
                0x08006db0                RTC_Alarm_IRQHandler
                0x08006db0                HASH_RNG_IRQHandler
                0x08006db0                TIM8_CC_IRQHandler
                0x08006db0                DebugMon_Handler
                0x08006db0                TIM1_CC_IRQHandler
                0x08006db0                PVD_IRQHandler
                0x08006db0                SDIO_IRQHandler
                0x08006db0                TAMP_STAMP_IRQHandler
                0x08006db0                CAN2_RX1_IRQHandler
                0x08006db0                TIM8_TRG_COM_TIM14_IRQHandler
                0x08006db0                TIM1_UP_TIM10_IRQHandler
                0x08006db0                TIM8_UP_TIM13_IRQHandler
                0x08006db0                I2C3_ER_IRQHandler
                0x08006db0                I2C2_EV_IRQHandler
                0x08006db0                DMA1_Stream2_IRQHandler
                0x08006db0                CAN1_RX0_IRQHandler
                0x08006db0                FPU_IRQHandler
                0x08006db0                OTG_HS_WKUP_IRQHandler
                0x08006db0                CAN2_SCE_IRQHandler
                0x08006db0                DMA2_Stream2_IRQHandler
                0x08006db0                SPI1_IRQHandler
                0x08006db0                TIM6_DAC_IRQHandler
                0x08006db0                TIM1_BRK_TIM9_IRQHandler
                0x08006db0                DCMI_IRQHandler
                0x08006db0                CAN2_RX0_IRQHandler
                0x08006db0                DMA2_Stream3_IRQHandler
                0x08006db0                CRYP_IRQHandler
                0x08006db0                CAN1_RX1_IRQHandler
                0x08006db0                DMA2_Stream0_IRQHandler
                0x08006db0                TIM4_IRQHandler
                0x08006db0                I2C1_EV_IRQHandler
                0x08006db0                TIM3_IRQHandler
                0x08006db0                RCC_IRQHandler
                0x08006db0                TIM8_BRK_TIM12_IRQHandler
                0x08006db0                Default_Handler
                0x08006db0                ADC_IRQHandler
                0x08006db0                DMA1_Stream7_IRQHandler
                0x08006db0                TIM7_IRQHandler
                0x08006db0                CAN2_TX_IRQHandler
                0x08006db0                I2C3_EV_IRQHandler
                0x08006db0                RTC_WKUP_IRQHandler
                0x08006db0                ETH_WKUP_IRQHandler
                0x08006db0                SPI2_IRQHandler
                0x08006db0                OTG_HS_EP1_IN_IRQHandler
                0x08006db0                DMA1_Stream0_IRQHandler
                0x08006db0                CAN1_TX_IRQHandler
                0x08006db0                FSMC_IRQHandler
                0x08006db0                ETH_IRQHandler
                0x08006db0                OTG_HS_EP1_OUT_IRQHandler
                0x08006db0                WWDG_IRQHandler
                0x08006db0                TIM2_IRQHandler
                0x08006db0                OTG_FS_WKUP_IRQHandler
                0x08006db0                OTG_HS_IRQHandler
                0x08006db0                I2C2_ER_IRQHandler
                0x08006db0                DMA2_Stream1_IRQHandler
                0x08006db0                CAN1_SCE_IRQHandler
                0x08006db0                FLASH_IRQHandler
                0x08006db0                DMA2_Stream4_IRQHandler
                0x08006db0                OTG_FS_IRQHandler
                0x08006db0                SPI3_IRQHandler
                0x08006db0                DMA1_Stream4_IRQHandler
                0x08006db0                I2C1_ER_IRQHandler
                0x08006db0                DMA2_Stream6_IRQHandler
 .text._ZnwjPv  0x08006db6       0x18 C:\Eclipse 2019\Workspace\rodos\Debug_STM32F4\librodos.a(hal_adc.o)
                0x08006db6                operator new(unsigned int, void*)
 .text._ZN5RODOS7HAL_ADC15isWriteFinishedEv
                0x08006dce       0x16 C:\Eclipse 2019\Workspace\rodos\Debug_STM32F4\librodos.a(hal_adc.o)
                0x08006dce                RODOS::HAL_ADC::isWriteFinished()
 .text._ZN5RODOS7HAL_ADC14isReadFinishedEv
                0x08006de4       0x16 C:\Eclipse 2019\Workspace\rodos\Debug_STM32F4\librodos.a(hal_adc.o)
                0x08006de4                RODOS::HAL_ADC::isReadFinished()
 .text._ZN5RODOS10HW_HAL_ADCC2Ev
                0x08006dfa       0x16 C:\Eclipse 2019\Workspace\rodos\Debug_STM32F4\librodos.a(hal_adc.o)
                0x08006dfa                RODOS::HW_HAL_ADC::HW_HAL_ADC()
                0x08006dfa                RODOS::HW_HAL_ADC::HW_HAL_ADC()
 .text._ZN5RODOS10HW_HAL_ADCC2ENS_7ADC_IDXE
                0x08006e10       0x90 C:\Eclipse 2019\Workspace\rodos\Debug_STM32F4\librodos.a(hal_adc.o)
                0x08006e10                RODOS::HW_HAL_ADC::HW_HAL_ADC(RODOS::ADC_IDX)
                0x08006e10                RODOS::HW_HAL_ADC::HW_HAL_ADC(RODOS::ADC_IDX)
 .text._ZN5RODOS7HAL_ADCC2ENS_7ADC_IDXE
                0x08006ea0       0x64 C:\Eclipse 2019\Workspace\rodos\Debug_STM32F4\librodos.a(hal_adc.o)
                0x08006ea0                RODOS::HAL_ADC::HAL_ADC(RODOS::ADC_IDX)
                0x08006ea0                RODOS::HAL_ADC::HAL_ADC(RODOS::ADC_IDX)
 .text._ZN5RODOS7HAL_ADC5resetEv
                0x08006f04       0xae C:\Eclipse 2019\Workspace\rodos\Debug_STM32F4\librodos.a(hal_adc.o)
                0x08006f04                RODOS::HAL_ADC::reset()
 *fill*         0x08006fb2        0x2 
 .text._ZN5RODOS10HW_HAL_ADC20getChannelPropertiesENS_11ADC_CHANNELE
                0x08006fb4      0x37c C:\Eclipse 2019\Workspace\rodos\Debug_STM32F4\librodos.a(hal_adc.o)
                0x08006fb4                RODOS::HW_HAL_ADC::getChannelProperties(RODOS::ADC_CHANNEL)
 .text._Z41__static_initialization_and_destruction_0ii
                0x08007330       0x3c C:\Eclipse 2019\Workspace\rodos\Debug_STM32F4\librodos.a(hal_adc.o)
 .text._GLOBAL__sub_I__ZN5RODOS15adcContextArrayE
                0x0800736c       0x10 C:\Eclipse 2019\Workspace\rodos\Debug_STM32F4\librodos.a(hal_adc.o)
 .text._ZN5RODOS8HAL_GPIO15isWriteFinishedEv
                0x0800737c       0x16 C:\Eclipse 2019\Workspace\rodos\Debug_STM32F4\librodos.a(hal_gpio.o)
                0x0800737c                RODOS::HAL_GPIO::isWriteFinished()
 .text._ZN5RODOS8HAL_GPIO14isReadFinishedEv
                0x08007392       0x16 C:\Eclipse 2019\Workspace\rodos\Debug_STM32F4\librodos.a(hal_gpio.o)
                0x08007392                RODOS::HAL_GPIO::isReadFinished()
 .text.NVIC_EnableIRQ
                0x080073a8       0x34 C:\Eclipse 2019\Workspace\rodos\Debug_STM32F4\librodos.a(hal_gpio.o)
 .text.NVIC_ClearPendingIRQ
                0x080073dc       0x38 C:\Eclipse 2019\Workspace\rodos\Debug_STM32F4\librodos.a(hal_gpio.o)
 .text._ZN5RODOS17initEXTInterruptsEv
                0x08007414       0x54 C:\Eclipse 2019\Workspace\rodos\Debug_STM32F4\librodos.a(hal_gpio.o)
                0x08007414                RODOS::initEXTInterrupts()
 .text._ZN5RODOS11HW_HAL_GPIOC2ENS_8GPIO_PINEhb
                0x08007468       0x78 C:\Eclipse 2019\Workspace\rodos\Debug_STM32F4\librodos.a(hal_gpio.o)
                0x08007468                RODOS::HW_HAL_GPIO::HW_HAL_GPIO(RODOS::GPIO_PIN, unsigned char, bool)
                0x08007468                RODOS::HW_HAL_GPIO::HW_HAL_GPIO(RODOS::GPIO_PIN, unsigned char, bool)
 .text._ZN5RODOS11HW_HAL_GPIO10setPinMaskEv
                0x080074e0       0x7a C:\Eclipse 2019\Workspace\rodos\Debug_STM32F4\librodos.a(hal_gpio.o)
                0x080074e0                RODOS::HW_HAL_GPIO::setPinMask()
 *fill*         0x0800755a        0x2 
 .text._ZN5RODOS11HW_HAL_GPIO13EXTIRQHandlerEv
                0x0800755c       0x50 C:\Eclipse 2019\Workspace\rodos\Debug_STM32F4\librodos.a(hal_gpio.o)
                0x0800755c                RODOS::HW_HAL_GPIO::EXTIRQHandler()
 .text._ZN5RODOS11HW_HAL_GPIO17getGPIO_PinSourceEm
                0x080075ac       0x38 C:\Eclipse 2019\Workspace\rodos\Debug_STM32F4\librodos.a(hal_gpio.o)
                0x080075ac                RODOS::HW_HAL_GPIO::getGPIO_PinSource(unsigned long)
 .text._ZN5RODOS11HW_HAL_GPIO23getRCC_APB1Periph_GPIOxEP12GPIO_TypeDef
                0x080075e4       0xd4 C:\Eclipse 2019\Workspace\rodos\Debug_STM32F4\librodos.a(hal_gpio.o)
                0x080075e4                RODOS::HW_HAL_GPIO::getRCC_APB1Periph_GPIOx(GPIO_TypeDef*)
 .text._ZN5RODOS11HW_HAL_GPIO12getSTM32PortENS_8GPIO_PINE
                0x080076b8       0xa8 C:\Eclipse 2019\Workspace\rodos\Debug_STM32F4\librodos.a(hal_gpio.o)
                0x080076b8                RODOS::HW_HAL_GPIO::getSTM32Port(RODOS::GPIO_PIN)
 .text._ZN5RODOS11HW_HAL_GPIO11getSTM32PinENS_8GPIO_PINE
                0x08007760       0x24 C:\Eclipse 2019\Workspace\rodos\Debug_STM32F4\librodos.a(hal_gpio.o)
                0x08007760                RODOS::HW_HAL_GPIO::getSTM32Pin(RODOS::GPIO_PIN)
 .text._ZN5RODOS11HW_HAL_GPIO14configureAFPinENS_8GPIO_PINEh
                0x08007784       0x9e C:\Eclipse 2019\Workspace\rodos\Debug_STM32F4\librodos.a(hal_gpio.o)
                0x08007784                RODOS::HW_HAL_GPIO::configureAFPin(RODOS::GPIO_PIN, unsigned char)
 .text._ZN5RODOS11HW_HAL_GPIO8resetPinENS_8GPIO_PINE
                0x08007822       0x5e C:\Eclipse 2019\Workspace\rodos\Debug_STM32F4\librodos.a(hal_gpio.o)
                0x08007822                RODOS::HW_HAL_GPIO::resetPin(RODOS::GPIO_PIN)
 .text._ZN5RODOS8HAL_GPIOC2ENS_8GPIO_PINE
                0x08007880       0x5c C:\Eclipse 2019\Workspace\rodos\Debug_STM32F4\librodos.a(hal_gpio.o)
                0x08007880                RODOS::HAL_GPIO::HAL_GPIO(RODOS::GPIO_PIN)
                0x08007880                RODOS::HAL_GPIO::HAL_GPIO(RODOS::GPIO_PIN)
 .text._ZN5RODOS8HAL_GPIO4initEbmm
                0x080078dc       0x8e C:\Eclipse 2019\Workspace\rodos\Debug_STM32F4\librodos.a(hal_gpio.o)
                0x080078dc                RODOS::HAL_GPIO::init(bool, unsigned long, unsigned long)
 *fill*         0x0800796a        0x2 
 .text._ZN5RODOS8HAL_GPIO6configENS_13GPIO_CFG_TYPEEm
                0x0800796c      0x158 C:\Eclipse 2019\Workspace\rodos\Debug_STM32F4\librodos.a(hal_gpio.o)
                0x0800796c                RODOS::HAL_GPIO::config(RODOS::GPIO_CFG_TYPE, unsigned long)
 .text._ZN5RODOS8HAL_GPIO5resetEv
                0x08007ac4       0x26 C:\Eclipse 2019\Workspace\rodos\Debug_STM32F4\librodos.a(hal_gpio.o)
                0x08007ac4                RODOS::HAL_GPIO::reset()
 .text._ZN5RODOS8HAL_GPIO7setPinsEm
                0x08007aea       0x9c C:\Eclipse 2019\Workspace\rodos\Debug_STM32F4\librodos.a(hal_gpio.o)
                0x08007aea                RODOS::HAL_GPIO::setPins(unsigned long)
 .text._ZN5RODOS8HAL_GPIO11isDataReadyEv
                0x08007b86       0x1a C:\Eclipse 2019\Workspace\rodos\Debug_STM32F4\librodos.a(hal_gpio.o)
                0x08007b86                RODOS::HAL_GPIO::isDataReady()
 .text._ZN5RODOS8HAL_GPIO15interruptEnableEb
                0x08007ba0      0x17c C:\Eclipse 2019\Workspace\rodos\Debug_STM32F4\librodos.a(hal_gpio.o)
                0x08007ba0                RODOS::HAL_GPIO::interruptEnable(bool)
 .text._ZN5RODOS8HAL_GPIO25resetInterruptEventStatusEv
                0x08007d1c       0x1c C:\Eclipse 2019\Workspace\rodos\Debug_STM32F4\librodos.a(hal_gpio.o)
                0x08007d1c                RODOS::HAL_GPIO::resetInterruptEventStatus()
 .text.EXTI0_IRQHandler
                0x08007d38       0x24 C:\Eclipse 2019\Workspace\rodos\Debug_STM32F4\librodos.a(hal_gpio.o)
                0x08007d38                EXTI0_IRQHandler
 .text.EXTI1_IRQHandler
                0x08007d5c       0x24 C:\Eclipse 2019\Workspace\rodos\Debug_STM32F4\librodos.a(hal_gpio.o)
                0x08007d5c                EXTI1_IRQHandler
 .text.EXTI2_IRQHandler
                0x08007d80       0x24 C:\Eclipse 2019\Workspace\rodos\Debug_STM32F4\librodos.a(hal_gpio.o)
                0x08007d80                EXTI2_IRQHandler
 .text.EXTI3_IRQHandler
                0x08007da4       0x24 C:\Eclipse 2019\Workspace\rodos\Debug_STM32F4\librodos.a(hal_gpio.o)
                0x08007da4                EXTI3_IRQHandler
 .text.EXTI4_IRQHandler
                0x08007dc8       0x24 C:\Eclipse 2019\Workspace\rodos\Debug_STM32F4\librodos.a(hal_gpio.o)
                0x08007dc8                EXTI4_IRQHandler
 .text.EXTI9_5_IRQHandler
                0x08007dec       0x60 C:\Eclipse 2019\Workspace\rodos\Debug_STM32F4\librodos.a(hal_gpio.o)
                0x08007dec                EXTI9_5_IRQHandler
 .text.EXTI15_10_IRQHandler
                0x08007e4c       0x60 C:\Eclipse 2019\Workspace\rodos\Debug_STM32F4\librodos.a(hal_gpio.o)
                0x08007e4c                EXTI15_10_IRQHandler
 .text._ZN5RODOS10HW_HAL_I2CC2ENS_7I2C_IDXE
                0x08007eac       0x20 C:\Eclipse 2019\Workspace\rodos\Debug_STM32F4\librodos.a(hal_i2c.o)
                0x08007eac                RODOS::HW_HAL_I2C::HW_HAL_I2C(RODOS::I2C_IDX)
                0x08007eac                RODOS::HW_HAL_I2C::HW_HAL_I2C(RODOS::I2C_IDX)
 .text._ZN5RODOS10HW_HAL_I2CC2Ev
                0x08007ecc       0x16 C:\Eclipse 2019\Workspace\rodos\Debug_STM32F4\librodos.a(hal_i2c.o)
                0x08007ecc                RODOS::HW_HAL_I2C::HW_HAL_I2C()
                0x08007ecc                RODOS::HW_HAL_I2C::HW_HAL_I2C()
 *fill*         0x08007ee2        0x2 
 .text._ZN5RODOS7HAL_I2CC2ENS_7I2C_IDXENS_8GPIO_PINES2_
                0x08007ee4       0x90 C:\Eclipse 2019\Workspace\rodos\Debug_STM32F4\librodos.a(hal_i2c.o)
                0x08007ee4                RODOS::HAL_I2C::HAL_I2C(RODOS::I2C_IDX, RODOS::GPIO_PIN, RODOS::GPIO_PIN)
                0x08007ee4                RODOS::HAL_I2C::HAL_I2C(RODOS::I2C_IDX, RODOS::GPIO_PIN, RODOS::GPIO_PIN)
 .text._ZN5RODOS7HAL_I2C4initEm
                0x08007f74      0x110 C:\Eclipse 2019\Workspace\rodos\Debug_STM32F4\librodos.a(hal_i2c.o)
                0x08007f74                RODOS::HAL_I2C::init(unsigned long)
 .text._ZN5RODOS7HAL_I2C5resetEv
                0x08008084      0x170 C:\Eclipse 2019\Workspace\rodos\Debug_STM32F4\librodos.a(hal_i2c.o)
                0x08008084                RODOS::HAL_I2C::reset()
 .text._ZN5RODOS7HAL_I2C15isWriteFinishedEv
                0x080081f4       0x16 C:\Eclipse 2019\Workspace\rodos\Debug_STM32F4\librodos.a(hal_i2c.o)
                0x080081f4                RODOS::HAL_I2C::isWriteFinished()
 .text._ZN5RODOS7HAL_I2C14isReadFinishedEv
                0x0800820a       0x16 C:\Eclipse 2019\Workspace\rodos\Debug_STM32F4\librodos.a(hal_i2c.o)
                0x0800820a                RODOS::HAL_I2C::isReadFinished()
 .text._ZN5RODOS7HAL_I2C5writeEhPKhm
                0x08008220       0x62 C:\Eclipse 2019\Workspace\rodos\Debug_STM32F4\librodos.a(hal_i2c.o)
                0x08008220                RODOS::HAL_I2C::write(unsigned char, unsigned char const*, unsigned long)
 *fill*         0x08008282        0x2 
 .text._ZN5RODOS7HAL_I2C9writeReadEhPKhmPhm
                0x08008284      0x11c C:\Eclipse 2019\Workspace\rodos\Debug_STM32F4\librodos.a(hal_i2c.o)
                0x08008284                RODOS::HAL_I2C::writeRead(unsigned char, unsigned char const*, unsigned long, unsigned char*, unsigned long)
 .text._ZN5RODOS10HW_HAL_I2C15mstrWriteNoStopEhPKhm
                0x080083a0      0x13c C:\Eclipse 2019\Workspace\rodos\Debug_STM32F4\librodos.a(hal_i2c.o)
                0x080083a0                RODOS::HW_HAL_I2C::mstrWriteNoStop(unsigned char, unsigned char const*, unsigned long)
 .text._ZN5RODOS10HW_HAL_I2C9mstrWriteEhPKhm
                0x080084dc       0x4e C:\Eclipse 2019\Workspace\rodos\Debug_STM32F4\librodos.a(hal_i2c.o)
                0x080084dc                RODOS::HW_HAL_I2C::mstrWrite(unsigned char, unsigned char const*, unsigned long)
 *fill*         0x0800852a        0x2 
 .text._ZN5RODOS10HW_HAL_I2C5startEv
                0x0800852c       0xdc C:\Eclipse 2019\Workspace\rodos\Debug_STM32F4\librodos.a(hal_i2c.o)
                0x0800852c                RODOS::HW_HAL_I2C::start()
 .text._ZN5RODOS10HW_HAL_I2C4stopEv
                0x08008608       0x74 C:\Eclipse 2019\Workspace\rodos\Debug_STM32F4\librodos.a(hal_i2c.o)
                0x08008608                RODOS::HW_HAL_I2C::stop()
 .text._ZN5RODOS10HW_HAL_I2C8sendAddrEhh
                0x0800867c       0x9c C:\Eclipse 2019\Workspace\rodos\Debug_STM32F4\librodos.a(hal_i2c.o)
                0x0800867c                RODOS::HW_HAL_I2C::sendAddr(unsigned char, unsigned char)
 .text._ZN5RODOS10HW_HAL_I2C15mstrReadNoStartEhPhm
                0x08008718      0x5b0 C:\Eclipse 2019\Workspace\rodos\Debug_STM32F4\librodos.a(hal_i2c.o)
                0x08008718                RODOS::HW_HAL_I2C::mstrReadNoStart(unsigned char, unsigned char*, unsigned long)
 .text._ZN5RODOS10HW_HAL_I2C11initMembersEPNS_7HAL_I2CENS_7I2C_IDXENS_8GPIO_PINES4_
                0x08008cc8      0x114 C:\Eclipse 2019\Workspace\rodos\Debug_STM32F4\librodos.a(hal_i2c.o)
                0x08008cc8                RODOS::HW_HAL_I2C::initMembers(RODOS::HAL_I2C*, RODOS::I2C_IDX, RODOS::GPIO_PIN, RODOS::GPIO_PIN)
 .text._Z41__static_initialization_and_destruction_0ii
                0x08008ddc       0x3c C:\Eclipse 2019\Workspace\rodos\Debug_STM32F4\librodos.a(hal_i2c.o)
 .text._GLOBAL__sub_I__ZN5RODOS16I2C_contextArrayE
                0x08008e18       0x10 C:\Eclipse 2019\Workspace\rodos\Debug_STM32F4\librodos.a(hal_i2c.o)
 .text._ZN5RODOS7HAL_PWM15isWriteFinishedEv
                0x08008e28       0x16 C:\Eclipse 2019\Workspace\rodos\Debug_STM32F4\librodos.a(hal_pwm.o)
                0x08008e28                RODOS::HAL_PWM::isWriteFinished()
 *fill*         0x08008e3e        0x2 
 .text._ZN5RODOS7HAL_PWMC2ENS_7PWM_IDXE
                0x08008e40       0x48 C:\Eclipse 2019\Workspace\rodos\Debug_STM32F4\librodos.a(hal_pwm.o)
                0x08008e40                RODOS::HAL_PWM::HAL_PWM(RODOS::PWM_IDX)
                0x08008e40                RODOS::HAL_PWM::HAL_PWM(RODOS::PWM_IDX)
 .text._ZN5RODOS7HAL_PWM5resetEv
                0x08008e88      0x254 C:\Eclipse 2019\Workspace\rodos\Debug_STM32F4\librodos.a(hal_pwm.o)
                0x08008e88                RODOS::HAL_PWM::reset()
 .text._ZN5RODOS7HAL_PWM5writeEj
                0x080090dc      0x184 C:\Eclipse 2019\Workspace\rodos\Debug_STM32F4\librodos.a(hal_pwm.o)
                0x080090dc                RODOS::HAL_PWM::write(unsigned int)
 .text._ZN5RODOS10HW_HAL_PWMC2ENS_7PWM_IDXE
                0x08009260       0xd8 C:\Eclipse 2019\Workspace\rodos\Debug_STM32F4\librodos.a(hal_pwm.o)
                0x08009260                RODOS::HW_HAL_PWM::HW_HAL_PWM(RODOS::PWM_IDX)
                0x08009260                RODOS::HW_HAL_PWM::HW_HAL_PWM(RODOS::PWM_IDX)
 .text._ZN5RODOS10HW_HAL_SPIC2Ev
                0x08009338       0x16 C:\Eclipse 2019\Workspace\rodos\Debug_STM32F4\librodos.a(hal_spi.o)
                0x08009338                RODOS::HW_HAL_SPI::HW_HAL_SPI()
                0x08009338                RODOS::HW_HAL_SPI::HW_HAL_SPI()
 *fill*         0x0800934e        0x2 
 .text._ZN5RODOS10HW_HAL_SPIC2ENS_7SPI_IDXENS_8GPIO_PINES2_S2_
                0x08009350       0x58 C:\Eclipse 2019\Workspace\rodos\Debug_STM32F4\librodos.a(hal_spi.o)
                0x08009350                RODOS::HW_HAL_SPI::HW_HAL_SPI(RODOS::SPI_IDX, RODOS::GPIO_PIN, RODOS::GPIO_PIN, RODOS::GPIO_PIN)
                0x08009350                RODOS::HW_HAL_SPI::HW_HAL_SPI(RODOS::SPI_IDX, RODOS::GPIO_PIN, RODOS::GPIO_PIN, RODOS::GPIO_PIN)
 .text._ZN5RODOS10HW_HAL_SPI11initMembersENS_7SPI_IDXENS_8GPIO_PINES2_S2_
                0x080093a8      0x1c4 C:\Eclipse 2019\Workspace\rodos\Debug_STM32F4\librodos.a(hal_spi.o)
                0x080093a8                RODOS::HW_HAL_SPI::initMembers(RODOS::SPI_IDX, RODOS::GPIO_PIN, RODOS::GPIO_PIN, RODOS::GPIO_PIN)
 .text._ZN5RODOS10HW_HAL_SPI19waitOnTransferReadyEv
                0x0800956c       0xa2 C:\Eclipse 2019\Workspace\rodos\Debug_STM32F4\librodos.a(hal_spi.o)
                0x0800956c                RODOS::HW_HAL_SPI::waitOnTransferReady()
 *fill*         0x0800960e        0x2 
 .text._ZN5RODOS10HW_HAL_SPI11setBaudrateEm
                0x08009610      0x108 C:\Eclipse 2019\Workspace\rodos\Debug_STM32F4\librodos.a(hal_spi.o)
                0x08009610                RODOS::HW_HAL_SPI::setBaudrate(unsigned long)
 .text._ZN5RODOS7HAL_SPIC2ENS_7SPI_IDXENS_8GPIO_PINES2_S2_
                0x08009718       0x84 C:\Eclipse 2019\Workspace\rodos\Debug_STM32F4\librodos.a(hal_spi.o)
                0x08009718                RODOS::HAL_SPI::HAL_SPI(RODOS::SPI_IDX, RODOS::GPIO_PIN, RODOS::GPIO_PIN, RODOS::GPIO_PIN)
                0x08009718                RODOS::HAL_SPI::HAL_SPI(RODOS::SPI_IDX, RODOS::GPIO_PIN, RODOS::GPIO_PIN, RODOS::GPIO_PIN)
 .text._ZN5RODOS7HAL_SPI4initEmb
                0x0800979c      0x368 C:\Eclipse 2019\Workspace\rodos\Debug_STM32F4\librodos.a(hal_spi.o)
                0x0800979c                RODOS::HAL_SPI::init(unsigned long, bool)
 .text._ZN5RODOS7HAL_SPI5resetEv
                0x08009b04      0x16c C:\Eclipse 2019\Workspace\rodos\Debug_STM32F4\librodos.a(hal_spi.o)
                0x08009b04                RODOS::HAL_SPI::reset()
 .text._ZN5RODOS7HAL_SPI6configENS_18SPI_PARAMETER_TYPEEl
                0x08009c70       0xf0 C:\Eclipse 2019\Workspace\rodos\Debug_STM32F4\librodos.a(hal_spi.o)
                0x08009c70                RODOS::HAL_SPI::config(RODOS::SPI_PARAMETER_TYPE, long)
 .text._ZN5RODOS7HAL_SPI15isWriteFinishedEv
                0x08009d60       0x16 C:\Eclipse 2019\Workspace\rodos\Debug_STM32F4\librodos.a(hal_spi.o)
                0x08009d60                RODOS::HAL_SPI::isWriteFinished()
 .text._ZN5RODOS7HAL_SPI14isReadFinishedEv
                0x08009d76       0x16 C:\Eclipse 2019\Workspace\rodos\Debug_STM32F4\librodos.a(hal_spi.o)
                0x08009d76                RODOS::HAL_SPI::isReadFinished()
 .text._ZN5RODOS7HAL_SPI5writeEPKhm
                0x08009d8c      0x12c C:\Eclipse 2019\Workspace\rodos\Debug_STM32F4\librodos.a(hal_spi.o)
                0x08009d8c                RODOS::HAL_SPI::write(unsigned char const*, unsigned long)
 .text._ZN5RODOS7HAL_SPI4readEPhm
                0x08009eb8      0x128 C:\Eclipse 2019\Workspace\rodos\Debug_STM32F4\librodos.a(hal_spi.o)
                0x08009eb8                RODOS::HAL_SPI::read(unsigned char*, unsigned long)
 .text._ZN5RODOS7HAL_SPI9writeReadEPKhmPhm
                0x08009fe0      0x248 C:\Eclipse 2019\Workspace\rodos\Debug_STM32F4\librodos.a(hal_spi.o)
                0x08009fe0                RODOS::HAL_SPI::writeRead(unsigned char const*, unsigned long, unsigned char*, unsigned long)
 .text._Z41__static_initialization_and_destruction_0ii
                0x0800a228       0x3c C:\Eclipse 2019\Workspace\rodos\Debug_STM32F4\librodos.a(hal_spi.o)
 .text._GLOBAL__sub_I__ZN5RODOS10HW_HAL_SPI17DMA_InitStructureE
                0x0800a264       0x10 C:\Eclipse 2019\Workspace\rodos\Debug_STM32F4\librodos.a(hal_spi.o)
 .text._ZN5RODOS6Thread4initEv
                0x0800a274       0x14 C:\Eclipse 2019\Workspace\rodos\Debug_STM32F4\librodos.a(hal_uart.o)
                0x0800a274                RODOS::Thread::init()
 .text.NVIC_EnableIRQ
                0x0800a288       0x34 C:\Eclipse 2019\Workspace\rodos\Debug_STM32F4\librodos.a(hal_uart.o)
 .text.NVIC_DisableIRQ
                0x0800a2bc       0x38 C:\Eclipse 2019\Workspace\rodos\Debug_STM32F4\librodos.a(hal_uart.o)
 .text.NVIC_ClearPendingIRQ
                0x0800a2f4       0x38 C:\Eclipse 2019\Workspace\rodos\Debug_STM32F4\librodos.a(hal_uart.o)
 .text._ZN5RODOS14ReceiveTriggerC2Ev
                0x0800a32c       0x30 C:\Eclipse 2019\Workspace\rodos\Debug_STM32F4\librodos.a(hal_uart.o)
                0x0800a32c                RODOS::ReceiveTrigger::ReceiveTrigger()
                0x0800a32c                RODOS::ReceiveTrigger::ReceiveTrigger()
 .text._ZN5RODOS11HW_HAL_UARTC2Ev
                0x0800a35c       0x28 C:\Eclipse 2019\Workspace\rodos\Debug_STM32F4\librodos.a(hal_uart.o)
                0x0800a35c                RODOS::HW_HAL_UART::HW_HAL_UART()
                0x0800a35c                RODOS::HW_HAL_UART::HW_HAL_UART()
 *fill*         0x0800a384        0x4 
 .text._ZN5RODOS14ReceiveTrigger3runEv
                0x0800a388       0xbc C:\Eclipse 2019\Workspace\rodos\Debug_STM32F4\librodos.a(hal_uart.o)
                0x0800a388                RODOS::ReceiveTrigger::run()
 .text._ZN5RODOS8HAL_UARTC2ENS_8UART_IDXENS_8GPIO_PINES2_S2_S2_
                0x0800a444       0x8c C:\Eclipse 2019\Workspace\rodos\Debug_STM32F4\librodos.a(hal_uart.o)
                0x0800a444                RODOS::HAL_UART::HAL_UART(RODOS::UART_IDX, RODOS::GPIO_PIN, RODOS::GPIO_PIN, RODOS::GPIO_PIN, RODOS::GPIO_PIN)
                0x0800a444                RODOS::HAL_UART::HAL_UART(RODOS::UART_IDX, RODOS::GPIO_PIN, RODOS::GPIO_PIN, RODOS::GPIO_PIN, RODOS::GPIO_PIN)
 .text.USART1_IRQHandler
                0x0800a4d0       0x18 C:\Eclipse 2019\Workspace\rodos\Debug_STM32F4\librodos.a(hal_uart.o)
                0x0800a4d0                USART1_IRQHandler
 .text.USART2_IRQHandler
                0x0800a4e8       0x18 C:\Eclipse 2019\Workspace\rodos\Debug_STM32F4\librodos.a(hal_uart.o)
                0x0800a4e8                USART2_IRQHandler
 .text.USART3_IRQHandler
                0x0800a500       0x18 C:\Eclipse 2019\Workspace\rodos\Debug_STM32F4\librodos.a(hal_uart.o)
                0x0800a500                USART3_IRQHandler
 .text.UART4_IRQHandler
                0x0800a518       0x18 C:\Eclipse 2019\Workspace\rodos\Debug_STM32F4\librodos.a(hal_uart.o)
                0x0800a518                UART4_IRQHandler
 .text.UART5_IRQHandler
                0x0800a530       0x18 C:\Eclipse 2019\Workspace\rodos\Debug_STM32F4\librodos.a(hal_uart.o)
                0x0800a530                UART5_IRQHandler
 .text.USART6_IRQHandler
                0x0800a548       0x18 C:\Eclipse 2019\Workspace\rodos\Debug_STM32F4\librodos.a(hal_uart.o)
                0x0800a548                USART6_IRQHandler
 .text.DMA2_Stream7_IRQHandler
                0x0800a560       0x48 C:\Eclipse 2019\Workspace\rodos\Debug_STM32F4\librodos.a(hal_uart.o)
                0x0800a560                DMA2_Stream7_IRQHandler
 .text.DMA1_Stream6_IRQHandler
                0x0800a5a8       0x48 C:\Eclipse 2019\Workspace\rodos\Debug_STM32F4\librodos.a(hal_uart.o)
                0x0800a5a8                DMA1_Stream6_IRQHandler
 .text.DMA1_Stream3_IRQHandler
                0x0800a5f0       0x48 C:\Eclipse 2019\Workspace\rodos\Debug_STM32F4\librodos.a(hal_uart.o)
                0x0800a5f0                DMA1_Stream3_IRQHandler
 .text.DMA2_Stream5_IRQHandler
                0x0800a638       0x48 C:\Eclipse 2019\Workspace\rodos\Debug_STM32F4\librodos.a(hal_uart.o)
                0x0800a638                DMA2_Stream5_IRQHandler
 .text.DMA1_Stream5_IRQHandler
                0x0800a680       0x48 C:\Eclipse 2019\Workspace\rodos\Debug_STM32F4\librodos.a(hal_uart.o)
                0x0800a680                DMA1_Stream5_IRQHandler
 .text.DMA1_Stream1_IRQHandler
                0x0800a6c8       0x48 C:\Eclipse 2019\Workspace\rodos\Debug_STM32F4\librodos.a(hal_uart.o)
                0x0800a6c8                DMA1_Stream1_IRQHandler
 .text._ZN5RODOS8HAL_UART4initEj
                0x0800a710       0x3c C:\Eclipse 2019\Workspace\rodos\Debug_STM32F4\librodos.a(hal_uart.o)
                0x0800a710                RODOS::HAL_UART::init(unsigned int)
 .text._ZN5RODOS8HAL_UART6configENS_19UART_PARAMETER_TYPEEi
                0x0800a74c      0x1d4 C:\Eclipse 2019\Workspace\rodos\Debug_STM32F4\librodos.a(hal_uart.o)
                0x0800a74c                RODOS::HAL_UART::config(RODOS::UART_PARAMETER_TYPE, int)
 .text._ZN5RODOS8HAL_UART5resetEv
                0x0800a920       0xca C:\Eclipse 2019\Workspace\rodos\Debug_STM32F4\librodos.a(hal_uart.o)
                0x0800a920                RODOS::HAL_UART::reset()
 .text._ZN5RODOS8HAL_UART4readEPci
                0x0800a9ea       0xd6 C:\Eclipse 2019\Workspace\rodos\Debug_STM32F4\librodos.a(hal_uart.o)
                0x0800a9ea                RODOS::HAL_UART::read(char*, int)
 .text._ZN5RODOS8HAL_UART5writeEPKci
                0x0800aac0       0xf2 C:\Eclipse 2019\Workspace\rodos\Debug_STM32F4\librodos.a(hal_uart.o)
                0x0800aac0                RODOS::HAL_UART::write(char const*, int)
 .text._ZN5RODOS8HAL_UART13getcharNoWaitEv
                0x0800abb2       0x86 C:\Eclipse 2019\Workspace\rodos\Debug_STM32F4\librodos.a(hal_uart.o)
                0x0800abb2                RODOS::HAL_UART::getcharNoWait()
 .text._ZN5RODOS8HAL_UART13putcharNoWaitEc
                0x0800ac38       0xa8 C:\Eclipse 2019\Workspace\rodos\Debug_STM32F4\librodos.a(hal_uart.o)
                0x0800ac38                RODOS::HAL_UART::putcharNoWait(char)
 .text._ZN5RODOS8HAL_UART6statusENS_16UART_STATUS_TYPEE
                0x0800ace0       0x62 C:\Eclipse 2019\Workspace\rodos\Debug_STM32F4\librodos.a(hal_uart.o)
                0x0800ace0                RODOS::HAL_UART::status(RODOS::UART_STATUS_TYPE)
 .text._ZN5RODOS8HAL_UART15isWriteFinishedEv
                0x0800ad42       0x58 C:\Eclipse 2019\Workspace\rodos\Debug_STM32F4\librodos.a(hal_uart.o)
                0x0800ad42                RODOS::HAL_UART::isWriteFinished()
 .text._ZN5RODOS8HAL_UART11isDataReadyEv
                0x0800ad9a       0x3c C:\Eclipse 2019\Workspace\rodos\Debug_STM32F4\librodos.a(hal_uart.o)
                0x0800ad9a                RODOS::HAL_UART::isDataReady()
 .text._ZN5RODOS11HW_HAL_UART11initMembersEPNS_8HAL_UARTENS_8UART_IDXENS_8GPIO_PINES4_S4_S4_
                0x0800add6       0x74 C:\Eclipse 2019\Workspace\rodos\Debug_STM32F4\librodos.a(hal_uart.o)
                0x0800add6                RODOS::HW_HAL_UART::initMembers(RODOS::HAL_UART*, RODOS::UART_IDX, RODOS::GPIO_PIN, RODOS::GPIO_PIN, RODOS::GPIO_PIN, RODOS::GPIO_PIN)
 *fill*         0x0800ae4a        0x2 
 .text._ZN5RODOS11HW_HAL_UART12DMAConfigureEv
                0x0800ae4c      0x190 C:\Eclipse 2019\Workspace\rodos\Debug_STM32F4\librodos.a(hal_uart.o)
                0x0800ae4c                RODOS::HW_HAL_UART::DMAConfigure()
 .text._ZN5RODOS11HW_HAL_UART16DMAStartTransferEPvi
                0x0800afdc       0x54 C:\Eclipse 2019\Workspace\rodos\Debug_STM32F4\librodos.a(hal_uart.o)
                0x0800afdc                RODOS::HW_HAL_UART::DMAStartTransfer(void*, int)
 .text._ZN5RODOS11HW_HAL_UART15DMAStartReceiveEPvi
                0x0800b030       0x6c C:\Eclipse 2019\Workspace\rodos\Debug_STM32F4\librodos.a(hal_uart.o)
                0x0800b030                RODOS::HW_HAL_UART::DMAStartReceive(void*, int)
 .text._ZN5RODOS11HW_HAL_UART26DMATransmitFinishedHandlerEv
                0x0800b09c       0x88 C:\Eclipse 2019\Workspace\rodos\Debug_STM32F4\librodos.a(hal_uart.o)
                0x0800b09c                RODOS::HW_HAL_UART::DMATransmitFinishedHandler()
 .text._ZN5RODOS11HW_HAL_UART25DMAReceiveFinishedHandlerEv
                0x0800b124       0x70 C:\Eclipse 2019\Workspace\rodos\Debug_STM32F4\librodos.a(hal_uart.o)
                0x0800b124                RODOS::HW_HAL_UART::DMAReceiveFinishedHandler()
 .text._ZN5RODOS11HW_HAL_UART16SendTxBufWithDMAEv
                0x0800b194       0x44 C:\Eclipse 2019\Workspace\rodos\Debug_STM32F4\librodos.a(hal_uart.o)
                0x0800b194                RODOS::HW_HAL_UART::SendTxBufWithDMA()
 .text._ZN5RODOS11HW_HAL_UART22RceiveIntoRxBufWithDMAEv
                0x0800b1d8       0x66 C:\Eclipse 2019\Workspace\rodos\Debug_STM32F4\librodos.a(hal_uart.o)
                0x0800b1d8                RODOS::HW_HAL_UART::RceiveIntoRxBufWithDMA()
 *fill*         0x0800b23e        0x2 
 .text._ZN5RODOS14EnableDMAClockEv
                0x0800b240       0x34 C:\Eclipse 2019\Workspace\rodos\Debug_STM32F4\librodos.a(hal_uart.o)
                0x0800b240                RODOS::EnableDMAClock()
 .text._ZN5RODOS11HW_HAL_UART14UARTIRQHandlerEv
                0x0800b274      0x198 C:\Eclipse 2019\Workspace\rodos\Debug_STM32F4\librodos.a(hal_uart.o)
                0x0800b274                RODOS::HW_HAL_UART::UARTIRQHandler()
 .text._ZN5RODOS11HW_HAL_UART23getRCC_APBxPeriph_UARTxEv
                0x0800b40c       0x74 C:\Eclipse 2019\Workspace\rodos\Debug_STM32F4\librodos.a(hal_uart.o)
                0x0800b40c                RODOS::HW_HAL_UART::getRCC_APBxPeriph_UARTx()
 .text._ZN5RODOS11HW_HAL_UART16getGPIO_AF_UARTxEv
                0x0800b480       0x68 C:\Eclipse 2019\Workspace\rodos\Debug_STM32F4\librodos.a(hal_uart.o)
                0x0800b480                RODOS::HW_HAL_UART::getGPIO_AF_UARTx()
 .text._ZN5RODOS11HW_HAL_UART13getUARTx_IRQnEv
                0x0800b4e8       0x58 C:\Eclipse 2019\Workspace\rodos\Debug_STM32F4\librodos.a(hal_uart.o)
                0x0800b4e8                RODOS::HW_HAL_UART::getUARTx_IRQn()
 .text._ZN5RODOS11HW_HAL_UART8getUARTxEv
                0x0800b540       0x88 C:\Eclipse 2019\Workspace\rodos\Debug_STM32F4\librodos.a(hal_uart.o)
                0x0800b540                RODOS::HW_HAL_UART::getUARTx()
 .text._ZN5RODOS11HW_HAL_UART4initEj
                0x0800b5c8       0xf0 C:\Eclipse 2019\Workspace\rodos\Debug_STM32F4\librodos.a(hal_uart.o)
                0x0800b5c8                RODOS::HW_HAL_UART::init(unsigned int)
 .text._ZN5RODOS4FifoIhLi256EED2Ev
                0x0800b6b8       0x24 C:\Eclipse 2019\Workspace\rodos\Debug_STM32F4\librodos.a(hal_uart.o)
                0x0800b6b8                RODOS::Fifo<unsigned char, 256>::~Fifo()
                0x0800b6b8                RODOS::Fifo<unsigned char, 256>::~Fifo()
 .text._ZN5RODOS4FifoIhLi256EED0Ev
                0x0800b6dc       0x22 C:\Eclipse 2019\Workspace\rodos\Debug_STM32F4\librodos.a(hal_uart.o)
                0x0800b6dc                RODOS::Fifo<unsigned char, 256>::~Fifo()
 *fill*         0x0800b6fe        0x2 
 .text._ZN5RODOS9BlockFifoIhLi256EEC2Ev
                0x0800b700       0x24 C:\Eclipse 2019\Workspace\rodos\Debug_STM32F4\librodos.a(hal_uart.o)
                0x0800b700                RODOS::BlockFifo<unsigned char, 256>::BlockFifo()
                0x0800b700                RODOS::BlockFifo<unsigned char, 256>::BlockFifo()
 .text._ZN5RODOS9BlockFifoIhLi256EE15getBufferToReadERi
                0x0800b724       0x5e C:\Eclipse 2019\Workspace\rodos\Debug_STM32F4\librodos.a(hal_uart.o)
                0x0800b724                RODOS::BlockFifo<unsigned char, 256>::getBufferToRead(int&)
 .text._ZN5RODOS9BlockFifoIhLi256EE13readConcludedEi
                0x0800b782       0x2a C:\Eclipse 2019\Workspace\rodos\Debug_STM32F4\librodos.a(hal_uart.o)
                0x0800b782                RODOS::BlockFifo<unsigned char, 256>::readConcluded(int)
 .text._ZN5RODOS9BlockFifoIhLi256EE16getBufferToWriteERi
                0x0800b7ac       0x80 C:\Eclipse 2019\Workspace\rodos\Debug_STM32F4\librodos.a(hal_uart.o)
                0x0800b7ac                RODOS::BlockFifo<unsigned char, 256>::getBufferToWrite(int&)
 .text._ZN5RODOS9BlockFifoIhLi256EE14writeConcludedEi
                0x0800b82c       0x2a C:\Eclipse 2019\Workspace\rodos\Debug_STM32F4\librodos.a(hal_uart.o)
                0x0800b82c                RODOS::BlockFifo<unsigned char, 256>::writeConcluded(int)
 .text._ZN5RODOS4FifoIhLi256EE3getERh
                0x0800b856       0x58 C:\Eclipse 2019\Workspace\rodos\Debug_STM32F4\librodos.a(hal_uart.o)
                0x0800b856                RODOS::Fifo<unsigned char, 256>::get(unsigned char&)
 .text._ZN5RODOS4FifoIhLi256EE3putERKh
                0x0800b8ae       0x58 C:\Eclipse 2019\Workspace\rodos\Debug_STM32F4\librodos.a(hal_uart.o)
                0x0800b8ae                RODOS::Fifo<unsigned char, 256>::put(unsigned char const&)
 .text._ZN5RODOS4FifoIhLi256EE15getElementCountEv
                0x0800b906       0x3e C:\Eclipse 2019\Workspace\rodos\Debug_STM32F4\librodos.a(hal_uart.o)
                0x0800b906                RODOS::Fifo<unsigned char, 256>::getElementCount()
 .text._ZN5RODOS4FifoIhLi256EE7isEmptyEv
                0x0800b944       0x2a C:\Eclipse 2019\Workspace\rodos\Debug_STM32F4\librodos.a(hal_uart.o)
                0x0800b944                RODOS::Fifo<unsigned char, 256>::isEmpty()
 *fill*         0x0800b96e        0x2 
 .text._ZN5RODOS4FifoIhLi256EEC2Ev
                0x0800b970       0x34 C:\Eclipse 2019\Workspace\rodos\Debug_STM32F4\librodos.a(hal_uart.o)
                0x0800b970                RODOS::Fifo<unsigned char, 256>::Fifo()
                0x0800b970                RODOS::Fifo<unsigned char, 256>::Fifo()
 .text._ZN5RODOS9BlockFifoIhLi256EE14advanceIndexExEii
                0x0800b9a4       0x32 C:\Eclipse 2019\Workspace\rodos\Debug_STM32F4\librodos.a(hal_uart.o)
                0x0800b9a4                RODOS::BlockFifo<unsigned char, 256>::advanceIndexEx(int, int)
 .text._ZN5RODOS4FifoIhLi256EE12advanceIndexEi
                0x0800b9d6       0x24 C:\Eclipse 2019\Workspace\rodos\Debug_STM32F4\librodos.a(hal_uart.o)
                0x0800b9d6                RODOS::Fifo<unsigned char, 256>::advanceIndex(int)
 *fill*         0x0800b9fa        0x2 
 .text._ZN5RODOS9BlockFifoIhLi256EED2Ev
                0x0800b9fc       0x24 C:\Eclipse 2019\Workspace\rodos\Debug_STM32F4\librodos.a(hal_uart.o)
                0x0800b9fc                RODOS::BlockFifo<unsigned char, 256>::~BlockFifo()
                0x0800b9fc                RODOS::BlockFifo<unsigned char, 256>::~BlockFifo()
 .text._ZN5RODOS9BlockFifoIhLi256EED0Ev
                0x0800ba20       0x22 C:\Eclipse 2019\Workspace\rodos\Debug_STM32F4\librodos.a(hal_uart.o)
                0x0800ba20                RODOS::BlockFifo<unsigned char, 256>::~BlockFifo()
 *fill*         0x0800ba42        0x2 
 .text._ZN5RODOS14ReceiveTriggerD2Ev
                0x0800ba44       0x24 C:\Eclipse 2019\Workspace\rodos\Debug_STM32F4\librodos.a(hal_uart.o)
                0x0800ba44                RODOS::ReceiveTrigger::~ReceiveTrigger()
                0x0800ba44                RODOS::ReceiveTrigger::~ReceiveTrigger()
 .text._ZN5RODOS14ReceiveTriggerD0Ev
                0x0800ba68       0x20 C:\Eclipse 2019\Workspace\rodos\Debug_STM32F4\librodos.a(hal_uart.o)
                0x0800ba68                RODOS::ReceiveTrigger::~ReceiveTrigger()
 .text._ZN5RODOS11HW_HAL_UARTD2Ev
                0x0800ba88       0x28 C:\Eclipse 2019\Workspace\rodos\Debug_STM32F4\librodos.a(hal_uart.o)
                0x0800ba88                RODOS::HW_HAL_UART::~HW_HAL_UART()
                0x0800ba88                RODOS::HW_HAL_UART::~HW_HAL_UART()